Archive member included to satisfy reference by file (symbol)

/usr/local/Cellar/gcc-arm-none-eabi-83/20190709/bin/../lib/gcc/arm-none-eabi/8.3.1/thumb/v7e-m/nofp/libgcc.a(_aeabi_uldivmod.o)
                              ./build/firmware/at32f415_crm.o (__aeabi_uldivmod)
/usr/local/Cellar/gcc-arm-none-eabi-83/20190709/bin/../lib/gcc/arm-none-eabi/8.3.1/thumb/v7e-m/nofp/libgcc.a(_udivmoddi4.o)
                              /usr/local/Cellar/gcc-arm-none-eabi-83/20190709/bin/../lib/gcc/arm-none-eabi/8.3.1/thumb/v7e-m/nofp/libgcc.a(_aeabi_uldivmod.o) (__udivmoddi4)
/usr/local/Cellar/gcc-arm-none-eabi-83/20190709/bin/../lib/gcc/arm-none-eabi/8.3.1/thumb/v7e-m/nofp/libgcc.a(_dvmd_tls.o)
                              /usr/local/Cellar/gcc-arm-none-eabi-83/20190709/bin/../lib/gcc/arm-none-eabi/8.3.1/thumb/v7e-m/nofp/libgcc.a(_aeabi_uldivmod.o) (__aeabi_ldiv0)
/usr/local/Cellar/gcc-arm-none-eabi-83/20190709/bin/../lib/gcc/arm-none-eabi/8.3.1/../../../../arm-none-eabi/lib/thumb/v7e-m/nofp/libg_nano.a(lib_a-exit.o)
                              /usr/local/Cellar/gcc-arm-none-eabi-83/20190709/bin/../lib/gcc/arm-none-eabi/8.3.1/../../../../arm-none-eabi/lib/thumb/v7e-m/nofp/crt0.o (exit)
/usr/local/Cellar/gcc-arm-none-eabi-83/20190709/bin/../lib/gcc/arm-none-eabi/8.3.1/../../../../arm-none-eabi/lib/thumb/v7e-m/nofp/libg_nano.a(lib_a-impure.o)
                              /usr/local/Cellar/gcc-arm-none-eabi-83/20190709/bin/../lib/gcc/arm-none-eabi/8.3.1/../../../../arm-none-eabi/lib/thumb/v7e-m/nofp/libg_nano.a(lib_a-exit.o) (_global_impure_ptr)
/usr/local/Cellar/gcc-arm-none-eabi-83/20190709/bin/../lib/gcc/arm-none-eabi/8.3.1/../../../../arm-none-eabi/lib/thumb/v7e-m/nofp/libg_nano.a(lib_a-init.o)
                              /usr/local/Cellar/gcc-arm-none-eabi-83/20190709/bin/../lib/gcc/arm-none-eabi/8.3.1/../../../../arm-none-eabi/lib/thumb/v7e-m/nofp/crt0.o (__libc_init_array)
/usr/local/Cellar/gcc-arm-none-eabi-83/20190709/bin/../lib/gcc/arm-none-eabi/8.3.1/../../../../arm-none-eabi/lib/thumb/v7e-m/nofp/libg_nano.a(lib_a-memset.o)
                              /usr/local/Cellar/gcc-arm-none-eabi-83/20190709/bin/../lib/gcc/arm-none-eabi/8.3.1/../../../../arm-none-eabi/lib/thumb/v7e-m/nofp/crt0.o (memset)
/usr/local/Cellar/gcc-arm-none-eabi-83/20190709/bin/../lib/gcc/arm-none-eabi/8.3.1/../../../../arm-none-eabi/lib/thumb/v7e-m/nofp/libg_nano.a(lib_a-printf.o)
                              ./build/user/main.o (printf)
/usr/local/Cellar/gcc-arm-none-eabi-83/20190709/bin/../lib/gcc/arm-none-eabi/8.3.1/../../../../arm-none-eabi/lib/thumb/v7e-m/nofp/libg_nano.a(lib_a-putchar.o)
                              ./build/user/main.o (putchar)
/usr/local/Cellar/gcc-arm-none-eabi-83/20190709/bin/../lib/gcc/arm-none-eabi/8.3.1/../../../../arm-none-eabi/lib/thumb/v7e-m/nofp/libg_nano.a(lib_a-puts.o)
                              ./build/user/main.o (puts)
/usr/local/Cellar/gcc-arm-none-eabi-83/20190709/bin/../lib/gcc/arm-none-eabi/8.3.1/../../../../arm-none-eabi/lib/thumb/v7e-m/nofp/libg_nano.a(lib_a-wbuf.o)
                              /usr/local/Cellar/gcc-arm-none-eabi-83/20190709/bin/../lib/gcc/arm-none-eabi/8.3.1/../../../../arm-none-eabi/lib/thumb/v7e-m/nofp/libg_nano.a(lib_a-puts.o) (__swbuf_r)
/usr/local/Cellar/gcc-arm-none-eabi-83/20190709/bin/../lib/gcc/arm-none-eabi/8.3.1/../../../../arm-none-eabi/lib/thumb/v7e-m/nofp/libg_nano.a(lib_a-wsetup.o)
                              /usr/local/Cellar/gcc-arm-none-eabi-83/20190709/bin/../lib/gcc/arm-none-eabi/8.3.1/../../../../arm-none-eabi/lib/thumb/v7e-m/nofp/libg_nano.a(lib_a-puts.o) (__swsetup_r)
/usr/local/Cellar/gcc-arm-none-eabi-83/20190709/bin/../lib/gcc/arm-none-eabi/8.3.1/../../../../arm-none-eabi/lib/thumb/v7e-m/nofp/libg_nano.a(lib_a-fflush.o)
                              /usr/local/Cellar/gcc-arm-none-eabi-83/20190709/bin/../lib/gcc/arm-none-eabi/8.3.1/../../../../arm-none-eabi/lib/thumb/v7e-m/nofp/libg_nano.a(lib_a-wbuf.o) (_fflush_r)
/usr/local/Cellar/gcc-arm-none-eabi-83/20190709/bin/../lib/gcc/arm-none-eabi/8.3.1/../../../../arm-none-eabi/lib/thumb/v7e-m/nofp/libg_nano.a(lib_a-findfp.o)
                              /usr/local/Cellar/gcc-arm-none-eabi-83/20190709/bin/../lib/gcc/arm-none-eabi/8.3.1/../../../../arm-none-eabi/lib/thumb/v7e-m/nofp/libg_nano.a(lib_a-printf.o) (__sinit)
/usr/local/Cellar/gcc-arm-none-eabi-83/20190709/bin/../lib/gcc/arm-none-eabi/8.3.1/../../../../arm-none-eabi/lib/thumb/v7e-m/nofp/libg_nano.a(lib_a-fwalk.o)
                              /usr/local/Cellar/gcc-arm-none-eabi-83/20190709/bin/../lib/gcc/arm-none-eabi/8.3.1/../../../../arm-none-eabi/lib/thumb/v7e-m/nofp/libg_nano.a(lib_a-findfp.o) (_fwalk)
/usr/local/Cellar/gcc-arm-none-eabi-83/20190709/bin/../lib/gcc/arm-none-eabi/8.3.1/../../../../arm-none-eabi/lib/thumb/v7e-m/nofp/libg_nano.a(lib_a-lock.o)
[...]
Memory Configuration

Name             Origin             Length             Attributes
FLASH            0x0000000008000000 0x0000000000040000 xr
RAM              0x0000000020000000 0x0000000000008000 xrw
*default*        0x0000000000000000 0xffffffffffffffff

Linker script and memory map

LOAD /usr/local/Cellar/gcc-arm-none-eabi-83/20190709/bin/../lib/gcc/arm-none-eabi/8.3.1/thumb/v7e-m/nofp/crti.o
LOAD /usr/local/Cellar/gcc-arm-none-eabi-83/20190709/bin/../lib/gcc/arm-none-eabi/8.3.1/thumb/v7e-m/nofp/crtbegin.o
LOAD /usr/local/Cellar/gcc-arm-none-eabi-83/20190709/bin/../lib/gcc/arm-none-eabi/8.3.1/../../../../arm-none-eabi/lib/thumb/v7e-m/nofp/crt0.o
LOAD ./build/user/at32f415_clock.o
LOAD ./build/user/at32f415_int.o
LOAD ./build/user/main.o
LOAD ./build/firmware/at32f415_adc.o
LOAD ./build/firmware/at32f415_can.o
LOAD ./build/firmware/at32f415_cmp.o
LOAD ./build/firmware/at32f415_crc.o
LOAD ./build/firmware/at32f415_crm.o
LOAD ./build/firmware/at32f415_debug.o
LOAD ./build/firmware/at32f415_dma.o
LOAD ./build/firmware/at32f415_ertc.o
LOAD ./build/firmware/at32f415_exint.o
LOAD ./build/firmware/at32f415_flash.o
LOAD ./build/firmware/at32f415_gpio.o
LOAD ./build/firmware/at32f415_i2c.o
LOAD ./build/firmware/at32f415_misc.o
LOAD ./build/firmware/at32f415_pwc.o
LOAD ./build/firmware/at32f415_sdio.o
LOAD ./build/firmware/at32f415_spi.o
LOAD ./build/firmware/at32f415_tmr.o
LOAD ./build/firmware/at32f415_usart.o
LOAD ./build/firmware/at32f415_usb.o
LOAD ./build/firmware/at32f415_wdt.o
LOAD ./build/firmware/at32f415_wwdt.o
LOAD ./build/cmsis/startup_at32f415.o
LOAD ./build/cmsis/system_at32f415.o
LOAD ./build/bsp/at32f415_board.o
LOAD ./build/bsp/i2c.o
LOAD ./build/bsp/i2c_application.o
LOAD ./build/bsp/timer1.o
LOAD ./build/bsp/uid.o
START GROUP
LOAD /usr/local/Cellar/gcc-arm-none-eabi-83/20190709/bin/../lib/gcc/arm-none-eabi/8.3.1/thumb/v7e-m/nofp/libgcc.a
LOAD /usr/local/Cellar/gcc-arm-none-eabi-83/20190709/bin/../lib/gcc/arm-none-eabi/8.3.1/../../../../arm-none-eabi/lib/thumb/v7e-m/nofp/libg_nano.a
LOAD /usr/local/Cellar/gcc-arm-none-eabi-83/20190709/bin/../lib/gcc/arm-none-eabi/8.3.1/../../../../arm-none-eabi/lib/thumb/v7e-m/nofp/libc_nano.a
END GROUP
START GROUP
LOAD /usr/local/Cellar/gcc-arm-none-eabi-83/20190709/bin/../lib/gcc/arm-none-eabi/8.3.1/thumb/v7e-m/nofp/libgcc.a
LOAD /usr/local/Cellar/gcc-arm-none-eabi-83/20190709/bin/../lib/gcc/arm-none-eabi/8.3.1/../../../../arm-none-eabi/lib/thumb/v7e-m/nofp/libc_nano.a
LOAD /usr/local/Cellar/gcc-arm-none-eabi-83/20190709/bin/../lib/gcc/arm-none-eabi/8.3.1/../../../../arm-none-eabi/lib/thumb/v7e-m/nofp/libnosys.a
END GROUP
START GROUP
LOAD /usr/local/Cellar/gcc-arm-none-eabi-83/20190709/bin/../lib/gcc/arm-none-eabi/8.3.1/thumb/v7e-m/nofp/libgcc.a
LOAD /usr/local/Cellar/gcc-arm-none-eabi-83/20190709/bin/../lib/gcc/arm-none-eabi/8.3.1/../../../../arm-none-eabi/lib/thumb/v7e-m/nofp/libc_nano.a
LOAD /usr/local/Cellar/gcc-arm-none-eabi-83/20190709/bin/../lib/gcc/arm-none-eabi/8.3.1/../../../../arm-none-eabi/lib/thumb/v7e-m/nofp/libnosys.a
END GROUP
LOAD /usr/local/Cellar/gcc-arm-none-eabi-83/20190709/bin/../lib/gcc/arm-none-eabi/8.3.1/thumb/v7e-m/nofp/crtend.o
LOAD /usr/local/Cellar/gcc-arm-none-eabi-83/20190709/bin/../lib/gcc/arm-none-eabi/8.3.1/thumb/v7e-m/nofp/crtn.o
                0x0000000020008000                _estack = 0x20008000
                0x0000000000000200                _Min_Heap_Size = 0x200
                0x0000000000000400                _Min_Stack_Size = 0x400

.isr_vector     0x0000000008000000      0x170
                0x0000000008000000                . = ALIGN (0x4)
 *(.isr_vector)
 .isr_vector    0x0000000008000000      0x170 ./build/cmsis/startup_at32f415.o
                0x0000000008000000                g_pfnVectors
                0x0000000008000170                . = ALIGN (0x4)

.text           0x0000000008000170     0x3438
                0x0000000008000170                . = ALIGN (0x4)
 *(.text)
 .text          0x0000000008000170       0x40 /usr/local/Cellar/gcc-arm-none-eabi-83/20190709/bin/../lib/gcc/arm-none-eabi/8.3.1/thumb/v7e-m/nofp/crtbegin.o
 .text          0x00000000080001b0       0x30 /usr/local/Cellar/gcc-arm-none-eabi-83/20190709/bin/../lib/gcc/arm-none-eabi/8.3.1/thumb/v7e-m/nofp/libgcc.a(_aeabi_uldivmod.o)
                0x00000000080001b0                __aeabi_uldivmod
 .text          0x00000000080001e0      0x2d0 /usr/local/Cellar/gcc-arm-none-eabi-83/20190709/bin/../lib/gcc/arm-none-eabi/8.3.1/thumb/v7e-m/nofp/libgcc.a(_udivmoddi4.o)
                0x00000000080001e0                __udivmoddi4
 .text          0x00000000080004b0        0x4 /usr/local/Cellar/gcc-arm-none-eabi-83/20190709/bin/../lib/gcc/arm-none-eabi/8.3.1/thumb/v7e-m/nofp/libgcc.a(_dvmd_tls.o)
                0x00000000080004b0                __aeabi_ldiv0
                0x00000000080004b0                __aeabi_idiv0
 *fill*         0x00000000080004b4        0xc 
 .text          0x00000000080004c0       0xa0 /usr/local/Cellar/gcc-arm-none-eabi-83/20190709/bin/../lib/gcc/arm-none-eabi/8.3.1/../../../../arm-none-eabi/lib/thumb/v7e-m/nofp/libg_nano.a(lib_a-memchr.o)
                0x00000000080004c0                memchr
 *(.text*)
 .text.system_clock_config
                0x0000000008000560       0x84 ./build/user/at32f415_clock.o
                0x0000000008000560                system_clock_config
 .text.NMI_Handler
                0x00000000080005e4        0xc ./build/user/at32f415_int.o
                0x00000000080005e4                NMI_Handler
 .text.HardFault_Handler
                0x00000000080005f0        0x6 ./build/user/at32f415_int.o
                0x00000000080005f0                HardFault_Handler
 .text.MemManage_Handler
                0x00000000080005f6        0x6 ./build/user/at32f415_int.o
                0x00000000080005f6                MemManage_Handler
 .text.BusFault_Handler
                0x00000000080005fc        0x6 ./build/user/at32f415_int.o
                0x00000000080005fc                BusFault_Handler
 .text.UsageFault_Handler
                0x0000000008000602        0x6 ./build/user/at32f415_int.o
                0x0000000008000602                UsageFault_Handler
 .text.SVC_Handler
                0x0000000008000608        0xc ./build/user/at32f415_int.o
                0x0000000008000608                SVC_Handler
 .text.DebugMon_Handler
                0x0000000008000614        0xc ./build/user/at32f415_int.o
                0x0000000008000614                DebugMon_Handler
 .text.PendSV_Handler
                0x0000000008000620        0xc ./build/user/at32f415_int.o
                0x0000000008000620                PendSV_Handler
 .text.SysTick_Handler
                0x000000000800062c        0xc ./build/user/at32f415_int.o
                0x000000000800062c                SysTick_Handler
 .text.button_exint_init
                0x0000000008000638       0x50 ./build/user/main.o
                0x0000000008000638                button_exint_init
 .text.button_isr
                0x0000000008000688       0x48 ./build/user/main.o
                0x0000000008000688                button_isr
 .text.EXINT0_IRQHandler
                0x00000000080006d0        0xc ./build/user/main.o
                0x00000000080006d0                EXINT0_IRQHandler
 .text.error_handler
                0x00000000080006dc       0x24 ./build/user/main.o
                0x00000000080006dc                error_handler
 .text.main     0x0000000008000700       0x98 ./build/user/main.o
                0x0000000008000700                main
 .text.crm_reset
                0x0000000008000798       0x74 ./build/firmware/at32f415_crm.o
                0x0000000008000798                crm_reset
 .text.crm_flag_get
                0x000000000800080c       0x4e ./build/firmware/at32f415_crm.o
                0x000000000800080c                crm_flag_get
 .text.crm_hext_stable_wait
                0x000000000800085a       0x4a ./build/firmware/at32f415_crm.o
                0x000000000800085a                crm_hext_stable_wait
 .text.crm_periph_clock_enable
                0x00000000080008a4       0x7a ./build/firmware/at32f415_crm.o
                0x00000000080008a4                crm_periph_clock_enable
 .text.crm_periph_reset
                0x000000000800091e       0x7a ./build/firmware/at32f415_crm.o
                0x000000000800091e                crm_periph_reset
 .text.crm_clock_source_enable
                0x0000000008000998       0xa4 ./build/firmware/at32f415_crm.o
                0x0000000008000998                crm_clock_source_enable
 .text.crm_ahb_div_set
                0x0000000008000a3c       0x2c ./build/firmware/at32f415_crm.o
                0x0000000008000a3c                crm_ahb_div_set
 .text.crm_apb1_div_set
                0x0000000008000a68       0x2c ./build/firmware/at32f415_crm.o
                0x0000000008000a68                crm_apb1_div_set
 .text.crm_apb2_div_set
                0x0000000008000a94       0x2c ./build/firmware/at32f415_crm.o
                0x0000000008000a94                crm_apb2_div_set
 .text.crm_pll_config
                0x0000000008000ac0      0x15c ./build/firmware/at32f415_crm.o
                0x0000000008000ac0                crm_pll_config
 .text.crm_sysclk_switch
                0x0000000008000c1c       0x2c ./build/firmware/at32f415_crm.o
                0x0000000008000c1c                crm_sysclk_switch
 .text.crm_sysclk_switch_status_get
                0x0000000008000c48       0x1c ./build/firmware/at32f415_crm.o
                0x0000000008000c48                crm_sysclk_switch_status_get
 .text.crm_clocks_freq_get
                0x0000000008000c64      0x25c ./build/firmware/at32f415_crm.o
                0x0000000008000c64                crm_clocks_freq_get
 .text.crm_auto_step_mode_enable
                0x0000000008000ec0       0x34 ./build/firmware/at32f415_crm.o
                0x0000000008000ec0                crm_auto_step_mode_enable
 .text.exint_default_para_init
                0x0000000008000ef4       0x2a ./build/firmware/at32f415_exint.o
                0x0000000008000ef4                exint_default_para_init
 *fill*         0x0000000008000f1e        0x2 
 .text.exint_init
                0x0000000008000f20       0xc8 ./build/firmware/at32f415_exint.o
                0x0000000008000f20                exint_init
 .text.exint_flag_clear
                0x0000000008000fe8       0x1c ./build/firmware/at32f415_exint.o
                0x0000000008000fe8                exint_flag_clear
 .text.gpio_init
                0x0000000008001004      0x136 ./build/firmware/at32f415_gpio.o
                0x0000000008001004                gpio_init
 .text.gpio_default_para_init
                0x000000000800113a       0x32 ./build/firmware/at32f415_gpio.o
                0x000000000800113a                gpio_default_para_init
 .text.gpio_input_data_bit_read
                0x000000000800116c       0x34 ./build/firmware/at32f415_gpio.o
                0x000000000800116c                gpio_input_data_bit_read
 .text.gpio_pin_remap_config
                0x00000000080011a0       0x96 ./build/firmware/at32f415_gpio.o
                0x00000000080011a0                gpio_pin_remap_config
 *fill*         0x0000000008001236        0x2 
 .text.gpio_exint_line_config
                0x0000000008001238       0xf4 ./build/firmware/at32f415_gpio.o
                0x0000000008001238                gpio_exint_line_config
 .text.i2c_reset
                0x000000000800132c       0x54 ./build/firmware/at32f415_i2c.o
                0x000000000800132c                i2c_reset
 .text.i2c_init
                0x0000000008001380      0x170 ./build/firmware/at32f415_i2c.o
                0x0000000008001380                i2c_init
 .text.i2c_own_address1_set
                0x00000000080014f0       0x3e ./build/firmware/at32f415_i2c.o
                0x00000000080014f0                i2c_own_address1_set
 .text.i2c_enable
                0x000000000800152e       0x28 ./build/firmware/at32f415_i2c.o
                0x000000000800152e                i2c_enable
 .text.i2c_master_receive_ack_set
                0x0000000008001556       0x28 ./build/firmware/at32f415_i2c.o
                0x0000000008001556                i2c_master_receive_ack_set
 .text.i2c_start_generate
                0x000000000800157e       0x1c ./build/firmware/at32f415_i2c.o
                0x000000000800157e                i2c_start_generate
 .text.i2c_stop_generate
                0x000000000800159a       0x1c ./build/firmware/at32f415_i2c.o
                0x000000000800159a                i2c_stop_generate
 .text.i2c_7bit_address_send
                0x00000000080015b6       0x3a ./build/firmware/at32f415_i2c.o
                0x00000000080015b6                i2c_7bit_address_send
 .text.i2c_data_send
                0x00000000080015f0       0x1c ./build/firmware/at32f415_i2c.o
                0x00000000080015f0                i2c_data_send
 .text.i2c_flag_get
                0x000000000800160c       0x54 ./build/firmware/at32f415_i2c.o
                0x000000000800160c                i2c_flag_get
 .text.i2c_flag_clear
                0x0000000008001660       0x22 ./build/firmware/at32f415_i2c.o
                0x0000000008001660                i2c_flag_clear
 *fill*         0x0000000008001682        0x2 
 .text.__NVIC_SetPriorityGrouping
                0x0000000008001684       0x48 ./build/firmware/at32f415_misc.o
 .text.__NVIC_GetPriorityGrouping
                0x00000000080016cc       0x1c ./build/firmware/at32f415_misc.o
 .text.__NVIC_EnableIRQ
                0x00000000080016e8       0x38 ./build/firmware/at32f415_misc.o
 .text.__NVIC_SetPriority
                0x0000000008001720       0x54 ./build/firmware/at32f415_misc.o
 .text.NVIC_EncodePriority
                0x0000000008001774       0x64 ./build/firmware/at32f415_misc.o
 .text.nvic_irq_enable
                0x00000000080017d8       0x42 ./build/firmware/at32f415_misc.o
                0x00000000080017d8                nvic_irq_enable
 .text.nvic_priority_group_config
                0x000000000800181a       0x1a ./build/firmware/at32f415_misc.o
                0x000000000800181a                nvic_priority_group_config
 .text.systick_clock_source_config
                0x0000000008001834       0x38 ./build/firmware/at32f415_misc.o
                0x0000000008001834                systick_clock_source_config
 .text.tmr_counter_enable
                0x000000000800186c       0x28 ./build/firmware/at32f415_tmr.o
                0x000000000800186c                tmr_counter_enable
 .text.tmr_base_init
                0x0000000008001894       0x2c ./build/firmware/at32f415_tmr.o
                0x0000000008001894                tmr_base_init
 .text.tmr_cnt_dir_set
                0x00000000080018c0       0x28 ./build/firmware/at32f415_tmr.o
                0x00000000080018c0                tmr_cnt_dir_set
 .text.tmr_interrupt_enable
                0x00000000080018e8       0x40 ./build/firmware/at32f415_tmr.o
                0x00000000080018e8                tmr_interrupt_enable
 .text.tmr_flag_get
                0x0000000008001928       0x30 ./build/firmware/at32f415_tmr.o
                0x0000000008001928                tmr_flag_get
 .text.tmr_flag_clear
                0x0000000008001958       0x1c ./build/firmware/at32f415_tmr.o
                0x0000000008001958                tmr_flag_clear
 .text.usart_init
                0x0000000008001974       0xbc ./build/firmware/at32f415_usart.o
                0x0000000008001974                usart_init
 .text.usart_enable
                0x0000000008001a30       0x28 ./build/firmware/at32f415_usart.o
                0x0000000008001a30                usart_enable
 .text.usart_transmitter_enable
                0x0000000008001a58       0x28 ./build/firmware/at32f415_usart.o
                0x0000000008001a58                usart_transmitter_enable
 .text.usart_data_transmit
                0x0000000008001a80       0x20 ./build/firmware/at32f415_usart.o
                0x0000000008001a80                usart_data_transmit
 .text.usart_flag_get
                0x0000000008001aa0       0x26 ./build/firmware/at32f415_usart.o
                0x0000000008001aa0                usart_flag_get
 *fill*         0x0000000008001ac6        0x2 
 .text.Reset_Handler
                0x0000000008001ac8       0x48 ./build/cmsis/startup_at32f415.o
                0x0000000008001ac8                Reset_Handler
 .text.Default_Handler
                0x0000000008001b10        0x2 ./build/cmsis/startup_at32f415.o
                0x0000000008001b10                DMA2_Channel3_IRQHandler
                0x0000000008001b10                EXINT2_IRQHandler
                0x0000000008001b10                I2C2_EVT_IRQHandler
                0x0000000008001b10                I2C1_ERR_IRQHandler
                0x0000000008001b10                EXINT9_5_IRQHandler
                0x0000000008001b10                TMR5_GLOBAL_IRQHandler
                0x0000000008001b10                CMP2_IRQHandler
                0x0000000008001b10                ERTC_IRQHandler
                0x0000000008001b10                CAN1_RX0_IRQHandler
                0x0000000008001b10                SPI1_IRQHandler
                0x0000000008001b10                TAMPER_IRQHandler
                0x0000000008001b10                OTGFS1_IRQHandler
                0x0000000008001b10                CMP1_IRQHandler
                0x0000000008001b10                DMA2_Channel2_IRQHandler
                0x0000000008001b10                DMA1_Channel4_IRQHandler
                0x0000000008001b10                ADC1_IRQHandler
                0x0000000008001b10                USART3_IRQHandler
                0x0000000008001b10                DMA1_Channel7_IRQHandler
                0x0000000008001b10                CAN1_RX1_IRQHandler
                0x0000000008001b10                UART5_IRQHandler
                0x0000000008001b10                DMA2_Channel1_IRQHandler
                0x0000000008001b10                EXINT3_IRQHandler
                0x0000000008001b10                DMA1_Channel6_IRQHandler
                0x0000000008001b10                UART4_IRQHandler
                0x0000000008001b10                ERTCAlarm_IRQHandler
                0x0000000008001b10                DMA1_Channel1_IRQHandler
                0x0000000008001b10                Default_Handler
                0x0000000008001b10                TMR3_GLOBAL_IRQHandler
                0x0000000008001b10                CAN1_SE_IRQHandler
                0x0000000008001b10                TMR1_BRK_TMR9_IRQHandler
                0x0000000008001b10                SPI2_IRQHandler
                0x0000000008001b10                TMR1_TRG_HALL_TMR11_IRQHandler
                0x0000000008001b10                CAN1_TX_IRQHandler
                0x0000000008001b10                DMA1_Channel5_IRQHandler
                0x0000000008001b10                TMR4_GLOBAL_IRQHandler
                0x0000000008001b10                EXINT4_IRQHandler
                0x0000000008001b10                DMA2_Channel6_7_IRQHandler
                0x0000000008001b10                PVM_IRQHandler
                0x0000000008001b10                DMA1_Channel3_IRQHandler
                0x0000000008001b10                I2C1_EVT_IRQHandler
                0x0000000008001b10                EXINT1_IRQHandler
                0x0000000008001b10                DMA2_Channel4_5_IRQHandler
                0x0000000008001b10                USART2_IRQHandler
                0x0000000008001b10                DMA1_Channel2_IRQHandler
                0x0000000008001b10                TMR2_GLOBAL_IRQHandler
                0x0000000008001b10                FLASH_IRQHandler
                0x0000000008001b10                I2C2_ERR_IRQHandler
                0x0000000008001b10                USART1_IRQHandler
                0x0000000008001b10                TMR1_CH_IRQHandler
                0x0000000008001b10                CRM_IRQHandler
                0x0000000008001b10                OTGFS1_WKUP_IRQHandler
                0x0000000008001b10                EXINT15_10_IRQHandler
                0x0000000008001b10                WWDT_IRQHandler
                0x0000000008001b10                SDIO1_IRQHandler
 *fill*         0x0000000008001b12        0x2 
 .text.SystemInit
                0x0000000008001b14       0xa8 ./build/cmsis/system_at32f415.o
                0x0000000008001b14                SystemInit
 .text.system_core_clock_update
                0x0000000008001bbc      0x1dc ./build/cmsis/system_at32f415.o
                0x0000000008001bbc                system_core_clock_update
 .text.__io_putchar
                0x0000000008001d98       0x34 ./build/bsp/at32f415_board.o
                0x0000000008001d98                __io_putchar
 .text._write   0x0000000008001dcc       0x38 ./build/bsp/at32f415_board.o
                0x0000000008001dcc                _write
 .text.uart_print_init
                0x0000000008001e04       0x78 ./build/bsp/at32f415_board.o
                0x0000000008001e04                uart_print_init
 .text.at32_board_init
                0x0000000008001e7c       0x50 ./build/bsp/at32f415_board.o
                0x0000000008001e7c                at32_board_init
 .text.at32_button_init
                0x0000000008001ecc       0x44 ./build/bsp/at32f415_board.o
                0x0000000008001ecc                at32_button_init
 .text.at32_led_init
                0x0000000008001f10       0x68 ./build/bsp/at32f415_board.o
                0x0000000008001f10                at32_led_init
 .text.at32_led_off
                0x0000000008001f78       0x44 ./build/bsp/at32f415_board.o
                0x0000000008001f78                at32_led_off
 .text.at32_led_toggle
                0x0000000008001fbc       0x50 ./build/bsp/at32f415_board.o
                0x0000000008001fbc                at32_led_toggle
 .text.delay_init
                0x000000000800200c       0x40 ./build/bsp/at32f415_board.o
                0x000000000800200c                delay_init
 .text.delay_ms
                0x000000000800204c       0x94 ./build/bsp/at32f415_board.o
                0x000000000800204c                delay_ms
 .text.i2c_lowlevel_init
                0x00000000080020e0       0xac ./build/bsp/i2c.o
                0x00000000080020e0                i2c_lowlevel_init
 .text.i2c_config
                0x000000000800218c       0x2c ./build/bsp/i2c_application.o
                0x000000000800218c                i2c_config
 .text.i2c_wait_flag
                0x00000000080021b8       0xe8 ./build/bsp/i2c_application.o
                0x00000000080021b8                i2c_wait_flag
 .text.my_i2c_master_transmit
                0x00000000080022a0      0x110 ./build/bsp/i2c_application.o
                0x00000000080022a0                my_i2c_master_transmit
 .text.timer1_config
                0x00000000080023b0       0x7c ./build/bsp/timer1.o
                0x00000000080023b0                timer1_config
 .text.TMR1_OVF_TMR10_IRQHandler
                0x000000000800242c       0x24 ./build/bsp/timer1.o
                0x000000000800242c                TMR1_OVF_TMR10_IRQHandler
 .text.get_UID  0x0000000008002450       0x58 ./build/bsp/uid.o
                0x0000000008002450                get_UID
 .text.__libc_init_array
                0x00000000080024a8       0x48 /usr/local/Cellar/gcc-arm-none-eabi-83/20190709/bin/../lib/gcc/arm-none-eabi/8.3.1/../../../../arm-none-eabi/lib/thumb/v7e-m/nofp/libg_nano.a(lib_a-init.o)
                0x00000000080024a8                __libc_init_array
 .text.memset   0x00000000080024f0       0x10 /usr/local/Cellar/gcc-arm-none-eabi-83/20190709/bin/../lib/gcc/arm-none-eabi/8.3.1/../../../../arm-none-eabi/lib/thumb/v7e-m/nofp/libg_nano.a(lib_a-memset.o)
                0x00000000080024f0                memset
 .text.printf   0x0000000008002500       0x30 /usr/local/Cellar/gcc-arm-none-eabi-83/20190709/bin/../lib/gcc/arm-none-eabi/8.3.1/../../../../arm-none-eabi/lib/thumb/v7e-m/nofp/libg_nano.a(lib_a-printf.o)
                0x0000000008002500                printf
                0x0000000008002500                iprintf
 .text.putchar  0x0000000008002530       0x28 /usr/local/Cellar/gcc-arm-none-eabi-83/20190709/bin/../lib/gcc/arm-none-eabi/8.3.1/../../../../arm-none-eabi/lib/thumb/v7e-m/nofp/libg_nano.a(lib_a-putchar.o)
                0x0000000008002530                putchar
 .text._puts_r  0x0000000008002558       0xdc /usr/local/Cellar/gcc-arm-none-eabi-83/20190709/bin/../lib/gcc/arm-none-eabi/8.3.1/../../../../arm-none-eabi/lib/thumb/v7e-m/nofp/libg_nano.a(lib_a-puts.o)
                0x0000000008002558                _puts_r
 .text.puts     0x0000000008002634       0x10 /usr/local/Cellar/gcc-arm-none-eabi-83/20190709/bin/../lib/gcc/arm-none-eabi/8.3.1/../../../../arm-none-eabi/lib/thumb/v7e-m/nofp/libg_nano.a(lib_a-puts.o)
                0x0000000008002634                puts
 .text.__swbuf_r
                0x0000000008002644       0xa4 /usr/local/Cellar/gcc-arm-none-eabi-83/20190709/bin/../lib/gcc/arm-none-eabi/8.3.1/../../../../arm-none-eabi/lib/thumb/v7e-m/nofp/libg_nano.a(lib_a-wbuf.o)
                0x0000000008002644                __swbuf_r
 .text.__swsetup_r
                0x00000000080026e8       0xdc /usr/local/Cellar/gcc-arm-none-eabi-83/20190709/bin/../lib/gcc/arm-none-eabi/8.3.1/../../../../arm-none-eabi/lib/thumb/v7e-m/nofp/libg_nano.a(lib_a-wsetup.o)
                0x00000000080026e8                __swsetup_r
 .text.__sflush_r
                0x00000000080027c4      0x10c /usr/local/Cellar/gcc-arm-none-eabi-83/20190709/bin/../lib/gcc/arm-none-eabi/8.3.1/../../../../arm-none-eabi/lib/thumb/v7e-m/nofp/libg_nano.a(lib_a-fflush.o)
                0x00000000080027c4                __sflush_r
 .text._fflush_r
                0x00000000080028d0       0x78 /usr/local/Cellar/gcc-arm-none-eabi-83/20190709/bin/../lib/gcc/arm-none-eabi/8.3.1/../../../../arm-none-eabi/lib/thumb/v7e-m/nofp/libg_nano.a(lib_a-fflush.o)
                0x00000000080028d0                _fflush_r
 .text.std      0x0000000008002948       0x48 /usr/local/Cellar/gcc-arm-none-eabi-83/20190709/bin/../lib/gcc/arm-none-eabi/8.3.1/../../../../arm-none-eabi/lib/thumb/v7e-m/nofp/libg_nano.a(lib_a-findfp.o)
 .text._cleanup_r
                0x0000000008002990        0xc /usr/local/Cellar/gcc-arm-none-eabi-83/20190709/bin/../lib/gcc/arm-none-eabi/8.3.1/../../../../arm-none-eabi/lib/thumb/v7e-m/nofp/libg_nano.a(lib_a-findfp.o)
                0x0000000008002990                _cleanup_r
 .text.__sfmoreglue
                0x000000000800299c       0x2c /usr/local/Cellar/gcc-arm-none-eabi-83/20190709/bin/../lib/gcc/arm-none-eabi/8.3.1/../../../../arm-none-eabi/lib/thumb/v7e-m/nofp/libg_nano.a(lib_a-findfp.o)
                0x000000000800299c                __sfmoreglue
 .text.__sfp_lock_acquire
                0x00000000080029c8        0xc /usr/local/Cellar/gcc-arm-none-eabi-83/20190709/bin/../lib/gcc/arm-none-eabi/8.3.1/../../../../arm-none-eabi/lib/thumb/v7e-m/nofp/libg_nano.a(lib_a-findfp.o)
                0x00000000080029c8                __sfp_lock_acquire
 .text.__sfp_lock_release
                0x00000000080029d4        0xc /usr/local/Cellar/gcc-arm-none-eabi-83/20190709/bin/../lib/gcc/arm-none-eabi/8.3.1/../../../../arm-none-eabi/lib/thumb/v7e-m/nofp/libg_nano.a(lib_a-findfp.o)
                0x00000000080029d4                __sfp_lock_release
 .text.__sinit_lock_acquire
                0x00000000080029e0        0xc /usr/local/Cellar/gcc-arm-none-eabi-83/20190709/bin/../lib/gcc/arm-none-eabi/8.3.1/../../../../arm-none-eabi/lib/thumb/v7e-m/nofp/libg_nano.a(lib_a-findfp.o)
                0x00000000080029e0                __sinit_lock_acquire
 .text.__sinit_lock_release
                0x00000000080029ec        0xc /usr/local/Cellar/gcc-arm-none-eabi-83/20190709/bin/../lib/gcc/arm-none-eabi/8.3.1/../../../../arm-none-eabi/lib/thumb/v7e-m/nofp/libg_nano.a(lib_a-findfp.o)
                0x00000000080029ec                __sinit_lock_release
 .text.__sinit  0x00000000080029f8       0x70 /usr/local/Cellar/gcc-arm-none-eabi-83/20190709/bin/../lib/gcc/arm-none-eabi/8.3.1/../../../../arm-none-eabi/lib/thumb/v7e-m/nofp/libg_nano.a(lib_a-findfp.o)
                0x00000000080029f8                __sinit
 .text.__sfp    0x0000000008002a68       0x8c /usr/local/Cellar/gcc-arm-none-eabi-83/20190709/bin/../lib/gcc/arm-none-eabi/8.3.1/../../../../arm-none-eabi/lib/thumb/v7e-m/nofp/libg_nano.a(lib_a-findfp.o)
                0x0000000008002a68                __sfp
 .text._fwalk_reent
                0x0000000008002af4       0x3c /usr/local/Cellar/gcc-arm-none-eabi-83/20190709/bin/../lib/gcc/arm-none-eabi/8.3.1/../../../../arm-none-eabi/lib/thumb/v7e-m/nofp/libg_nano.a(lib_a-fwalk.o)
                0x0000000008002af4                _fwalk_reent
 .text.__retarget_lock_init_recursive
                0x0000000008002b30        0x2 /usr/local/Cellar/gcc-arm-none-eabi-83/20190709/bin/../lib/gcc/arm-none-eabi/8.3.1/../../../../arm-none-eabi/lib/thumb/v7e-m/nofp/libg_nano.a(lib_a-lock.o)
                0x0000000008002b30                __retarget_lock_init_recursive
 .text.__retarget_lock_acquire_recursive
                0x0000000008002b32        0x2 /usr/local/Cellar/gcc-arm-none-eabi-83/20190709/bin/../lib/gcc/arm-none-eabi/8.3.1/../../../../arm-none-eabi/lib/thumb/v7e-m/nofp/libg_nano.a(lib_a-lock.o)
                0x0000000008002b32                __retarget_lock_acquire_recursive
 .text.__retarget_lock_release_recursive
                0x0000000008002b34        0x2 /usr/local/Cellar/gcc-arm-none-eabi-83/20190709/bin/../lib/gcc/arm-none-eabi/8.3.1/../../../../arm-none-eabi/lib/thumb/v7e-m/nofp/libg_nano.a(lib_a-lock.o)
                0x0000000008002b34                __retarget_lock_release_recursive
 .text.__swhatbuf_r
                0x0000000008002b36       0x48 /usr/local/Cellar/gcc-arm-none-eabi-83/20190709/bin/../lib/gcc/arm-none-eabi/8.3.1/../../../../arm-none-eabi/lib/thumb/v7e-m/nofp/libg_nano.a(lib_a-makebuf.o)
                0x0000000008002b36                __swhatbuf_r
 *fill*         0x0000000008002b7e        0x2 
 .text.__smakebuf_r
                0x0000000008002b80       0x80 /usr/local/Cellar/gcc-arm-none-eabi-83/20190709/bin/../lib/gcc/arm-none-eabi/8.3.1/../../../../arm-none-eabi/lib/thumb/v7e-m/nofp/libg_nano.a(lib_a-makebuf.o)
                0x0000000008002b80                __smakebuf_r
 .text._free_r  0x0000000008002c00       0x9c /usr/local/Cellar/gcc-arm-none-eabi-83/20190709/bin/../lib/gcc/arm-none-eabi/8.3.1/../../../../arm-none-eabi/lib/thumb/v7e-m/nofp/libg_nano.a(lib_a-nano-freer.o)
                0x0000000008002c00                _free_r
 .text._malloc_r
                0x0000000008002c9c       0xb4 /usr/local/Cellar/gcc-arm-none-eabi-83/20190709/bin/../lib/gcc/arm-none-eabi/8.3.1/../../../../arm-none-eabi/lib/thumb/v7e-m/nofp/libg_nano.a(lib_a-nano-mallocr.o)
                0x0000000008002c9c                _malloc_r
 .text.__sfputc_r
                0x0000000008002d50       0x2a /usr/local/Cellar/gcc-arm-none-eabi-83/20190709/bin/../lib/gcc/arm-none-eabi/8.3.1/../../../../arm-none-eabi/lib/thumb/v7e-m/nofp/libg_nano.a(lib_a-nano-vfprintf.o)
 .text.__sfputs_r
                0x0000000008002d7a       0x24 /usr/local/Cellar/gcc-arm-none-eabi-83/20190709/bin/../lib/gcc/arm-none-eabi/8.3.1/../../../../arm-none-eabi/lib/thumb/v7e-m/nofp/libg_nano.a(lib_a-nano-vfprintf.o)
                0x0000000008002d7a                __sfputs_r
 *fill*         0x0000000008002d9e        0x2 
 .text._vfprintf_r
                0x0000000008002da0      0x250 /usr/local/Cellar/gcc-arm-none-eabi-83/20190709/bin/../lib/gcc/arm-none-eabi/8.3.1/../../../../arm-none-eabi/lib/thumb/v7e-m/nofp/libg_nano.a(lib_a-nano-vfprintf.o)
                0x0000000008002da0                _vfiprintf_r
                0x0000000008002da0                _vfprintf_r
 .text._printf_common
                0x0000000008002ff0       0xea /usr/local/Cellar/gcc-arm-none-eabi-83/20190709/bin/../lib/gcc/arm-none-eabi/8.3.1/../../../../arm-none-eabi/lib/thumb/v7e-m/nofp/libg_nano.a(lib_a-nano-vfprintf_i.o)
                0x0000000008002ff0                _printf_common
 *fill*         0x00000000080030da        0x2 
 .text._printf_i
                0x00000000080030dc      0x228 /usr/local/Cellar/gcc-arm-none-eabi-83/20190709/bin/../lib/gcc/arm-none-eabi/8.3.1/../../../../arm-none-eabi/lib/thumb/v7e-m/nofp/libg_nano.a(lib_a-nano-vfprintf_i.o)
                0x00000000080030dc                _printf_i
 .text._putc_r  0x0000000008003304       0x90 /usr/local/Cellar/gcc-arm-none-eabi-83/20190709/bin/../lib/gcc/arm-none-eabi/8.3.1/../../../../arm-none-eabi/lib/thumb/v7e-m/nofp/libg_nano.a(lib_a-putc.o)
                0x0000000008003304                _putc_r
 .text._sbrk_r  0x0000000008003394       0x20 /usr/local/Cellar/gcc-arm-none-eabi-83/20190709/bin/../lib/gcc/arm-none-eabi/8.3.1/../../../../arm-none-eabi/lib/thumb/v7e-m/nofp/libg_nano.a(lib_a-sbrkr.o)
                0x0000000008003394                _sbrk_r
 .text.__sread  0x00000000080033b4       0x22 /usr/local/Cellar/gcc-arm-none-eabi-83/20190709/bin/../lib/gcc/arm-none-eabi/8.3.1/../../../../arm-none-eabi/lib/thumb/v7e-m/nofp/libg_nano.a(lib_a-stdio.o)
                0x00000000080033b4                __sread
 .text.__swrite
                0x00000000080033d6       0x38 /usr/local/Cellar/gcc-arm-none-eabi-83/20190709/bin/../lib/gcc/arm-none-eabi/8.3.1/../../../../arm-none-eabi/lib/thumb/v7e-m/nofp/libg_nano.a(lib_a-stdio.o)
                0x00000000080033d6                __swrite
 .text.__sseek  0x000000000800340e       0x24 /usr/local/Cellar/gcc-arm-none-eabi-83/20190709/bin/../lib/gcc/arm-none-eabi/8.3.1/../../../../arm-none-eabi/lib/thumb/v7e-m/nofp/libg_nano.a(lib_a-stdio.o)
                0x000000000800340e                __sseek
 .text.__sclose
                0x0000000008003432        0x8 /usr/local/Cellar/gcc-arm-none-eabi-83/20190709/bin/../lib/gcc/arm-none-eabi/8.3.1/../../../../arm-none-eabi/lib/thumb/v7e-m/nofp/libg_nano.a(lib_a-stdio.o)
                0x0000000008003432                __sclose
 *fill*         0x000000000800343a        0x2 
 .text._write_r
                0x000000000800343c       0x24 /usr/local/Cellar/gcc-arm-none-eabi-83/20190709/bin/../lib/gcc/arm-none-eabi/8.3.1/../../../../arm-none-eabi/lib/thumb/v7e-m/nofp/libg_nano.a(lib_a-writer.o)
                0x000000000800343c                _write_r
 .text._close_r
                0x0000000008003460       0x20 /usr/local/Cellar/gcc-arm-none-eabi-83/20190709/bin/../lib/gcc/arm-none-eabi/8.3.1/../../../../arm-none-eabi/lib/thumb/v7e-m/nofp/libg_nano.a(lib_a-closer.o)
                0x0000000008003460                _close_r
 .text._fstat_r
                0x0000000008003480       0x24 /usr/local/Cellar/gcc-arm-none-eabi-83/20190709/bin/../lib/gcc/arm-none-eabi/8.3.1/../../../../arm-none-eabi/lib/thumb/v7e-m/nofp/libg_nano.a(lib_a-fstatr.o)
                0x0000000008003480                _fstat_r
 .text._isatty_r
                0x00000000080034a4       0x20 /usr/local/Cellar/gcc-arm-none-eabi-83/20190709/bin/../lib/gcc/arm-none-eabi/8.3.1/../../../../arm-none-eabi/lib/thumb/v7e-m/nofp/libg_nano.a(lib_a-isattyr.o)
                0x00000000080034a4                _isatty_r
 .text._lseek_r
                0x00000000080034c4       0x24 /usr/local/Cellar/gcc-arm-none-eabi-83/20190709/bin/../lib/gcc/arm-none-eabi/8.3.1/../../../../arm-none-eabi/lib/thumb/v7e-m/nofp/libg_nano.a(lib_a-lseekr.o)
                0x00000000080034c4                _lseek_r
 .text.__malloc_lock
                0x00000000080034e8        0xc /usr/local/Cellar/gcc-arm-none-eabi-83/20190709/bin/../lib/gcc/arm-none-eabi/8.3.1/../../../../arm-none-eabi/lib/thumb/v7e-m/nofp/libg_nano.a(lib_a-mlock.o)
                0x00000000080034e8                __malloc_lock
 .text.__malloc_unlock
                0x00000000080034f4        0xc /usr/local/Cellar/gcc-arm-none-eabi-83/20190709/bin/../lib/gcc/arm-none-eabi/8.3.1/../../../../arm-none-eabi/lib/thumb/v7e-m/nofp/libg_nano.a(lib_a-mlock.o)
                0x00000000080034f4                __malloc_unlock
 .text._read_r  0x0000000008003500       0x24 /usr/local/Cellar/gcc-arm-none-eabi-83/20190709/bin/../lib/gcc/arm-none-eabi/8.3.1/../../../../arm-none-eabi/lib/thumb/v7e-m/nofp/libg_nano.a(lib_a-readr.o)
                0x0000000008003500                _read_r
 .text._close   0x0000000008003524       0x10 /usr/local/Cellar/gcc-arm-none-eabi-83/20190709/bin/../lib/gcc/arm-none-eabi/8.3.1/../../../../arm-none-eabi/lib/thumb/v7e-m/nofp/libnosys.a(close.o)
                0x0000000008003524                _close
 .text._fstat   0x0000000008003534       0x10 /usr/local/Cellar/gcc-arm-none-eabi-83/20190709/bin/../lib/gcc/arm-none-eabi/8.3.1/../../../../arm-none-eabi/lib/thumb/v7e-m/nofp/libnosys.a(fstat.o)
                0x0000000008003534                _fstat
 .text._isatty  0x0000000008003544       0x10 /usr/local/Cellar/gcc-arm-none-eabi-83/20190709/bin/../lib/gcc/arm-none-eabi/8.3.1/../../../../arm-none-eabi/lib/thumb/v7e-m/nofp/libnosys.a(isatty.o)
                0x0000000008003544                _isatty
 .text._lseek   0x0000000008003554       0x10 /usr/local/Cellar/gcc-arm-none-eabi-83/20190709/bin/../lib/gcc/arm-none-eabi/8.3.1/../../../../arm-none-eabi/lib/thumb/v7e-m/nofp/libnosys.a(lseek.o)
                0x0000000008003554                _lseek
 .text._read    0x0000000008003564       0x10 /usr/local/Cellar/gcc-arm-none-eabi-83/20190709/bin/../lib/gcc/arm-none-eabi/8.3.1/../../../../arm-none-eabi/lib/thumb/v7e-m/nofp/libnosys.a(read.o)
                0x0000000008003564                _read
 .text._sbrk    0x0000000008003574       0x1c /usr/local/Cellar/gcc-arm-none-eabi-83/20190709/bin/../lib/gcc/arm-none-eabi/8.3.1/../../../../arm-none-eabi/lib/thumb/v7e-m/nofp/libnosys.a(sbrk.o)
                0x0000000008003574                _sbrk
 *(.glue_7)
 .glue_7        0x0000000008003590        0x0 linker stubs
 *(.glue_7t)
 .glue_7t       0x0000000008003590        0x0 linker stubs
 *(.eh_frame)
 .eh_frame      0x0000000008003590        0x0 /usr/local/Cellar/gcc-arm-none-eabi-83/20190709/bin/../lib/gcc/arm-none-eabi/8.3.1/thumb/v7e-m/nofp/crtbegin.o
 *(.init)
 .init          0x0000000008003590        0x4 /usr/local/Cellar/gcc-arm-none-eabi-83/20190709/bin/../lib/gcc/arm-none-eabi/8.3.1/thumb/v7e-m/nofp/crti.o
                0x0000000008003590                _init
 .init          0x0000000008003594        0x8 /usr/local/Cellar/gcc-arm-none-eabi-83/20190709/bin/../lib/gcc/arm-none-eabi/8.3.1/thumb/v7e-m/nofp/crtn.o
 *(.fini)
 .fini          0x000000000800359c        0x4 /usr/local/Cellar/gcc-arm-none-eabi-83/20190709/bin/../lib/gcc/arm-none-eabi/8.3.1/thumb/v7e-m/nofp/crti.o
                0x000000000800359c                _fini
 .fini          0x00000000080035a0        0x8 /usr/local/Cellar/gcc-arm-none-eabi-83/20190709/bin/../lib/gcc/arm-none-eabi/8.3.1/thumb/v7e-m/nofp/crtn.o
                0x00000000080035a8                . = ALIGN (0x4)
                0x00000000080035a8                _etext = .

.vfp11_veneer   0x00000000080035a8        0x0
 .vfp11_veneer  0x00000000080035a8        0x0 linker stubs

.v4_bx          0x00000000080035a8        0x0
 .v4_bx         0x00000000080035a8        0x0 linker stubs

.iplt           0x00000000080035a8        0x0
 .iplt          0x00000000080035a8        0x0 /usr/local/Cellar/gcc-arm-none-eabi-83/20190709/bin/../lib/gcc/arm-none-eabi/8.3.1/thumb/v7e-m/nofp/crtbegin.o

.rodata         0x00000000080035a8      0x160
                0x00000000080035a8                . = ALIGN (0x4)
 *(.rodata)
 .rodata        0x00000000080035a8       0x53 ./build/user/main.o
 *fill*         0x00000000080035fb        0x1 
 .rodata        0x00000000080035fc       0x28 ./build/firmware/at32f415_crm.o
 .rodata        0x0000000008003624       0x10 ./build/cmsis/system_at32f415.o
 .rodata        0x0000000008003634       0x3c ./build/bsp/i2c_application.o
 *(.rodata*)
 .rodata._global_impure_ptr
                0x0000000008003670        0x4 /usr/local/Cellar/gcc-arm-none-eabi-83/20190709/bin/../lib/gcc/arm-none-eabi/8.3.1/../../../../arm-none-eabi/lib/thumb/v7e-m/nofp/libg_nano.a(lib_a-impure.o)
                0x0000000008003670                _global_impure_ptr
 .rodata.__sf_fake_stderr
                0x0000000008003674       0x20 /usr/local/Cellar/gcc-arm-none-eabi-83/20190709/bin/../lib/gcc/arm-none-eabi/8.3.1/../../../../arm-none-eabi/lib/thumb/v7e-m/nofp/libg_nano.a(lib_a-findfp.o)
                0x0000000008003674                __sf_fake_stderr
 .rodata.__sf_fake_stdin
                0x0000000008003694       0x20 /usr/local/Cellar/gcc-arm-none-eabi-83/20190709/bin/../lib/gcc/arm-none-eabi/8.3.1/../../../../arm-none-eabi/lib/thumb/v7e-m/nofp/libg_nano.a(lib_a-findfp.o)
                0x0000000008003694                __sf_fake_stdin
 .rodata.__sf_fake_stdout
                0x00000000080036b4       0x20 /usr/local/Cellar/gcc-arm-none-eabi-83/20190709/bin/../lib/gcc/arm-none-eabi/8.3.1/../../../../arm-none-eabi/lib/thumb/v7e-m/nofp/libg_nano.a(lib_a-findfp.o)
                0x00000000080036b4                __sf_fake_stdout
 .rodata._vfprintf_r.str1.1
                0x00000000080036d4       0x11 /usr/local/Cellar/gcc-arm-none-eabi-83/20190709/bin/../lib/gcc/arm-none-eabi/8.3.1/../../../../arm-none-eabi/lib/thumb/v7e-m/nofp/libg_nano.a(lib_a-nano-vfprintf.o)
 .rodata._printf_i.str1.1
                0x00000000080036e5       0x22 /usr/local/Cellar/gcc-arm-none-eabi-83/20190709/bin/../lib/gcc/arm-none-eabi/8.3.1/../../../../arm-none-eabi/lib/thumb/v7e-m/nofp/libg_nano.a(lib_a-nano-vfprintf_i.o)
                0x0000000008003708                . = ALIGN (0x4)
 *fill*         0x0000000008003707        0x1 

.ARM.extab
 *(.ARM.extab* .gnu.linkonce.armextab.*)

.ARM            0x0000000008003708        0x8
                0x0000000008003708                __exidx_start = .
 *(.ARM.exidx*)
 .ARM.exidx     0x0000000008003708        0x8 /usr/local/Cellar/gcc-arm-none-eabi-83/20190709/bin/../lib/gcc/arm-none-eabi/8.3.1/thumb/v7e-m/nofp/libgcc.a(_udivmoddi4.o)
                0x0000000008003710                __exidx_end = .

.rel.dyn        0x0000000008003710        0x0
 .rel.iplt      0x0000000008003710        0x0 /usr/local/Cellar/gcc-arm-none-eabi-83/20190709/bin/../lib/gcc/arm-none-eabi/8.3.1/thumb/v7e-m/nofp/crtbegin.o

.preinit_array  0x0000000008003710        0x0
                0x0000000008003710                PROVIDE (__preinit_array_start = .)
 *(.preinit_array*)
                0x0000000008003710                PROVIDE (__preinit_array_end = .)

.init_array     0x0000000008003710        0x4
                0x0000000008003710                PROVIDE (__init_array_start = .)
 *(SORT_BY_NAME(.init_array.*))
 *(.init_array*)
 .init_array    0x0000000008003710        0x4 /usr/local/Cellar/gcc-arm-none-eabi-83/20190709/bin/../lib/gcc/arm-none-eabi/8.3.1/thumb/v7e-m/nofp/crtbegin.o
                0x0000000008003714                PROVIDE (__init_array_end = .)

.fini_array     0x0000000008003714        0x4
                [!provide]                        PROVIDE (__fini_array_start = .)
 *(SORT_BY_NAME(.fini_array.*))
 *(.fini_array*)
 .fini_array    0x0000000008003714        0x4 /usr/local/Cellar/gcc-arm-none-eabi-83/20190709/bin/../lib/gcc/arm-none-eabi/8.3.1/thumb/v7e-m/nofp/crtbegin.o
                [!provide]                        PROVIDE (__fini_array_end = .)
                0x0000000008003718                _sidata = LOADADDR (.data)

.data           0x0000000020000000       0x98 load address 0x0000000008003718
                0x0000000020000000                . = ALIGN (0x4)
                0x0000000020000000                _sdata = .
 *(.data)
 .data          0x0000000020000000        0xc ./build/user/main.o
                0x0000000020000000                g_speed
                0x0000000020000004                tx_buf
 .data          0x000000002000000c        0x4 ./build/cmsis/system_at32f415.o
                0x000000002000000c                system_core_clock
 .data          0x0000000020000010       0x21 ./build/bsp/at32f415_board.o
                0x0000000020000010                led_gpio_port
                0x000000002000001c                led_gpio_pin
                0x0000000020000024                led_gpio_crm_clk
 *(.data*)
 *fill*         0x0000000020000031        0x3 
 .data._impure_ptr
                0x0000000020000034        0x4 /usr/local/Cellar/gcc-arm-none-eabi-83/20190709/bin/../lib/gcc/arm-none-eabi/8.3.1/../../../../arm-none-eabi/lib/thumb/v7e-m/nofp/libg_nano.a(lib_a-impure.o)
                0x0000000020000034                _impure_ptr
 .data.impure_data
                0x0000000020000038       0x60 /usr/local/Cellar/gcc-arm-none-eabi-83/20190709/bin/../lib/gcc/arm-none-eabi/8.3.1/../../../../arm-none-eabi/lib/thumb/v7e-m/nofp/libg_nano.a(lib_a-impure.o)
                0x0000000020000098                . = ALIGN (0x4)
                0x0000000020000098                _edata = .

.igot.plt       0x0000000020000098        0x0 load address 0x00000000080037b0
 .igot.plt      0x0000000020000098        0x0 /usr/local/Cellar/gcc-arm-none-eabi-83/20190709/bin/../lib/gcc/arm-none-eabi/8.3.1/thumb/v7e-m/nofp/crtbegin.o
                0x0000000020000098                . = ALIGN (0x4)

.bss            0x0000000020000098       0x78 load address 0x00000000080037b0
                0x0000000020000098                _sbss = .
                0x0000000020000098                __bss_start__ = _sbss
 *(.bss)
 .bss           0x0000000020000098       0x1c /usr/local/Cellar/gcc-arm-none-eabi-83/20190709/bin/../lib/gcc/arm-none-eabi/8.3.1/thumb/v7e-m/nofp/crtbegin.o
 .bss           0x00000000200000b4        0x8 ./build/bsp/at32f415_board.o
 *(.bss*)
 .bss.__malloc_free_list
                0x00000000200000bc        0x4 /usr/local/Cellar/gcc-arm-none-eabi-83/20190709/bin/../lib/gcc/arm-none-eabi/8.3.1/../../../../arm-none-eabi/lib/thumb/v7e-m/nofp/libg_nano.a(lib_a-nano-mallocr.o)
                0x00000000200000bc                __malloc_free_list
 .bss.__malloc_sbrk_start
                0x00000000200000c0        0x4 /usr/local/Cellar/gcc-arm-none-eabi-83/20190709/bin/../lib/gcc/arm-none-eabi/8.3.1/../../../../arm-none-eabi/lib/thumb/v7e-m/nofp/libg_nano.a(lib_a-nano-mallocr.o)
                0x00000000200000c0                __malloc_sbrk_start
 .bss.heap_end.4194
                0x00000000200000c4        0x4 /usr/local/Cellar/gcc-arm-none-eabi-83/20190709/bin/../lib/gcc/arm-none-eabi/8.3.1/../../../../arm-none-eabi/lib/thumb/v7e-m/nofp/libnosys.a(sbrk.o)
 *(COMMON)
 COMMON         0x00000000200000c8       0x38 ./build/bsp/i2c.o
                0x00000000200000c8                hi2cx
 COMMON         0x0000000020000100        0x9 /usr/local/Cellar/gcc-arm-none-eabi-83/20190709/bin/../lib/gcc/arm-none-eabi/8.3.1/../../../../arm-none-eabi/lib/thumb/v7e-m/nofp/libg_nano.a(lib_a-lock.o)
                0x0000000020000100                __lock___atexit_recursive_mutex
                0x0000000020000101                __lock___arc4random_mutex
                0x0000000020000102                __lock___env_recursive_mutex
                0x0000000020000103                __lock___sinit_recursive_mutex
                0x0000000020000104                __lock___malloc_recursive_mutex
                0x0000000020000105                __lock___at_quick_exit_mutex
                0x0000000020000106                __lock___dd_hash_mutex
                0x0000000020000107                __lock___tz_mutex
                0x0000000020000108                __lock___sfp_recursive_mutex
 *fill*         0x0000000020000109        0x3 
 COMMON         0x000000002000010c        0x4 /usr/local/Cellar/gcc-arm-none-eabi-83/20190709/bin/../lib/gcc/arm-none-eabi/8.3.1/../../../../arm-none-eabi/lib/thumb/v7e-m/nofp/libg_nano.a(lib_a-reent.o)
                0x000000002000010c                errno
                0x0000000020000110                . = ALIGN (0x4)
                0x0000000020000110                _ebss = .
                0x0000000020000110                __bss_end__ = _ebss

._user_heap_stack
                0x0000000020000110      0x600 load address 0x00000000080037b0
                0x0000000020000110                . = ALIGN (0x8)
                0x0000000020000110                PROVIDE (end = .)
                [!provide]                        PROVIDE (_end = .)
                0x0000000020000310                . = (. + _Min_Heap_Size)
 *fill*         0x0000000020000110      0x200 
                0x0000000020000710                . = (. + _Min_Stack_Size)
 *fill*         0x0000000020000310      0x400 
                0x0000000020000710                . = ALIGN (0x8)

/DISCARD/
 libc.a(*)
 libm.a(*)
 libgcc.a(*)

.ARM.attributes
                0x0000000000000000       0x2a
 *(.ARM.attributes)
 .ARM.attributes
                0x0000000000000000       0x1e /usr/local/Cellar/gcc-arm-none-eabi-83/20190709/bin/../lib/gcc/arm-none-eabi/8.3.1/thumb/v7e-m/nofp/crti.o
 .ARM.attributes
                0x000000000000001e       0x2e /usr/local/Cellar/gcc-arm-none-eabi-83/20190709/bin/../lib/gcc/arm-none-eabi/8.3.1/thumb/v7e-m/nofp/crtbegin.o
 .ARM.attributes
                0x000000000000004c       0x2e ./build/user/at32f415_clock.o
 .ARM.attributes
                0x000000000000007a       0x2e ./build/user/at32f415_int.o
 .ARM.attributes
                0x00000000000000a8       0x2e ./build/user/main.o
 .ARM.attributes
                0x00000000000000d6       0x2e ./build/firmware/at32f415_crm.o
 .ARM.attributes
                0x0000000000000104       0x2e ./build/firmware/at32f415_exint.o
 .ARM.attributes
                0x0000000000000132       0x2e ./build/firmware/at32f415_gpio.o
 .ARM.attributes
                0x0000000000000160       0x2e ./build/firmware/at32f415_i2c.o
 .ARM.attributes
                0x000000000000018e       0x2e ./build/firmware/at32f415_misc.o
 .ARM.attributes
                0x00000000000001bc       0x2e ./build/firmware/at32f415_tmr.o
 .ARM.attributes
                0x00000000000001ea       0x2e ./build/firmware/at32f415_usart.o
 .ARM.attributes
                0x0000000000000218       0x21 ./build/cmsis/startup_at32f415.o
 .ARM.attributes
                0x0000000000000239       0x2e ./build/cmsis/system_at32f415.o
 .ARM.attributes
                0x0000000000000267       0x2e ./build/bsp/at32f415_board.o
 .ARM.attributes
                0x0000000000000295       0x2e ./build/bsp/i2c.o
 .ARM.attributes
                0x00000000000002c3       0x2e ./build/bsp/i2c_application.o
 .ARM.attributes
                0x00000000000002f1       0x2e ./build/bsp/timer1.o
 .ARM.attributes
                0x000000000000031f       0x2e ./build/bsp/uid.o
 .ARM.attributes
                0x000000000000034d       0x1e /usr/local/Cellar/gcc-arm-none-eabi-83/20190709/bin/../lib/gcc/arm-none-eabi/8.3.1/thumb/v7e-m/nofp/libgcc.a(_aeabi_uldivmod.o)
 .ARM.attributes
                0x000000000000036b       0x2e /usr/local/Cellar/gcc-arm-none-eabi-83/20190709/bin/../lib/gcc/arm-none-eabi/8.3.1/thumb/v7e-m/nofp/libgcc.a(_udivmoddi4.o)
 .ARM.attributes
                0x0000000000000399       0x1e /usr/local/Cellar/gcc-arm-none-eabi-83/20190709/bin/../lib/gcc/arm-none-eabi/8.3.1/thumb/v7e-m/nofp/libgcc.a(_dvmd_tls.o)
 .ARM.attributes
                0x00000000000003b7       0x2e /usr/local/Cellar/gcc-arm-none-eabi-83/20190709/bin/../lib/gcc/arm-none-eabi/8.3.1/../../../../arm-none-eabi/lib/thumb/v7e-m/nofp/libg_nano.a(lib_a-impure.o)
 .ARM.attributes
                0x00000000000003e5       0x2e /usr/local/Cellar/gcc-arm-none-eabi-83/20190709/bin/../lib/gcc/arm-none-eabi/8.3.1/../../../../arm-none-eabi/lib/thumb/v7e-m/nofp/libg_nano.a(lib_a-init.o)
 .ARM.attributes
                0x0000000000000413       0x2e /usr/local/Cellar/gcc-arm-none-eabi-83/20190709/bin/../lib/gcc/arm-none-eabi/8.3.1/../../../../arm-none-eabi/lib/thumb/v7e-m/nofp/libg_nano.a(lib_a-memset.o)
 .ARM.attributes
                0x0000000000000441       0x2e /usr/local/Cellar/gcc-arm-none-eabi-83/20190709/bin/../lib/gcc/arm-none-eabi/8.3.1/../../../../arm-none-eabi/lib/thumb/v7e-m/nofp/libg_nano.a(lib_a-printf.o)
 .ARM.attributes
                0x000000000000046f       0x2e /usr/local/Cellar/gcc-arm-none-eabi-83/20190709/bin/../lib/gcc/arm-none-eabi/8.3.1/../../../../arm-none-eabi/lib/thumb/v7e-m/nofp/libg_nano.a(lib_a-putchar.o)
 .ARM.attributes
                0x000000000000049d       0x2e /usr/local/Cellar/gcc-arm-none-eabi-83/20190709/bin/../lib/gcc/arm-none-eabi/8.3.1/../../../../arm-none-eabi/lib/thumb/v7e-m/nofp/libg_nano.a(lib_a-puts.o)
 .ARM.attributes
                0x00000000000004cb       0x2e /usr/local/Cellar/gcc-arm-none-eabi-83/20190709/bin/../lib/gcc/arm-none-eabi/8.3.1/../../../../arm-none-eabi/lib/thumb/v7e-m/nofp/libg_nano.a(lib_a-wbuf.o)
 .ARM.attributes
                0x00000000000004f9       0x2e /usr/local/Cellar/gcc-arm-none-eabi-83/20190709/bin/../lib/gcc/arm-none-eabi/8.3.1/../../../../arm-none-eabi/lib/thumb/v7e-m/nofp/libg_nano.a(lib_a-wsetup.o)
 .ARM.attributes
                0x0000000000000527       0x2e /usr/local/Cellar/gcc-arm-none-eabi-83/20190709/bin/../lib/gcc/arm-none-eabi/8.3.1/../../../../arm-none-eabi/lib/thumb/v7e-m/nofp/libg_nano.a(lib_a-fflush.o)
 .ARM.attributes
                0x0000000000000555       0x2e /usr/local/Cellar/gcc-arm-none-eabi-83/20190709/bin/../lib/gcc/arm-none-eabi/8.3.1/../../../../arm-none-eabi/lib/thumb/v7e-m/nofp/libg_nano.a(lib_a-findfp.o)
 .ARM.attributes
                0x0000000000000583       0x2e /usr/local/Cellar/gcc-arm-none-eabi-83/20190709/bin/../lib/gcc/arm-none-eabi/8.3.1/../../../../arm-none-eabi/lib/thumb/v7e-m/nofp/libg_nano.a(lib_a-fwalk.o)
 .ARM.attributes
                0x00000000000005b1       0x2e /usr/local/Cellar/gcc-arm-none-eabi-83/20190709/bin/../lib/gcc/arm-none-eabi/8.3.1/../../../../arm-none-eabi/lib/thumb/v7e-m/nofp/libg_nano.a(lib_a-lock.o)
 .ARM.attributes
                0x00000000000005df       0x2e /usr/local/Cellar/gcc-arm-none-eabi-83/20190709/bin/../lib/gcc/arm-none-eabi/8.3.1/../../../../arm-none-eabi/lib/thumb/v7e-m/nofp/libg_nano.a(lib_a-makebuf.o)
 .ARM.attributes
                0x000000000000060d       0x2e /usr/local/Cellar/gcc-arm-none-eabi-83/20190709/bin/../lib/gcc/arm-none-eabi/8.3.1/../../../../arm-none-eabi/lib/thumb/v7e-m/nofp/libg_nano.a(lib_a-nano-freer.o)
 .ARM.attributes
                0x000000000000063b       0x2e /usr/local/Cellar/gcc-arm-none-eabi-83/20190709/bin/../lib/gcc/arm-none-eabi/8.3.1/../../../../arm-none-eabi/lib/thumb/v7e-m/nofp/libg_nano.a(lib_a-nano-mallocr.o)
 .ARM.attributes
                0x0000000000000669       0x2e /usr/local/Cellar/gcc-arm-none-eabi-83/20190709/bin/../lib/gcc/arm-none-eabi/8.3.1/../../../../arm-none-eabi/lib/thumb/v7e-m/nofp/libg_nano.a(lib_a-nano-vfprintf.o)
 .ARM.attributes
                0x0000000000000697       0x2e /usr/local/Cellar/gcc-arm-none-eabi-83/20190709/bin/../lib/gcc/arm-none-eabi/8.3.1/../../../../arm-none-eabi/lib/thumb/v7e-m/nofp/libg_nano.a(lib_a-nano-vfprintf_i.o)
 .ARM.attributes
                0x00000000000006c5       0x2e /usr/local/Cellar/gcc-arm-none-eabi-83/20190709/bin/../lib/gcc/arm-none-eabi/8.3.1/../../../../arm-none-eabi/lib/thumb/v7e-m/nofp/libg_nano.a(lib_a-putc.o)
 .ARM.attributes
                0x00000000000006f3       0x2e /usr/local/Cellar/gcc-arm-none-eabi-83/20190709/bin/../lib/gcc/arm-none-eabi/8.3.1/../../../../arm-none-eabi/lib/thumb/v7e-m/nofp/libg_nano.a(lib_a-sbrkr.o)
 .ARM.attributes
                0x0000000000000721       0x2e /usr/local/Cellar/gcc-arm-none-eabi-83/20190709/bin/../lib/gcc/arm-none-eabi/8.3.1/../../../../arm-none-eabi/lib/thumb/v7e-m/nofp/libg_nano.a(lib_a-stdio.o)
 .ARM.attributes
                0x000000000000074f       0x2e /usr/local/Cellar/gcc-arm-none-eabi-83/20190709/bin/../lib/gcc/arm-none-eabi/8.3.1/../../../../arm-none-eabi/lib/thumb/v7e-m/nofp/libg_nano.a(lib_a-writer.o)
 .ARM.attributes
                0x000000000000077d       0x2e /usr/local/Cellar/gcc-arm-none-eabi-83/20190709/bin/../lib/gcc/arm-none-eabi/8.3.1/../../../../arm-none-eabi/lib/thumb/v7e-m/nofp/libg_nano.a(lib_a-closer.o)
 .ARM.attributes
                0x00000000000007ab       0x2e /usr/local/Cellar/gcc-arm-none-eabi-83/20190709/bin/../lib/gcc/arm-none-eabi/8.3.1/../../../../arm-none-eabi/lib/thumb/v7e-m/nofp/libg_nano.a(lib_a-fstatr.o)
 .ARM.attributes
                0x00000000000007d9       0x2e /usr/local/Cellar/gcc-arm-none-eabi-83/20190709/bin/../lib/gcc/arm-none-eabi/8.3.1/../../../../arm-none-eabi/lib/thumb/v7e-m/nofp/libg_nano.a(lib_a-isattyr.o)
 .ARM.attributes
                0x0000000000000807       0x2e /usr/local/Cellar/gcc-arm-none-eabi-83/20190709/bin/../lib/gcc/arm-none-eabi/8.3.1/../../../../arm-none-eabi/lib/thumb/v7e-m/nofp/libg_nano.a(lib_a-lseekr.o)
 .ARM.attributes
                0x0000000000000835       0x1c /usr/local/Cellar/gcc-arm-none-eabi-83/20190709/bin/../lib/gcc/arm-none-eabi/8.3.1/../../../../arm-none-eabi/lib/thumb/v7e-m/nofp/libg_nano.a(lib_a-memchr.o)
 .ARM.attributes
                0x0000000000000851       0x2e /usr/local/Cellar/gcc-arm-none-eabi-83/20190709/bin/../lib/gcc/arm-none-eabi/8.3.1/../../../../arm-none-eabi/lib/thumb/v7e-m/nofp/libg_nano.a(lib_a-mlock.o)
 .ARM.attributes
                0x000000000000087f       0x2e /usr/local/Cellar/gcc-arm-none-eabi-83/20190709/bin/../lib/gcc/arm-none-eabi/8.3.1/../../../../arm-none-eabi/lib/thumb/v7e-m/nofp/libg_nano.a(lib_a-readr.o)
 .ARM.attributes
                0x00000000000008ad       0x2e /usr/local/Cellar/gcc-arm-none-eabi-83/20190709/bin/../lib/gcc/arm-none-eabi/8.3.1/../../../../arm-none-eabi/lib/thumb/v7e-m/nofp/libg_nano.a(lib_a-reent.o)
 .ARM.attributes
                0x00000000000008db       0x2e /usr/local/Cellar/gcc-arm-none-eabi-83/20190709/bin/../lib/gcc/arm-none-eabi/8.3.1/../../../../arm-none-eabi/lib/thumb/v7e-m/nofp/libnosys.a(close.o)
 .ARM.attributes
                0x0000000000000909       0x2e /usr/local/Cellar/gcc-arm-none-eabi-83/20190709/bin/../lib/gcc/arm-none-eabi/8.3.1/../../../../arm-none-eabi/lib/thumb/v7e-m/nofp/libnosys.a(fstat.o)
 .ARM.attributes
                0x0000000000000937       0x2e /usr/local/Cellar/gcc-arm-none-eabi-83/20190709/bin/../lib/gcc/arm-none-eabi/8.3.1/../../../../arm-none-eabi/lib/thumb/v7e-m/nofp/libnosys.a(isatty.o)
 .ARM.attributes
                0x0000000000000965       0x2e /usr/local/Cellar/gcc-arm-none-eabi-83/20190709/bin/../lib/gcc/arm-none-eabi/8.3.1/../../../../arm-none-eabi/lib/thumb/v7e-m/nofp/libnosys.a(lseek.o)
 .ARM.attributes
                0x0000000000000993       0x2e /usr/local/Cellar/gcc-arm-none-eabi-83/20190709/bin/../lib/gcc/arm-none-eabi/8.3.1/../../../../arm-none-eabi/lib/thumb/v7e-m/nofp/libnosys.a(read.o)
 .ARM.attributes
                0x00000000000009c1       0x2e /usr/local/Cellar/gcc-arm-none-eabi-83/20190709/bin/../lib/gcc/arm-none-eabi/8.3.1/../../../../arm-none-eabi/lib/thumb/v7e-m/nofp/libnosys.a(sbrk.o)
 .ARM.attributes
                0x00000000000009ef       0x1e /usr/local/Cellar/gcc-arm-none-eabi-83/20190709/bin/../lib/gcc/arm-none-eabi/8.3.1/thumb/v7e-m/nofp/crtn.o
OUTPUT(attest415.elf elf32-littlearm)

.debug_info     0x0000000000000000    0x16730
 .debug_info    0x0000000000000000      0xd31 ./build/user/at32f415_clock.o
 .debug_info    0x0000000000000d31      0x144 ./build/user/at32f415_int.o
 .debug_info    0x0000000000000e75     0x2508 ./build/user/main.o
 .debug_info    0x000000000000337d     0x217f ./build/firmware/at32f415_crm.o
 .debug_info    0x00000000000054fc      0x536 ./build/firmware/at32f415_exint.o
 .debug_info    0x0000000000005a32     0x1b40 ./build/firmware/at32f415_gpio.o
 .debug_info    0x0000000000007572     0x10d7 ./build/firmware/at32f415_i2c.o
 .debug_info    0x0000000000008649      0x981 ./build/firmware/at32f415_misc.o
 .debug_info    0x0000000000008fca     0x25f1 ./build/firmware/at32f415_tmr.o
 .debug_info    0x000000000000b5bb      0xff1 ./build/firmware/at32f415_usart.o
 .debug_info    0x000000000000c5ac       0x22 ./build/cmsis/startup_at32f415.o
 .debug_info    0x000000000000c5ce     0x14df ./build/cmsis/system_at32f415.o
 .debug_info    0x000000000000daad     0x2b6a ./build/bsp/at32f415_board.o
 .debug_info    0x0000000000010617     0x2261 ./build/bsp/i2c.o
 .debug_info    0x0000000000012878     0x1979 ./build/bsp/i2c_application.o
 .debug_info    0x00000000000141f1     0x1b95 ./build/bsp/timer1.o
 .debug_info    0x0000000000015d86      0x9aa ./build/bsp/uid.o

.debug_abbrev   0x0000000000000000     0x2446
 .debug_abbrev  0x0000000000000000      0x1df ./build/user/at32f415_clock.o
 .debug_abbrev  0x00000000000001df       0x80 ./build/user/at32f415_int.o
 .debug_abbrev  0x000000000000025f      0x354 ./build/user/main.o
 .debug_abbrev  0x00000000000005b3      0x24f ./build/firmware/at32f415_crm.o
 .debug_abbrev  0x0000000000000802      0x17f ./build/firmware/at32f415_exint.o
 .debug_abbrev  0x0000000000000981      0x229 ./build/firmware/at32f415_gpio.o
 .debug_abbrev  0x0000000000000baa      0x266 ./build/firmware/at32f415_i2c.o
 .debug_abbrev  0x0000000000000e10      0x258 ./build/firmware/at32f415_misc.o
 .debug_abbrev  0x0000000000001068      0x20b ./build/firmware/at32f415_tmr.o
 .debug_abbrev  0x0000000000001273      0x24a ./build/firmware/at32f415_usart.o
 .debug_abbrev  0x00000000000014bd       0x12 ./build/cmsis/startup_at32f415.o
 .debug_abbrev  0x00000000000014cf      0x19a ./build/cmsis/system_at32f415.o
 .debug_abbrev  0x0000000000001669      0x3fa ./build/bsp/at32f415_board.o
 .debug_abbrev  0x0000000000001a63      0x2ba ./build/bsp/i2c.o
 .debug_abbrev  0x0000000000001d1d      0x2b1 ./build/bsp/i2c_application.o
 .debug_abbrev  0x0000000000001fce      0x291 ./build/bsp/timer1.o
 .debug_abbrev  0x000000000000225f      0x1e7 ./build/bsp/uid.o

.debug_aranges  0x0000000000000000      0x9d0
 .debug_aranges
                0x0000000000000000       0x20 ./build/user/at32f415_clock.o
 .debug_aranges
                0x0000000000000020       0x60 ./build/user/at32f415_int.o
 .debug_aranges
                0x0000000000000080       0x40 ./build/user/main.o
 .debug_aranges
                0x00000000000000c0      0x130 ./build/firmware/at32f415_crm.o
 .debug_aranges
                0x00000000000001f0       0x58 ./build/firmware/at32f415_exint.o
 .debug_aranges
                0x0000000000000248       0xa0 ./build/firmware/at32f415_gpio.o
 .debug_aranges
                0x00000000000002e8      0x108 ./build/firmware/at32f415_i2c.o
 .debug_aranges
                0x00000000000003f0       0x88 ./build/firmware/at32f415_misc.o
 .debug_aranges
                0x0000000000000478      0x1d0 ./build/firmware/at32f415_tmr.o
 .debug_aranges
                0x0000000000000648      0x100 ./build/firmware/at32f415_usart.o
 .debug_aranges
                0x0000000000000748       0x28 ./build/cmsis/startup_at32f415.o
 .debug_aranges
                0x0000000000000770       0x28 ./build/cmsis/system_at32f415.o
 .debug_aranges
                0x0000000000000798       0x90 ./build/bsp/at32f415_board.o
 .debug_aranges
                0x0000000000000828       0x20 ./build/bsp/i2c.o
 .debug_aranges
                0x0000000000000848      0x140 ./build/bsp/i2c_application.o
 .debug_aranges
                0x0000000000000988       0x28 ./build/bsp/timer1.o
 .debug_aranges
                0x00000000000009b0       0x20 ./build/bsp/uid.o

.debug_ranges   0x0000000000000000      0x8c8
 .debug_ranges  0x0000000000000000       0x10 ./build/user/at32f415_clock.o
 .debug_ranges  0x0000000000000010       0x50 ./build/user/at32f415_int.o
 .debug_ranges  0x0000000000000060       0x30 ./build/user/main.o
 .debug_ranges  0x0000000000000090      0x120 ./build/firmware/at32f415_crm.o
 .debug_ranges  0x00000000000001b0       0x48 ./build/firmware/at32f415_exint.o
 .debug_ranges  0x00000000000001f8       0x90 ./build/firmware/at32f415_gpio.o
 .debug_ranges  0x0000000000000288       0xf8 ./build/firmware/at32f415_i2c.o
 .debug_ranges  0x0000000000000380       0x78 ./build/firmware/at32f415_misc.o
 .debug_ranges  0x00000000000003f8      0x1c0 ./build/firmware/at32f415_tmr.o
 .debug_ranges  0x00000000000005b8       0xf0 ./build/firmware/at32f415_usart.o
 .debug_ranges  0x00000000000006a8       0x20 ./build/cmsis/startup_at32f415.o
 .debug_ranges  0x00000000000006c8       0x18 ./build/cmsis/system_at32f415.o
 .debug_ranges  0x00000000000006e0       0x80 ./build/bsp/at32f415_board.o
 .debug_ranges  0x0000000000000760       0x10 ./build/bsp/i2c.o
 .debug_ranges  0x0000000000000770      0x130 ./build/bsp/i2c_application.o
 .debug_ranges  0x00000000000008a0       0x18 ./build/bsp/timer1.o
 .debug_ranges  0x00000000000008b8       0x10 ./build/bsp/uid.o

.debug_line     0x0000000000000000     0x5b2d
 .debug_line    0x0000000000000000      0x259 ./build/user/at32f415_clock.o
 .debug_line    0x0000000000000259      0x259 ./build/user/at32f415_int.o
 .debug_line    0x00000000000004b2      0x3e0 ./build/user/main.o
 .debug_line    0x0000000000000892      0x980 ./build/firmware/at32f415_crm.o
 .debug_line    0x0000000000001212      0x354 ./build/firmware/at32f415_exint.o
 .debug_line    0x0000000000001566      0x5bd ./build/firmware/at32f415_gpio.o
 .debug_line    0x0000000000001b23      0x5b4 ./build/firmware/at32f415_i2c.o
 .debug_line    0x00000000000020d7      0x464 ./build/firmware/at32f415_misc.o
 .debug_line    0x000000000000253b      0xbb2 ./build/firmware/at32f415_tmr.o
 .debug_line    0x00000000000030ed      0x58d ./build/firmware/at32f415_usart.o
 .debug_line    0x000000000000367a       0x84 ./build/cmsis/startup_at32f415.o
 .debug_line    0x00000000000036fe      0x3a8 ./build/cmsis/system_at32f415.o
 .debug_line    0x0000000000003aa6      0x649 ./build/bsp/at32f415_board.o
 .debug_line    0x00000000000040ef      0x30a ./build/bsp/i2c.o
 .debug_line    0x00000000000043f9     0x121e ./build/bsp/i2c_application.o
 .debug_line    0x0000000000005617      0x2c9 ./build/bsp/timer1.o
 .debug_line    0x00000000000058e0      0x24d ./build/bsp/uid.o

.debug_str      0x0000000000000000     0x6d58
 .debug_str     0x0000000000000000      0xb2b ./build/user/at32f415_clock.o
                                        0xbc7 (size before relaxing)
 .debug_str     0x0000000000000b2b       0xb4 ./build/user/at32f415_int.o
                                        0x23f (size before relaxing)
 .debug_str     0x0000000000000bdf     0x18b2 ./build/user/main.o
                                       0x1b45 (size before relaxing)
 .debug_str     0x0000000000002491     0x124e ./build/firmware/at32f415_crm.o
                                       0x1d83 (size before relaxing)
 .debug_str     0x00000000000036df      0x17c ./build/firmware/at32f415_exint.o
                                        0x464 (size before relaxing)
 .debug_str     0x000000000000385b      0x714 ./build/firmware/at32f415_gpio.o
                                       0x108d (size before relaxing)
 .debug_str     0x0000000000003f6f      0x457 ./build/firmware/at32f415_i2c.o
                                        0xb7c (size before relaxing)
 .debug_str     0x00000000000043c6      0x3b8 ./build/firmware/at32f415_misc.o
                                        0x9de (size before relaxing)
 .debug_str     0x000000000000477e     0x17f6 ./build/firmware/at32f415_tmr.o
                                       0x1eb7 (size before relaxing)
 .debug_str     0x0000000000005f74      0x748 ./build/firmware/at32f415_usart.o
                                        0xc9f (size before relaxing)
 .debug_str     0x00000000000066bc       0x37 ./build/cmsis/startup_at32f415.o
                                         0x70 (size before relaxing)
 .debug_str     0x00000000000066f3       0x5e ./build/cmsis/system_at32f415.o
                                        0xa6f (size before relaxing)
 .debug_str     0x0000000000006751      0x163 ./build/bsp/at32f415_board.o
                                       0x18da (size before relaxing)
 .debug_str     0x00000000000068b4       0x44 ./build/bsp/i2c.o
                                       0x15eb (size before relaxing)
 .debug_str     0x00000000000068f8      0x3e2 ./build/bsp/i2c_application.o
                                        0xd44 (size before relaxing)
 .debug_str     0x0000000000006cda       0x5c ./build/bsp/timer1.o
                                       0x1164 (size before relaxing)
 .debug_str     0x0000000000006d36       0x22 ./build/bsp/uid.o
                                        0x5a2 (size before relaxing)

.comment        0x0000000000000000       0x76
 .comment       0x0000000000000000       0x76 ./build/user/at32f415_clock.o
                                         0x77 (size before relaxing)
 .comment       0x0000000000000076       0x77 ./build/user/at32f415_int.o
 .comment       0x0000000000000076       0x77 ./build/user/main.o
 .comment       0x0000000000000076       0x77 ./build/firmware/at32f415_crm.o
 .comment       0x0000000000000076       0x77 ./build/firmware/at32f415_exint.o
 .comment       0x0000000000000076       0x77 ./build/firmware/at32f415_gpio.o
 .comment       0x0000000000000076       0x77 ./build/firmware/at32f415_i2c.o
 .comment       0x0000000000000076       0x77 ./build/firmware/at32f415_misc.o
 .comment       0x0000000000000076       0x77 ./build/firmware/at32f415_tmr.o
 .comment       0x0000000000000076       0x77 ./build/firmware/at32f415_usart.o
 .comment       0x0000000000000076       0x77 ./build/cmsis/system_at32f415.o
 .comment       0x0000000000000076       0x77 ./build/bsp/at32f415_board.o
 .comment       0x0000000000000076       0x77 ./build/bsp/i2c.o
 .comment       0x0000000000000076       0x77 ./build/bsp/i2c_application.o
 .comment       0x0000000000000076       0x77 ./build/bsp/timer1.o
 .comment       0x0000000000000076       0x77 ./build/bsp/uid.o

.debug_frame    0x0000000000000000     0x31b4
 .debug_frame   0x0000000000000000       0x2c ./build/user/at32f415_clock.o
 .debug_frame   0x000000000000002c      0x110 ./build/user/at32f415_int.o
 .debug_frame   0x000000000000013c       0xac ./build/user/main.o
 .debug_frame   0x00000000000001e8      0x574 ./build/firmware/at32f415_crm.o
 .debug_frame   0x000000000000075c      0x148 ./build/firmware/at32f415_exint.o
 .debug_frame   0x00000000000008a4      0x2a8 ./build/firmware/at32f415_gpio.o
 .debug_frame   0x0000000000000b4c      0x4b8 ./build/firmware/at32f415_i2c.o
 .debug_frame   0x0000000000001004      0x210 ./build/firmware/at32f415_misc.o
 .debug_frame   0x0000000000001214      0x89c ./build/firmware/at32f415_tmr.o
 .debug_frame   0x0000000000001ab0      0x490 ./build/firmware/at32f415_usart.o
 .debug_frame   0x0000000000001f40       0x58 ./build/cmsis/system_at32f415.o
 .debug_frame   0x0000000000001f98      0x220 ./build/bsp/at32f415_board.o
 .debug_frame   0x00000000000021b8       0x34 ./build/bsp/i2c.o
 .debug_frame   0x00000000000021ec      0x564 ./build/bsp/i2c_application.o
 .debug_frame   0x0000000000002750       0x50 ./build/bsp/timer1.o
 .debug_frame   0x00000000000027a0       0x38 ./build/bsp/uid.o
 .debug_frame   0x00000000000027d8       0x2c /usr/local/Cellar/gcc-arm-none-eabi-83/20190709/bin/../lib/gcc/arm-none-eabi/8.3.1/thumb/v7e-m/nofp/libgcc.a(_aeabi_uldivmod.o)
 .debug_frame   0x0000000000002804       0x34 /usr/local/Cellar/gcc-arm-none-eabi-83/20190709/bin/../lib/gcc/arm-none-eabi/8.3.1/thumb/v7e-m/nofp/libgcc.a(_udivmoddi4.o)
 .debug_frame   0x0000000000002838       0x2c /usr/local/Cellar/gcc-arm-none-eabi-83/20190709/bin/../lib/gcc/arm-none-eabi/8.3.1/../../../../arm-none-eabi/lib/thumb/v7e-m/nofp/libg_nano.a(lib_a-init.o)
 .debug_frame   0x0000000000002864       0x20 /usr/local/Cellar/gcc-arm-none-eabi-83/20190709/bin/../lib/gcc/arm-none-eabi/8.3.1/../../../../arm-none-eabi/lib/thumb/v7e-m/nofp/libg_nano.a(lib_a-memset.o)
 .debug_frame   0x0000000000002884       0x74 /usr/local/Cellar/gcc-arm-none-eabi-83/20190709/bin/../lib/gcc/arm-none-eabi/8.3.1/../../../../arm-none-eabi/lib/thumb/v7e-m/nofp/libg_nano.a(lib_a-printf.o)
 .debug_frame   0x00000000000028f8       0x58 /usr/local/Cellar/gcc-arm-none-eabi-83/20190709/bin/../lib/gcc/arm-none-eabi/8.3.1/../../../../arm-none-eabi/lib/thumb/v7e-m/nofp/libg_nano.a(lib_a-putchar.o)
 .debug_frame   0x0000000000002950       0x3c /usr/local/Cellar/gcc-arm-none-eabi-83/20190709/bin/../lib/gcc/arm-none-eabi/8.3.1/../../../../arm-none-eabi/lib/thumb/v7e-m/nofp/libg_nano.a(lib_a-puts.o)
 .debug_frame   0x000000000000298c       0x40 /usr/local/Cellar/gcc-arm-none-eabi-83/20190709/bin/../lib/gcc/arm-none-eabi/8.3.1/../../../../arm-none-eabi/lib/thumb/v7e-m/nofp/libg_nano.a(lib_a-wbuf.o)
 .debug_frame   0x00000000000029cc       0x2c /usr/local/Cellar/gcc-arm-none-eabi-83/20190709/bin/../lib/gcc/arm-none-eabi/8.3.1/../../../../arm-none-eabi/lib/thumb/v7e-m/nofp/libg_nano.a(lib_a-wsetup.o)
 .debug_frame   0x00000000000029f8       0x5c /usr/local/Cellar/gcc-arm-none-eabi-83/20190709/bin/../lib/gcc/arm-none-eabi/8.3.1/../../../../arm-none-eabi/lib/thumb/v7e-m/nofp/libg_nano.a(lib_a-fflush.o)
 .debug_frame   0x0000000000002a54      0x14c /usr/local/Cellar/gcc-arm-none-eabi-83/20190709/bin/../lib/gcc/arm-none-eabi/8.3.1/../../../../arm-none-eabi/lib/thumb/v7e-m/nofp/libg_nano.a(lib_a-findfp.o)
 .debug_frame   0x0000000000002ba0       0x54 /usr/local/Cellar/gcc-arm-none-eabi-83/20190709/bin/../lib/gcc/arm-none-eabi/8.3.1/../../../../arm-none-eabi/lib/thumb/v7e-m/nofp/libg_nano.a(lib_a-fwalk.o)
 .debug_frame   0x0000000000002bf4       0xb0 /usr/local/Cellar/gcc-arm-none-eabi-83/20190709/bin/../lib/gcc/arm-none-eabi/8.3.1/../../../../arm-none-eabi/lib/thumb/v7e-m/nofp/libg_nano.a(lib_a-lock.o)
 .debug_frame   0x0000000000002ca4       0x58 /usr/local/Cellar/gcc-arm-none-eabi-83/20190709/bin/../lib/gcc/arm-none-eabi/8.3.1/../../../../arm-none-eabi/lib/thumb/v7e-m/nofp/libg_nano.a(lib_a-makebuf.o)
 .debug_frame   0x0000000000002cfc       0x38 /usr/local/Cellar/gcc-arm-none-eabi-83/20190709/bin/../lib/gcc/arm-none-eabi/8.3.1/../../../../arm-none-eabi/lib/thumb/v7e-m/nofp/libg_nano.a(lib_a-nano-freer.o)
 .debug_frame   0x0000000000002d34       0x30 /usr/local/Cellar/gcc-arm-none-eabi-83/20190709/bin/../lib/gcc/arm-none-eabi/8.3.1/../../../../arm-none-eabi/lib/thumb/v7e-m/nofp/libg_nano.a(lib_a-nano-mallocr.o)
 .debug_frame   0x0000000000002d64       0xac /usr/local/Cellar/gcc-arm-none-eabi-83/20190709/bin/../lib/gcc/arm-none-eabi/8.3.1/../../../../arm-none-eabi/lib/thumb/v7e-m/nofp/libg_nano.a(lib_a-nano-vfprintf.o)
 .debug_frame   0x0000000000002e10       0x60 /usr/local/Cellar/gcc-arm-none-eabi-83/20190709/bin/../lib/gcc/arm-none-eabi/8.3.1/../../../../arm-none-eabi/lib/thumb/v7e-m/nofp/libg_nano.a(lib_a-nano-vfprintf_i.o)
 .debug_frame   0x0000000000002e70       0x3c /usr/local/Cellar/gcc-arm-none-eabi-83/20190709/bin/../lib/gcc/arm-none-eabi/8.3.1/../../../../arm-none-eabi/lib/thumb/v7e-m/nofp/libg_nano.a(lib_a-putc.o)
 .debug_frame   0x0000000000002eac       0x2c /usr/local/Cellar/gcc-arm-none-eabi-83/20190709/bin/../lib/gcc/arm-none-eabi/8.3.1/../../../../arm-none-eabi/lib/thumb/v7e-m/nofp/libg_nano.a(lib_a-sbrkr.o)
 .debug_frame   0x0000000000002ed8       0x88 /usr/local/Cellar/gcc-arm-none-eabi-83/20190709/bin/../lib/gcc/arm-none-eabi/8.3.1/../../../../arm-none-eabi/lib/thumb/v7e-m/nofp/libg_nano.a(lib_a-stdio.o)
 .debug_frame   0x0000000000002f60       0x2c /usr/local/Cellar/gcc-arm-none-eabi-83/20190709/bin/../lib/gcc/arm-none-eabi/8.3.1/../../../../arm-none-eabi/lib/thumb/v7e-m/nofp/libg_nano.a(lib_a-writer.o)
 .debug_frame   0x0000000000002f8c       0x2c /usr/local/Cellar/gcc-arm-none-eabi-83/20190709/bin/../lib/gcc/arm-none-eabi/8.3.1/../../../../arm-none-eabi/lib/thumb/v7e-m/nofp/libg_nano.a(lib_a-closer.o)
 .debug_frame   0x0000000000002fb8       0x2c /usr/local/Cellar/gcc-arm-none-eabi-83/20190709/bin/../lib/gcc/arm-none-eabi/8.3.1/../../../../arm-none-eabi/lib/thumb/v7e-m/nofp/libg_nano.a(lib_a-fstatr.o)
 .debug_frame   0x0000000000002fe4       0x2c /usr/local/Cellar/gcc-arm-none-eabi-83/20190709/bin/../lib/gcc/arm-none-eabi/8.3.1/../../../../arm-none-eabi/lib/thumb/v7e-m/nofp/libg_nano.a(lib_a-isattyr.o)
 .debug_frame   0x0000000000003010       0x2c /usr/local/Cellar/gcc-arm-none-eabi-83/20190709/bin/../lib/gcc/arm-none-eabi/8.3.1/../../../../arm-none-eabi/lib/thumb/v7e-m/nofp/libg_nano.a(lib_a-lseekr.o)
 .debug_frame   0x000000000000303c       0x30 /usr/local/Cellar/gcc-arm-none-eabi-83/20190709/bin/../lib/gcc/arm-none-eabi/8.3.1/../../../../arm-none-eabi/lib/thumb/v7e-m/nofp/libg_nano.a(lib_a-mlock.o)
 .debug_frame   0x000000000000306c       0x2c /usr/local/Cellar/gcc-arm-none-eabi-83/20190709/bin/../lib/gcc/arm-none-eabi/8.3.1/../../../../arm-none-eabi/lib/thumb/v7e-m/nofp/libg_nano.a(lib_a-readr.o)
 .debug_frame   0x0000000000003098       0x5c /usr/local/Cellar/gcc-arm-none-eabi-83/20190709/bin/../lib/gcc/arm-none-eabi/8.3.1/../../../../arm-none-eabi/lib/thumb/v7e-m/nofp/libg_nano.a(lib_a-reent.o)
 .debug_frame   0x00000000000030f4       0x20 /usr/local/Cellar/gcc-arm-none-eabi-83/20190709/bin/../lib/gcc/arm-none-eabi/8.3.1/../../../../arm-none-eabi/lib/thumb/v7e-m/nofp/libnosys.a(close.o)
 .debug_frame   0x0000000000003114       0x20 /usr/local/Cellar/gcc-arm-none-eabi-83/20190709/bin/../lib/gcc/arm-none-eabi/8.3.1/../../../../arm-none-eabi/lib/thumb/v7e-m/nofp/libnosys.a(fstat.o)
 .debug_frame   0x0000000000003134       0x20 /usr/local/Cellar/gcc-arm-none-eabi-83/20190709/bin/../lib/gcc/arm-none-eabi/8.3.1/../../../../arm-none-eabi/lib/thumb/v7e-m/nofp/libnosys.a(isatty.o)
 .debug_frame   0x0000000000003154       0x20 /usr/local/Cellar/gcc-arm-none-eabi-83/20190709/bin/../lib/gcc/arm-none-eabi/8.3.1/../../../../arm-none-eabi/lib/thumb/v7e-m/nofp/libnosys.a(lseek.o)
 .debug_frame   0x0000000000003174       0x20 /usr/local/Cellar/gcc-arm-none-eabi-83/20190709/bin/../lib/gcc/arm-none-eabi/8.3.1/../../../../arm-none-eabi/lib/thumb/v7e-m/nofp/libnosys.a(read.o)
 .debug_frame   0x0000000000003194       0x20 /usr/local/Cellar/gcc-arm-none-eabi-83/20190709/bin/../lib/gcc/arm-none-eabi/8.3.1/../../../../arm-none-eabi/lib/thumb/v7e-m/nofp/libnosys.a(sbrk.o)

.stab           0x0000000000000000       0x84
 .stab          0x0000000000000000       0x24 /usr/local/Cellar/gcc-arm-none-eabi-83/20190709/bin/../lib/gcc/arm-none-eabi/8.3.1/../../../../arm-none-eabi/lib/thumb/v7e-m/nofp/libnosys.a(close.o)
 .stab          0x0000000000000024       0x18 /usr/local/Cellar/gcc-arm-none-eabi-83/20190709/bin/../lib/gcc/arm-none-eabi/8.3.1/../../../../arm-none-eabi/lib/thumb/v7e-m/nofp/libnosys.a(fstat.o)
                                         0x24 (size before relaxing)
 .stab          0x000000000000003c       0x18 /usr/local/Cellar/gcc-arm-none-eabi-83/20190709/bin/../lib/gcc/arm-none-eabi/8.3.1/../../../../arm-none-eabi/lib/thumb/v7e-m/nofp/libnosys.a(isatty.o)
                                         0x24 (size before relaxing)
 .stab          0x0000000000000054       0x18 /usr/local/Cellar/gcc-arm-none-eabi-83/20190709/bin/../lib/gcc/arm-none-eabi/8.3.1/../../../../arm-none-eabi/lib/thumb/v7e-m/nofp/libnosys.a(lseek.o)
                                         0x24 (size before relaxing)
 .stab          0x000000000000006c       0x18 /usr/local/Cellar/gcc-arm-none-eabi-83/20190709/bin/../lib/gcc/arm-none-eabi/8.3.1/../../../../arm-none-eabi/lib/thumb/v7e-m/nofp/libnosys.a(read.o)
                                         0x24 (size before relaxing)

.stabstr        0x0000000000000000      0x117
 .stabstr       0x0000000000000000      0x117 /usr/local/Cellar/gcc-arm-none-eabi-83/20190709/bin/../lib/gcc/arm-none-eabi/8.3.1/../../../../arm-none-eabi/lib/thumb/v7e-m/nofp/libnosys.a(close.o)
