Archive member included to satisfy reference by file (symbol)

/usr/lib/gcc/arm-none-eabi/10.3.1/thumb/v7e-m/nofp/libgcc.a(_aeabi_uldivmod.o)
                              ./firmware/at32f415_crm.o (__aeabi_uldivmod)
/usr/lib/gcc/arm-none-eabi/10.3.1/thumb/v7e-m/nofp/libgcc.a(_udivmoddi4.o)
                              /usr/lib/gcc/arm-none-eabi/10.3.1/thumb/v7e-m/nofp/libgcc.a(_aeabi_uldivmod.o) (__udivmoddi4)
/usr/lib/gcc/arm-none-eabi/10.3.1/thumb/v7e-m/nofp/libgcc.a(_dvmd_tls.o)
                              /usr/lib/gcc/arm-none-eabi/10.3.1/thumb/v7e-m/nofp/libgcc.a(_aeabi_uldivmod.o) (__aeabi_ldiv0)
/usr/lib/gcc/arm-none-eabi/10.3.1/../../../arm-none-eabi/lib/thumb/v7e-m/nofp/libg_nano.a(lib_a-atexit.o)
                              /usr/lib/gcc/arm-none-eabi/10.3.1/../../../arm-none-eabi/lib/thumb/v7e-m/nofp/crt0.o (atexit)
/usr/lib/gcc/arm-none-eabi/10.3.1/../../../arm-none-eabi/lib/thumb/v7e-m/nofp/libg_nano.a(lib_a-exit.o)
                              /usr/lib/gcc/arm-none-eabi/10.3.1/../../../arm-none-eabi/lib/thumb/v7e-m/nofp/crt0.o (exit)
/usr/lib/gcc/arm-none-eabi/10.3.1/../../../arm-none-eabi/lib/thumb/v7e-m/nofp/libg_nano.a(lib_a-fini.o)
                              /usr/lib/gcc/arm-none-eabi/10.3.1/../../../arm-none-eabi/lib/thumb/v7e-m/nofp/crt0.o (__libc_fini_array)
/usr/lib/gcc/arm-none-eabi/10.3.1/../../../arm-none-eabi/lib/thumb/v7e-m/nofp/libg_nano.a(lib_a-impure.o)
                              /usr/lib/gcc/arm-none-eabi/10.3.1/../../../arm-none-eabi/lib/thumb/v7e-m/nofp/libg_nano.a(lib_a-exit.o) (_global_impure_ptr)
/usr/lib/gcc/arm-none-eabi/10.3.1/../../../arm-none-eabi/lib/thumb/v7e-m/nofp/libg_nano.a(lib_a-init.o)
                              /usr/lib/gcc/arm-none-eabi/10.3.1/../../../arm-none-eabi/lib/thumb/v7e-m/nofp/crt0.o (__libc_init_array)
/usr/lib/gcc/arm-none-eabi/10.3.1/../../../arm-none-eabi/lib/thumb/v7e-m/nofp/libg_nano.a(lib_a-memset.o)
                              /usr/lib/gcc/arm-none-eabi/10.3.1/../../../arm-none-eabi/lib/thumb/v7e-m/nofp/crt0.o (memset)
/usr/lib/gcc/arm-none-eabi/10.3.1/../../../arm-none-eabi/lib/thumb/v7e-m/nofp/libg_nano.a(lib_a-printf.o)
                              ./build/user/main.o (printf)
/usr/lib/gcc/arm-none-eabi/10.3.1/../../../arm-none-eabi/lib/thumb/v7e-m/nofp/libg_nano.a(lib_a-putchar.o)
                              ./build/user/main.o (putchar)
/usr/lib/gcc/arm-none-eabi/10.3.1/../../../arm-none-eabi/lib/thumb/v7e-m/nofp/libg_nano.a(lib_a-puts.o)
                              ./build/user/main.o (puts)
/usr/lib/gcc/arm-none-eabi/10.3.1/../../../arm-none-eabi/lib/thumb/v7e-m/nofp/libg_nano.a(lib_a-wbuf.o)
                              /usr/lib/gcc/arm-none-eabi/10.3.1/../../../arm-none-eabi/lib/thumb/v7e-m/nofp/libg_nano.a(lib_a-puts.o) (__swbuf_r)
/usr/lib/gcc/arm-none-eabi/10.3.1/../../../arm-none-eabi/lib/thumb/v7e-m/nofp/libg_nano.a(lib_a-wsetup.o)
                              /usr/lib/gcc/arm-none-eabi/10.3.1/../../../arm-none-eabi/lib/thumb/v7e-m/nofp/libg_nano.a(lib_a-puts.o) (__swsetup_r)
/usr/lib/gcc/arm-none-eabi/10.3.1/../../../arm-none-eabi/lib/thumb/v7e-m/nofp/libg_nano.a(lib_a-__atexit.o)
                              /usr/lib/gcc/arm-none-eabi/10.3.1/../../../arm-none-eabi/lib/thumb/v7e-m/nofp/libg_nano.a(lib_a-atexit.o) (__register_exitproc)
/usr/lib/gcc/arm-none-eabi/10.3.1/../../../arm-none-eabi/lib/thumb/v7e-m/nofp/libg_nano.a(lib_a-__call_atexit.o)
                              /usr/lib/gcc/arm-none-eabi/10.3.1/../../../arm-none-eabi/lib/thumb/v7e-m/nofp/libg_nano.a(lib_a-__atexit.o) (__call_exitprocs)
/usr/lib/gcc/arm-none-eabi/10.3.1/../../../arm-none-eabi/lib/thumb/v7e-m/nofp/libg_nano.a(lib_a-fflush.o)
                              /usr/lib/gcc/arm-none-eabi/10.3.1/../../../arm-none-eabi/lib/thumb/v7e-m/nofp/libg_nano.a(lib_a-wbuf.o) (_fflush_r)
/usr/lib/gcc/arm-none-eabi/10.3.1/../../../arm-none-eabi/lib/thumb/v7e-m/nofp/libg_nano.a(lib_a-findfp.o)
                              /usr/lib/gcc/arm-none-eabi/10.3.1/../../../arm-none-eabi/lib/thumb/v7e-m/nofp/libg_nano.a(lib_a-printf.o) (__sinit)
/usr/lib/gcc/arm-none-eabi/10.3.1/../../../arm-none-eabi/lib/thumb/v7e-m/nofp/libg_nano.a(lib_a-fwalk.o)
                              /usr/lib/gcc/arm-none-eabi/10.3.1/../../../arm-none-eabi/lib/thumb/v7e-m/nofp/libg_nano.a(lib_a-findfp.o) (_fwalk)
/usr/lib/gcc/arm-none-eabi/10.3.1/../../../arm-none-eabi/lib/thumb/v7e-m/nofp/libg_nano.a(lib_a-makebuf.o)
                              /usr/lib/gcc/arm-none-eabi/10.3.1/../../../arm-none-eabi/lib/thumb/v7e-m/nofp/libg_nano.a(lib_a-wsetup.o) (__smakebuf_r)
/usr/lib/gcc/arm-none-eabi/10.3.1/../../../arm-none-eabi/lib/thumb/v7e-m/nofp/libg_nano.a(lib_a-nano-freer.o)
                              /usr/lib/gcc/arm-none-eabi/10.3.1/../../../arm-none-eabi/lib/thumb/v7e-m/nofp/libg_nano.a(lib_a-wsetup.o) (_free_r)
/usr/lib/gcc/arm-none-eabi/10.3.1/../../../arm-none-eabi/lib/thumb/v7e-m/nofp/libg_nano.a(lib_a-nano-mallocr.o)
[...]
Memory Configuration

Name             Origin             Length             Attributes
FLASH            0x0000000008000000 0x0000000000040000 xr
RAM              0x0000000020000000 0x0000000000008000 xrw
*default*        0x0000000000000000 0xffffffffffffffff

Linker script and memory map

LOAD /usr/lib/gcc/arm-none-eabi/10.3.1/thumb/v7e-m/nofp/crti.o
LOAD /usr/lib/gcc/arm-none-eabi/10.3.1/thumb/v7e-m/nofp/crtbegin.o
LOAD /usr/lib/gcc/arm-none-eabi/10.3.1/../../../arm-none-eabi/lib/thumb/v7e-m/nofp/crt0.o
LOAD ./build/user/at32f415_clock.o
LOAD ./build/user/at32f415_int.o
LOAD ./build/user/main.o
LOAD ./firmware/at32f415_adc.o
LOAD ./firmware/at32f415_can.o
LOAD ./firmware/at32f415_cmp.o
LOAD ./firmware/at32f415_crc.o
LOAD ./firmware/at32f415_crm.o
LOAD ./firmware/at32f415_debug.o
LOAD ./firmware/at32f415_dma.o
LOAD ./firmware/at32f415_ertc.o
LOAD ./firmware/at32f415_exint.o
LOAD ./firmware/at32f415_flash.o
LOAD ./firmware/at32f415_gpio.o
LOAD ./firmware/at32f415_i2c.o
LOAD ./firmware/at32f415_misc.o
LOAD ./firmware/at32f415_pwc.o
LOAD ./firmware/at32f415_sdio.o
LOAD ./firmware/at32f415_spi.o
LOAD ./firmware/at32f415_tmr.o
LOAD ./firmware/at32f415_usart.o
LOAD ./firmware/at32f415_usb.o
LOAD ./firmware/at32f415_wdt.o
LOAD ./firmware/at32f415_wwdt.o
LOAD ./build/cmsis/startup_at32f415.o
LOAD ./build/cmsis/system_at32f415.o
LOAD ./bsp/at32f415_board.o
LOAD ./bsp/i2c.o
LOAD ./bsp/i2c_application.o
LOAD ./bsp/timer1.o
LOAD ./bsp/uid.o
START GROUP
LOAD /usr/lib/gcc/arm-none-eabi/10.3.1/thumb/v7e-m/nofp/libgcc.a
LOAD /usr/lib/gcc/arm-none-eabi/10.3.1/../../../arm-none-eabi/lib/thumb/v7e-m/nofp/libg_nano.a
LOAD /usr/lib/gcc/arm-none-eabi/10.3.1/../../../arm-none-eabi/lib/thumb/v7e-m/nofp/libc_nano.a
END GROUP
START GROUP
LOAD /usr/lib/gcc/arm-none-eabi/10.3.1/thumb/v7e-m/nofp/libgcc.a
LOAD /usr/lib/gcc/arm-none-eabi/10.3.1/../../../arm-none-eabi/lib/thumb/v7e-m/nofp/libc_nano.a
LOAD /usr/lib/gcc/arm-none-eabi/10.3.1/../../../arm-none-eabi/lib/thumb/v7e-m/nofp/libnosys.a
END GROUP
START GROUP
LOAD /usr/lib/gcc/arm-none-eabi/10.3.1/thumb/v7e-m/nofp/libgcc.a
LOAD /usr/lib/gcc/arm-none-eabi/10.3.1/../../../arm-none-eabi/lib/thumb/v7e-m/nofp/libc_nano.a
LOAD /usr/lib/gcc/arm-none-eabi/10.3.1/../../../arm-none-eabi/lib/thumb/v7e-m/nofp/libnosys.a
END GROUP
LOAD /usr/lib/gcc/arm-none-eabi/10.3.1/thumb/v7e-m/nofp/crtend.o
LOAD /usr/lib/gcc/arm-none-eabi/10.3.1/thumb/v7e-m/nofp/crtn.o
                0x0000000020008000                _estack = 0x20008000
                0x0000000000000200                _Min_Heap_Size = 0x200
                0x0000000000000400                _Min_Stack_Size = 0x400

.isr_vector     0x0000000008000000      0x170
                0x0000000008000000                . = ALIGN (0x4)
 *(.isr_vector)
 .isr_vector    0x0000000008000000      0x170 ./build/cmsis/startup_at32f415.o
                0x0000000008000000                g_pfnVectors
                0x0000000008000170                . = ALIGN (0x4)

.text           0x0000000008000170     0x3ec4
                0x0000000008000170                . = ALIGN (0x4)
 *(.text)
 .text          0x0000000008000170       0x88 /usr/lib/gcc/arm-none-eabi/10.3.1/thumb/v7e-m/nofp/crtbegin.o
 .text          0x00000000080001f8       0x30 /usr/lib/gcc/arm-none-eabi/10.3.1/thumb/v7e-m/nofp/libgcc.a(_aeabi_uldivmod.o)
                0x00000000080001f8                __aeabi_uldivmod
 .text          0x0000000008000228      0x2d0 /usr/lib/gcc/arm-none-eabi/10.3.1/thumb/v7e-m/nofp/libgcc.a(_udivmoddi4.o)
                0x0000000008000228                __udivmoddi4
 .text          0x00000000080004f8        0x4 /usr/lib/gcc/arm-none-eabi/10.3.1/thumb/v7e-m/nofp/libgcc.a(_dvmd_tls.o)
                0x00000000080004f8                __aeabi_ldiv0
                0x00000000080004f8                __aeabi_idiv0
 .text          0x00000000080004fc       0x48 /usr/lib/gcc/arm-none-eabi/10.3.1/../../../arm-none-eabi/lib/thumb/v7e-m/nofp/libg_nano.a(lib_a-init.o)
                0x00000000080004fc                __libc_init_array
 .text          0x0000000008000544       0xa4 /usr/lib/gcc/arm-none-eabi/10.3.1/../../../arm-none-eabi/lib/thumb/v7e-m/nofp/libg_nano.a(lib_a-memset.o)
                0x0000000008000544                memset
 .text          0x00000000080005e8       0x60 /usr/lib/gcc/arm-none-eabi/10.3.1/../../../arm-none-eabi/lib/thumb/v7e-m/nofp/libg_nano.a(lib_a-printf.o)
                0x00000000080005e8                _printf_r
                0x00000000080005e8                _iprintf_r
                0x0000000008000614                printf
                0x0000000008000614                iprintf
 .text          0x0000000008000648       0x58 /usr/lib/gcc/arm-none-eabi/10.3.1/../../../arm-none-eabi/lib/thumb/v7e-m/nofp/libg_nano.a(lib_a-putchar.o)
                0x0000000008000648                _putchar_r
                0x000000000800066c                putchar
 .text          0x00000000080006a0       0xe4 /usr/lib/gcc/arm-none-eabi/10.3.1/../../../arm-none-eabi/lib/thumb/v7e-m/nofp/libg_nano.a(lib_a-puts.o)
                0x00000000080006a0                _puts_r
                0x0000000008000774                puts
 .text          0x0000000008000784       0xc8 /usr/lib/gcc/arm-none-eabi/10.3.1/../../../arm-none-eabi/lib/thumb/v7e-m/nofp/libg_nano.a(lib_a-wbuf.o)
                0x0000000008000784                __swbuf_r
                0x0000000008000834                __swbuf
 .text          0x000000000800084c      0x104 /usr/lib/gcc/arm-none-eabi/10.3.1/../../../arm-none-eabi/lib/thumb/v7e-m/nofp/libg_nano.a(lib_a-wsetup.o)
                0x000000000800084c                __swsetup_r
 .text          0x0000000008000950      0x1d8 /usr/lib/gcc/arm-none-eabi/10.3.1/../../../arm-none-eabi/lib/thumb/v7e-m/nofp/libg_nano.a(lib_a-fflush.o)
                0x0000000008000950                __sflush_r
                0x0000000008000a54                _fflush_r
                0x0000000008000aa8                fflush
 .text          0x0000000008000b28      0x238 /usr/lib/gcc/arm-none-eabi/10.3.1/../../../arm-none-eabi/lib/thumb/v7e-m/nofp/libg_nano.a(lib_a-findfp.o)
                0x0000000008000b2c                _cleanup_r
                0x0000000008000b3c                __sfmoreglue
                0x0000000008000b6c                __sfp
                0x0000000008000d0c                _cleanup
                0x0000000008000d20                __sinit
                0x0000000008000d28                __sfp_lock_acquire
                0x0000000008000d2c                __sfp_lock_release
                0x0000000008000d30                __sinit_lock_acquire
                0x0000000008000d34                __sinit_lock_release
                0x0000000008000d38                __fp_lock_all
                0x0000000008000d4c                __fp_unlock_all
 .text          0x0000000008000d60       0x88 /usr/lib/gcc/arm-none-eabi/10.3.1/../../../arm-none-eabi/lib/thumb/v7e-m/nofp/libg_nano.a(lib_a-fwalk.o)
                0x0000000008000d60                _fwalk
                0x0000000008000da0                _fwalk_reent
 .text          0x0000000008000de8      0x11c /usr/lib/gcc/arm-none-eabi/10.3.1/../../../arm-none-eabi/lib/thumb/v7e-m/nofp/libg_nano.a(lib_a-makebuf.o)
                0x0000000008000de8                __smakebuf_r
                0x0000000008000ea8                __swhatbuf_r
 .text          0x0000000008000f04       0xbc /usr/lib/gcc/arm-none-eabi/10.3.1/../../../arm-none-eabi/lib/thumb/v7e-m/nofp/libg_nano.a(lib_a-nano-freer.o)
                0x0000000008000f04                _free_r
 .text          0x0000000008000fc0       0xb4 /usr/lib/gcc/arm-none-eabi/10.3.1/../../../arm-none-eabi/lib/thumb/v7e-m/nofp/libg_nano.a(lib_a-nano-mallocr.o)
                0x0000000008000fc0                _malloc_r
 .text          0x0000000008001074      0x310 /usr/lib/gcc/arm-none-eabi/10.3.1/../../../arm-none-eabi/lib/thumb/v7e-m/nofp/libg_nano.a(lib_a-nano-vfprintf.o)
                0x000000000800109c                __sfputs_r
                0x00000000080010cc                __sprint_r
                0x00000000080010e8                _vfiprintf_r
                0x00000000080010e8                _vfprintf_r
                0x000000000800136c                vfiprintf
                0x000000000800136c                vfprintf
 .text          0x0000000008001384      0x3dc /usr/lib/gcc/arm-none-eabi/10.3.1/../../../arm-none-eabi/lib/thumb/v7e-m/nofp/libg_nano.a(lib_a-nano-vfprintf_i.o)
                0x0000000008001384                _printf_common
                0x00000000080014b0                _printf_i
 .text          0x0000000008001760      0x110 /usr/lib/gcc/arm-none-eabi/10.3.1/../../../arm-none-eabi/lib/thumb/v7e-m/nofp/libg_nano.a(lib_a-putc.o)
                0x0000000008001760                _putc_r
                0x00000000080017e4                putc
 .text          0x0000000008001870       0x24 /usr/lib/gcc/arm-none-eabi/10.3.1/../../../arm-none-eabi/lib/thumb/v7e-m/nofp/libg_nano.a(lib_a-sbrkr.o)
                0x0000000008001870                _sbrk_r
 .text          0x0000000008001894       0x90 /usr/lib/gcc/arm-none-eabi/10.3.1/../../../arm-none-eabi/lib/thumb/v7e-m/nofp/libg_nano.a(lib_a-stdio.o)
                0x0000000008001894                __sread
                0x00000000080018b8                __seofread
                0x00000000080018bc                __swrite
                0x00000000080018fc                __sseek
                0x000000000800191c                __sclose
 .text          0x0000000008001924       0x2c /usr/lib/gcc/arm-none-eabi/10.3.1/../../../arm-none-eabi/lib/thumb/v7e-m/nofp/libg_nano.a(lib_a-writer.o)
                0x0000000008001924                _write_r
 .text          0x0000000008001950       0x24 /usr/lib/gcc/arm-none-eabi/10.3.1/../../../arm-none-eabi/lib/thumb/v7e-m/nofp/libg_nano.a(lib_a-closer.o)
                0x0000000008001950                _close_r
 .text          0x0000000008001974       0x2c /usr/lib/gcc/arm-none-eabi/10.3.1/../../../arm-none-eabi/lib/thumb/v7e-m/nofp/libg_nano.a(lib_a-fstatr.o)
                0x0000000008001974                _fstat_r
 .text          0x00000000080019a0      0x2e8 /usr/lib/gcc/arm-none-eabi/10.3.1/../../../arm-none-eabi/lib/thumb/v7e-m/nofp/libg_nano.a(lib_a-fvwrite.o)
                0x00000000080019a0                __sfvwrite_r
 .text          0x0000000008001c88       0x24 /usr/lib/gcc/arm-none-eabi/10.3.1/../../../arm-none-eabi/lib/thumb/v7e-m/nofp/libg_nano.a(lib_a-isattyr.o)
                0x0000000008001c88                _isatty_r
 .text          0x0000000008001cac       0x2c /usr/lib/gcc/arm-none-eabi/10.3.1/../../../arm-none-eabi/lib/thumb/v7e-m/nofp/libg_nano.a(lib_a-lseekr.o)
                0x0000000008001cac                _lseek_r
 *fill*         0x0000000008001cd8        0x8 
 .text          0x0000000008001ce0       0xa0 /usr/lib/gcc/arm-none-eabi/10.3.1/../../../arm-none-eabi/lib/thumb/v7e-m/nofp/libg_nano.a(lib_a-memchr.o)
                0x0000000008001ce0                memchr
 .text          0x0000000008001d80      0x134 /usr/lib/gcc/arm-none-eabi/10.3.1/../../../arm-none-eabi/lib/thumb/v7e-m/nofp/libg_nano.a(lib_a-memcpy.o)
                0x0000000008001d80                memcpy
 .text          0x0000000008001eb4       0xf8 /usr/lib/gcc/arm-none-eabi/10.3.1/../../../arm-none-eabi/lib/thumb/v7e-m/nofp/libg_nano.a(lib_a-memmove.o)
                0x0000000008001eb4                memmove
 .text          0x0000000008001fac        0x8 /usr/lib/gcc/arm-none-eabi/10.3.1/../../../arm-none-eabi/lib/thumb/v7e-m/nofp/libg_nano.a(lib_a-mlock.o)
                0x0000000008001fac                __malloc_lock
                0x0000000008001fb0                __malloc_unlock
 .text          0x0000000008001fb4       0x50 /usr/lib/gcc/arm-none-eabi/10.3.1/../../../arm-none-eabi/lib/thumb/v7e-m/nofp/libg_nano.a(lib_a-nano-reallocr.o)
                0x0000000008001fb4                _realloc_r
 .text          0x0000000008002004       0x2c /usr/lib/gcc/arm-none-eabi/10.3.1/../../../arm-none-eabi/lib/thumb/v7e-m/nofp/libg_nano.a(lib_a-readr.o)
                0x0000000008002004                _read_r
 .text          0x0000000008002030       0x14 /usr/lib/gcc/arm-none-eabi/10.3.1/../../../arm-none-eabi/lib/thumb/v7e-m/nofp/libg_nano.a(lib_a-nano-msizer.o)
                0x0000000008002030                _malloc_usable_size_r
 .text          0x0000000008002044       0x10 /usr/lib/gcc/arm-none-eabi/10.3.1/../../../arm-none-eabi/lib/thumb/v7e-m/nofp/libnosys.a(close.o)
                0x0000000008002044                _close
 .text          0x0000000008002054       0x10 /usr/lib/gcc/arm-none-eabi/10.3.1/../../../arm-none-eabi/lib/thumb/v7e-m/nofp/libnosys.a(fstat.o)
                0x0000000008002054                _fstat
 .text          0x0000000008002064       0x10 /usr/lib/gcc/arm-none-eabi/10.3.1/../../../arm-none-eabi/lib/thumb/v7e-m/nofp/libnosys.a(isatty.o)
                0x0000000008002064                _isatty
 .text          0x0000000008002074       0x10 /usr/lib/gcc/arm-none-eabi/10.3.1/../../../arm-none-eabi/lib/thumb/v7e-m/nofp/libnosys.a(lseek.o)
                0x0000000008002074                _lseek
 .text          0x0000000008002084       0x10 /usr/lib/gcc/arm-none-eabi/10.3.1/../../../arm-none-eabi/lib/thumb/v7e-m/nofp/libnosys.a(read.o)
                0x0000000008002084                _read
 .text          0x0000000008002094       0x1c /usr/lib/gcc/arm-none-eabi/10.3.1/../../../arm-none-eabi/lib/thumb/v7e-m/nofp/libnosys.a(sbrk.o)
                0x0000000008002094                _sbrk
 *(.text*)
 .text.system_clock_config
                0x00000000080020b0       0x84 ./build/user/at32f415_clock.o
                0x00000000080020b0                system_clock_config
 .text.NMI_Handler
                0x0000000008002134        0xc ./build/user/at32f415_int.o
                0x0000000008002134                NMI_Handler
 .text.HardFault_Handler
                0x0000000008002140        0x6 ./build/user/at32f415_int.o
                0x0000000008002140                HardFault_Handler
 .text.MemManage_Handler
                0x0000000008002146        0x6 ./build/user/at32f415_int.o
                0x0000000008002146                MemManage_Handler
 .text.BusFault_Handler
                0x000000000800214c        0x6 ./build/user/at32f415_int.o
                0x000000000800214c                BusFault_Handler
 .text.UsageFault_Handler
                0x0000000008002152        0x6 ./build/user/at32f415_int.o
                0x0000000008002152                UsageFault_Handler
 .text.SVC_Handler
                0x0000000008002158        0xc ./build/user/at32f415_int.o
                0x0000000008002158                SVC_Handler
 .text.DebugMon_Handler
                0x0000000008002164        0xc ./build/user/at32f415_int.o
                0x0000000008002164                DebugMon_Handler
 .text.PendSV_Handler
                0x0000000008002170        0xc ./build/user/at32f415_int.o
                0x0000000008002170                PendSV_Handler
 .text.SysTick_Handler
                0x000000000800217c        0xc ./build/user/at32f415_int.o
                0x000000000800217c                SysTick_Handler
 .text.button_exint_init
                0x0000000008002188       0x50 ./build/user/main.o
                0x0000000008002188                button_exint_init
 .text.button_isr
                0x00000000080021d8       0x48 ./build/user/main.o
                0x00000000080021d8                button_isr
 .text.EXINT0_IRQHandler
                0x0000000008002220        0xc ./build/user/main.o
                0x0000000008002220                EXINT0_IRQHandler
 .text.error_handler
                0x000000000800222c       0x24 ./build/user/main.o
                0x000000000800222c                error_handler
 .text.main     0x0000000008002250       0x98 ./build/user/main.o
                0x0000000008002250                main
 .text.crm_reset
                0x00000000080022e8       0x74 ./firmware/at32f415_crm.o
                0x00000000080022e8                crm_reset
 .text.crm_flag_get
                0x000000000800235c       0x4e ./firmware/at32f415_crm.o
                0x000000000800235c                crm_flag_get
 .text.crm_hext_stable_wait
                0x00000000080023aa       0x4a ./firmware/at32f415_crm.o
                0x00000000080023aa                crm_hext_stable_wait
 .text.crm_periph_clock_enable
                0x00000000080023f4       0x7a ./firmware/at32f415_crm.o
                0x00000000080023f4                crm_periph_clock_enable
 .text.crm_periph_reset
                0x000000000800246e       0x7a ./firmware/at32f415_crm.o
                0x000000000800246e                crm_periph_reset
 .text.crm_clock_source_enable
                0x00000000080024e8       0xa4 ./firmware/at32f415_crm.o
                0x00000000080024e8                crm_clock_source_enable
 .text.crm_ahb_div_set
                0x000000000800258c       0x2c ./firmware/at32f415_crm.o
                0x000000000800258c                crm_ahb_div_set
 .text.crm_apb1_div_set
                0x00000000080025b8       0x2c ./firmware/at32f415_crm.o
                0x00000000080025b8                crm_apb1_div_set
 .text.crm_apb2_div_set
                0x00000000080025e4       0x2c ./firmware/at32f415_crm.o
                0x00000000080025e4                crm_apb2_div_set
 .text.crm_pll_config
                0x0000000008002610      0x15c ./firmware/at32f415_crm.o
                0x0000000008002610                crm_pll_config
 .text.crm_sysclk_switch
                0x000000000800276c       0x2c ./firmware/at32f415_crm.o
                0x000000000800276c                crm_sysclk_switch
 .text.crm_sysclk_switch_status_get
                0x0000000008002798       0x1c ./firmware/at32f415_crm.o
                0x0000000008002798                crm_sysclk_switch_status_get
 .text.crm_clocks_freq_get
                0x00000000080027b4      0x26c ./firmware/at32f415_crm.o
                0x00000000080027b4                crm_clocks_freq_get
 .text.crm_auto_step_mode_enable
                0x0000000008002a20       0x34 ./firmware/at32f415_crm.o
                0x0000000008002a20                crm_auto_step_mode_enable
 .text.exint_default_para_init
                0x0000000008002a54       0x2a ./firmware/at32f415_exint.o
                0x0000000008002a54                exint_default_para_init
 *fill*         0x0000000008002a7e        0x2 
 .text.exint_init
                0x0000000008002a80       0xc8 ./firmware/at32f415_exint.o
                0x0000000008002a80                exint_init
 .text.exint_flag_clear
                0x0000000008002b48       0x1c ./firmware/at32f415_exint.o
                0x0000000008002b48                exint_flag_clear
 .text.gpio_init
                0x0000000008002b64      0x136 ./firmware/at32f415_gpio.o
                0x0000000008002b64                gpio_init
 .text.gpio_default_para_init
                0x0000000008002c9a       0x32 ./firmware/at32f415_gpio.o
                0x0000000008002c9a                gpio_default_para_init
 .text.gpio_input_data_bit_read
                0x0000000008002ccc       0x34 ./firmware/at32f415_gpio.o
                0x0000000008002ccc                gpio_input_data_bit_read
 .text.gpio_pin_remap_config
                0x0000000008002d00       0x96 ./firmware/at32f415_gpio.o
                0x0000000008002d00                gpio_pin_remap_config
 *fill*         0x0000000008002d96        0x2 
 .text.gpio_exint_line_config
                0x0000000008002d98       0xf4 ./firmware/at32f415_gpio.o
                0x0000000008002d98                gpio_exint_line_config
 .text.i2c_reset
                0x0000000008002e8c       0x54 ./firmware/at32f415_i2c.o
                0x0000000008002e8c                i2c_reset
 .text.i2c_init
                0x0000000008002ee0      0x170 ./firmware/at32f415_i2c.o
                0x0000000008002ee0                i2c_init
 .text.i2c_own_address1_set
                0x0000000008003050       0x3e ./firmware/at32f415_i2c.o
                0x0000000008003050                i2c_own_address1_set
 .text.i2c_enable
                0x000000000800308e       0x28 ./firmware/at32f415_i2c.o
                0x000000000800308e                i2c_enable
 .text.i2c_master_receive_ack_set
                0x00000000080030b6       0x28 ./firmware/at32f415_i2c.o
                0x00000000080030b6                i2c_master_receive_ack_set
 .text.i2c_start_generate
                0x00000000080030de       0x1c ./firmware/at32f415_i2c.o
                0x00000000080030de                i2c_start_generate
 .text.i2c_stop_generate
                0x00000000080030fa       0x1c ./firmware/at32f415_i2c.o
                0x00000000080030fa                i2c_stop_generate
 .text.i2c_7bit_address_send
                0x0000000008003116       0x3a ./firmware/at32f415_i2c.o
                0x0000000008003116                i2c_7bit_address_send
 .text.i2c_data_send
                0x0000000008003150       0x1c ./firmware/at32f415_i2c.o
                0x0000000008003150                i2c_data_send
 .text.i2c_flag_get
                0x000000000800316c       0x54 ./firmware/at32f415_i2c.o
                0x000000000800316c                i2c_flag_get
 .text.i2c_flag_clear
                0x00000000080031c0       0x22 ./firmware/at32f415_i2c.o
                0x00000000080031c0                i2c_flag_clear
 *fill*         0x00000000080031e2        0x2 
 .text.__NVIC_SetPriorityGrouping
                0x00000000080031e4       0x48 ./firmware/at32f415_misc.o
 .text.__NVIC_GetPriorityGrouping
                0x000000000800322c       0x1c ./firmware/at32f415_misc.o
 .text.__NVIC_EnableIRQ
                0x0000000008003248       0x38 ./firmware/at32f415_misc.o
 .text.__NVIC_SetPriority
                0x0000000008003280       0x54 ./firmware/at32f415_misc.o
 .text.NVIC_EncodePriority
                0x00000000080032d4       0x64 ./firmware/at32f415_misc.o
 .text.nvic_irq_enable
                0x0000000008003338       0x42 ./firmware/at32f415_misc.o
                0x0000000008003338                nvic_irq_enable
 .text.nvic_priority_group_config
                0x000000000800337a       0x1a ./firmware/at32f415_misc.o
                0x000000000800337a                nvic_priority_group_config
 .text.systick_clock_source_config
                0x0000000008003394       0x38 ./firmware/at32f415_misc.o
                0x0000000008003394                systick_clock_source_config
 .text.tmr_counter_enable
                0x00000000080033cc       0x28 ./firmware/at32f415_tmr.o
                0x00000000080033cc                tmr_counter_enable
 .text.tmr_base_init
                0x00000000080033f4       0x2c ./firmware/at32f415_tmr.o
                0x00000000080033f4                tmr_base_init
 .text.tmr_cnt_dir_set
                0x0000000008003420       0x28 ./firmware/at32f415_tmr.o
                0x0000000008003420                tmr_cnt_dir_set
 .text.tmr_interrupt_enable
                0x0000000008003448       0x40 ./firmware/at32f415_tmr.o
                0x0000000008003448                tmr_interrupt_enable
 .text.tmr_flag_get
                0x0000000008003488       0x30 ./firmware/at32f415_tmr.o
                0x0000000008003488                tmr_flag_get
 .text.tmr_flag_clear
                0x00000000080034b8       0x1c ./firmware/at32f415_tmr.o
                0x00000000080034b8                tmr_flag_clear
 .text.usart_init
                0x00000000080034d4       0xbc ./firmware/at32f415_usart.o
                0x00000000080034d4                usart_init
 .text.usart_enable
                0x0000000008003590       0x28 ./firmware/at32f415_usart.o
                0x0000000008003590                usart_enable
 .text.usart_transmitter_enable
                0x00000000080035b8       0x28 ./firmware/at32f415_usart.o
                0x00000000080035b8                usart_transmitter_enable
 .text.usart_data_transmit
                0x00000000080035e0       0x20 ./firmware/at32f415_usart.o
                0x00000000080035e0                usart_data_transmit
 .text.usart_flag_get
                0x0000000008003600       0x26 ./firmware/at32f415_usart.o
                0x0000000008003600                usart_flag_get
 *fill*         0x0000000008003626        0x2 
 .text.Reset_Handler
                0x0000000008003628       0x48 ./build/cmsis/startup_at32f415.o
                0x0000000008003628                Reset_Handler
 .text.Default_Handler
                0x0000000008003670        0x2 ./build/cmsis/startup_at32f415.o
                0x0000000008003670                SDIO1_IRQHandler
                0x0000000008003670                EXINT2_IRQHandler
                0x0000000008003670                I2C2_EVT_IRQHandler
                0x0000000008003670                I2C1_ERR_IRQHandler
                0x0000000008003670                EXINT9_5_IRQHandler
                0x0000000008003670                TMR5_GLOBAL_IRQHandler
                0x0000000008003670                CMP2_IRQHandler
                0x0000000008003670                ERTC_IRQHandler
                0x0000000008003670                CAN1_RX0_IRQHandler
                0x0000000008003670                SPI1_IRQHandler
                0x0000000008003670                TAMPER_IRQHandler
                0x0000000008003670                OTGFS1_IRQHandler
                0x0000000008003670                CMP1_IRQHandler
                0x0000000008003670                DMA2_Channel2_IRQHandler
                0x0000000008003670                DMA1_Channel4_IRQHandler
                0x0000000008003670                ADC1_IRQHandler
                0x0000000008003670                USART3_IRQHandler
                0x0000000008003670                DMA1_Channel7_IRQHandler
                0x0000000008003670                CAN1_RX1_IRQHandler
                0x0000000008003670                UART5_IRQHandler
                0x0000000008003670                DMA2_Channel1_IRQHandler
                0x0000000008003670                EXINT3_IRQHandler
                0x0000000008003670                DMA1_Channel6_IRQHandler
                0x0000000008003670                UART4_IRQHandler
                0x0000000008003670                ERTCAlarm_IRQHandler
                0x0000000008003670                DMA1_Channel1_IRQHandler
                0x0000000008003670                Default_Handler
                0x0000000008003670                TMR3_GLOBAL_IRQHandler
                0x0000000008003670                CAN1_SE_IRQHandler
                0x0000000008003670                TMR1_BRK_TMR9_IRQHandler
                0x0000000008003670                SPI2_IRQHandler
                0x0000000008003670                TMR1_TRG_HALL_TMR11_IRQHandler
                0x0000000008003670                CAN1_TX_IRQHandler
                0x0000000008003670                DMA1_Channel5_IRQHandler
                0x0000000008003670                TMR4_GLOBAL_IRQHandler
                0x0000000008003670                EXINT4_IRQHandler
                0x0000000008003670                DMA2_Channel6_7_IRQHandler
                0x0000000008003670                PVM_IRQHandler
                0x0000000008003670                DMA1_Channel3_IRQHandler
                0x0000000008003670                I2C1_EVT_IRQHandler
                0x0000000008003670                EXINT1_IRQHandler
                0x0000000008003670                DMA2_Channel4_5_IRQHandler
                0x0000000008003670                USART2_IRQHandler
                0x0000000008003670                DMA1_Channel2_IRQHandler
                0x0000000008003670                TMR2_GLOBAL_IRQHandler
                0x0000000008003670                FLASH_IRQHandler
                0x0000000008003670                I2C2_ERR_IRQHandler
                0x0000000008003670                USART1_IRQHandler
                0x0000000008003670                TMR1_CH_IRQHandler
                0x0000000008003670                CRM_IRQHandler
                0x0000000008003670                OTGFS1_WKUP_IRQHandler
                0x0000000008003670                EXINT15_10_IRQHandler
                0x0000000008003670                WWDT_IRQHandler
                0x0000000008003670                DMA2_Channel3_IRQHandler
 *fill*         0x0000000008003672        0x2 
 .text.SystemInit
                0x0000000008003674       0xa8 ./build/cmsis/system_at32f415.o
                0x0000000008003674                SystemInit
 .text.system_core_clock_update
                0x000000000800371c      0x1ec ./build/cmsis/system_at32f415.o
                0x000000000800371c                system_core_clock_update
 .text.__io_putchar
                0x0000000008003908       0x34 ./bsp/at32f415_board.o
                0x0000000008003908                __io_putchar
 .text._write   0x000000000800393c       0x38 ./bsp/at32f415_board.o
                0x000000000800393c                _write
 .text.uart_print_init
                0x0000000008003974       0x78 ./bsp/at32f415_board.o
                0x0000000008003974                uart_print_init
 .text.at32_board_init
                0x00000000080039ec       0x50 ./bsp/at32f415_board.o
                0x00000000080039ec                at32_board_init
 .text.at32_button_init
                0x0000000008003a3c       0x44 ./bsp/at32f415_board.o
                0x0000000008003a3c                at32_button_init
 .text.at32_led_init
                0x0000000008003a80       0x68 ./bsp/at32f415_board.o
                0x0000000008003a80                at32_led_init
 .text.at32_led_off
                0x0000000008003ae8       0x44 ./bsp/at32f415_board.o
                0x0000000008003ae8                at32_led_off
 .text.at32_led_toggle
                0x0000000008003b2c       0x50 ./bsp/at32f415_board.o
                0x0000000008003b2c                at32_led_toggle
 .text.delay_init
                0x0000000008003b7c       0x40 ./bsp/at32f415_board.o
                0x0000000008003b7c                delay_init
 .text.delay_ms
                0x0000000008003bbc       0x98 ./bsp/at32f415_board.o
                0x0000000008003bbc                delay_ms
 .text.i2c_lowlevel_init
                0x0000000008003c54       0xac ./bsp/i2c.o
                0x0000000008003c54                i2c_lowlevel_init
 .text.i2c_config
                0x0000000008003d00       0x2c ./bsp/i2c_application.o
                0x0000000008003d00                i2c_config
 .text.i2c_wait_flag
                0x0000000008003d2c       0xe8 ./bsp/i2c_application.o
                0x0000000008003d2c                i2c_wait_flag
 .text.my_i2c_master_transmit
                0x0000000008003e14      0x110 ./bsp/i2c_application.o
                0x0000000008003e14                my_i2c_master_transmit
 .text.timer1_config
                0x0000000008003f24       0x7c ./bsp/timer1.o
                0x0000000008003f24                timer1_config
 .text.TMR1_OVF_TMR10_IRQHandler
                0x0000000008003fa0       0x24 ./bsp/timer1.o
                0x0000000008003fa0                TMR1_OVF_TMR10_IRQHandler
 .text.get_UID  0x0000000008003fc4       0x58 ./bsp/uid.o
                0x0000000008003fc4                get_UID
 *(.glue_7)
 .glue_7        0x000000000800401c        0x0 linker stubs
 *(.glue_7t)
 .glue_7t       0x000000000800401c        0x0 linker stubs
 *(.eh_frame)
 .eh_frame      0x000000000800401c        0x0 /usr/lib/gcc/arm-none-eabi/10.3.1/thumb/v7e-m/nofp/crtbegin.o
 *(.init)
 .init          0x000000000800401c        0x4 /usr/lib/gcc/arm-none-eabi/10.3.1/thumb/v7e-m/nofp/crti.o
                0x000000000800401c                _init
 .init          0x0000000008004020        0x8 /usr/lib/gcc/arm-none-eabi/10.3.1/thumb/v7e-m/nofp/crtn.o
 *(.fini)
 .fini          0x0000000008004028        0x4 /usr/lib/gcc/arm-none-eabi/10.3.1/thumb/v7e-m/nofp/crti.o
                0x0000000008004028                _fini
 .fini          0x000000000800402c        0x8 /usr/lib/gcc/arm-none-eabi/10.3.1/thumb/v7e-m/nofp/crtn.o
                0x0000000008004034                . = ALIGN (0x4)
                0x0000000008004034                _etext = .

.vfp11_veneer   0x0000000008004034        0x0
 .vfp11_veneer  0x0000000008004034        0x0 linker stubs

.v4_bx          0x0000000008004034        0x0
 .v4_bx         0x0000000008004034        0x0 linker stubs

.iplt           0x0000000008004034        0x0
 .iplt          0x0000000008004034        0x0 /usr/lib/gcc/arm-none-eabi/10.3.1/thumb/v7e-m/nofp/crtbegin.o

.rodata         0x0000000008004034      0x168
                0x0000000008004034                . = ALIGN (0x4)
 *(.rodata)
 .rodata        0x0000000008004034       0x53 ./build/user/main.o
 *fill*         0x0000000008004087        0x1 
 .rodata        0x0000000008004088       0x28 ./firmware/at32f415_crm.o
 .rodata        0x00000000080040b0       0x10 ./build/cmsis/system_at32f415.o
 .rodata        0x00000000080040c0       0x3c ./bsp/i2c_application.o
 .rodata        0x00000000080040fc        0x4 /usr/lib/gcc/arm-none-eabi/10.3.1/../../../arm-none-eabi/lib/thumb/v7e-m/nofp/libg_nano.a(lib_a-impure.o)
                0x00000000080040fc                _global_impure_ptr
 .rodata        0x0000000008004100       0x60 /usr/lib/gcc/arm-none-eabi/10.3.1/../../../arm-none-eabi/lib/thumb/v7e-m/nofp/libg_nano.a(lib_a-findfp.o)
                0x0000000008004100                __sf_fake_stderr
                0x0000000008004120                __sf_fake_stdout
                0x0000000008004140                __sf_fake_stdin
 *(.rodata*)
 .rodata.str1.4
                0x0000000008004160       0x13 /usr/lib/gcc/arm-none-eabi/10.3.1/../../../arm-none-eabi/lib/thumb/v7e-m/nofp/libg_nano.a(lib_a-nano-vfprintf.o)
 *fill*         0x0000000008004173        0x1 
 .rodata.str1.4
                0x0000000008004174       0x25 /usr/lib/gcc/arm-none-eabi/10.3.1/../../../arm-none-eabi/lib/thumb/v7e-m/nofp/libg_nano.a(lib_a-nano-vfprintf_i.o)
                0x000000000800419c                . = ALIGN (0x4)
 *fill*         0x0000000008004199        0x3 

.ARM.extab
 *(.ARM.extab* .gnu.linkonce.armextab.*)

.ARM            0x000000000800419c        0x8
                0x000000000800419c                __exidx_start = .
 *(.ARM.exidx*)
 .ARM.exidx     0x000000000800419c        0x8 /usr/lib/gcc/arm-none-eabi/10.3.1/thumb/v7e-m/nofp/libgcc.a(_udivmoddi4.o)
                0x00000000080041a4                __exidx_end = .

.rel.dyn        0x00000000080041a4        0x0
 .rel.iplt      0x00000000080041a4        0x0 /usr/lib/gcc/arm-none-eabi/10.3.1/thumb/v7e-m/nofp/crtbegin.o

.preinit_array  0x00000000080041a4        0x0
                0x00000000080041a4                PROVIDE (__preinit_array_start = .)
 *(.preinit_array*)
                0x00000000080041a4                PROVIDE (__preinit_array_end = .)

.init_array     0x00000000080041a4        0x4
                0x00000000080041a4                PROVIDE (__init_array_start = .)
 *(SORT_BY_NAME(.init_array.*))
 *(.init_array*)
 .init_array    0x00000000080041a4        0x4 /usr/lib/gcc/arm-none-eabi/10.3.1/thumb/v7e-m/nofp/crtbegin.o
                0x00000000080041a8                PROVIDE (__init_array_end = .)

.fini_array     0x00000000080041a8        0x4
                0x00000000080041a8                PROVIDE (__fini_array_start = .)
 *(SORT_BY_NAME(.fini_array.*))
 *(.fini_array*)
 .fini_array    0x00000000080041a8        0x4 /usr/lib/gcc/arm-none-eabi/10.3.1/thumb/v7e-m/nofp/crtbegin.o
                0x00000000080041ac                PROVIDE (__fini_array_end = .)
                0x00000000080041ac                _sidata = LOADADDR (.data)

.data           0x0000000020000000       0x98 load address 0x00000000080041ac
                0x0000000020000000                . = ALIGN (0x4)
                0x0000000020000000                _sdata = .
 *(.data)
 .data          0x0000000020000000        0xc ./build/user/main.o
                0x0000000020000000                g_speed
                0x0000000020000004                tx_buf
 .data          0x000000002000000c        0x4 ./build/cmsis/system_at32f415.o
                0x000000002000000c                system_core_clock
 .data          0x0000000020000010       0x21 ./bsp/at32f415_board.o
                0x0000000020000010                led_gpio_port
                0x000000002000001c                led_gpio_pin
                0x0000000020000024                led_gpio_crm_clk
 *fill*         0x0000000020000031        0x3 
 .data          0x0000000020000034       0x64 /usr/lib/gcc/arm-none-eabi/10.3.1/../../../arm-none-eabi/lib/thumb/v7e-m/nofp/libg_nano.a(lib_a-impure.o)
                0x0000000020000034                _impure_ptr
 *(.data*)
                0x0000000020000098                . = ALIGN (0x4)
                0x0000000020000098                _edata = .

.tm_clone_table
                0x0000000020000098        0x0 load address 0x0000000008004244
 .tm_clone_table
                0x0000000020000098        0x0 /usr/lib/gcc/arm-none-eabi/10.3.1/thumb/v7e-m/nofp/crtbegin.o
 .tm_clone_table
                0x0000000020000098        0x0 /usr/lib/gcc/arm-none-eabi/10.3.1/thumb/v7e-m/nofp/crtend.o

.igot.plt       0x0000000020000098        0x0 load address 0x0000000008004244
 .igot.plt      0x0000000020000098        0x0 /usr/lib/gcc/arm-none-eabi/10.3.1/thumb/v7e-m/nofp/crtbegin.o
                0x0000000020000098                . = ALIGN (0x4)

.bss            0x0000000020000098       0x6c load address 0x0000000008004244
                0x0000000020000098                _sbss = .
                0x0000000020000098                __bss_start__ = _sbss
 *(.bss)
 .bss           0x0000000020000098       0x1c /usr/lib/gcc/arm-none-eabi/10.3.1/thumb/v7e-m/nofp/crtbegin.o
 .bss           0x00000000200000b4        0x8 ./bsp/at32f415_board.o
 .bss           0x00000000200000bc       0x38 ./bsp/i2c.o
                0x00000000200000bc                hi2cx
 .bss           0x00000000200000f4        0x8 /usr/lib/gcc/arm-none-eabi/10.3.1/../../../arm-none-eabi/lib/thumb/v7e-m/nofp/libg_nano.a(lib_a-nano-mallocr.o)
                0x00000000200000f4                __malloc_free_list
                0x00000000200000f8                __malloc_sbrk_start
 .bss           0x00000000200000fc        0x4 /usr/lib/gcc/arm-none-eabi/10.3.1/../../../arm-none-eabi/lib/thumb/v7e-m/nofp/libg_nano.a(lib_a-reent.o)
                0x00000000200000fc                errno
 .bss           0x0000000020000100        0x4 /usr/lib/gcc/arm-none-eabi/10.3.1/../../../arm-none-eabi/lib/thumb/v7e-m/nofp/libnosys.a(sbrk.o)
 *(.bss*)
 *(COMMON)
                0x0000000020000104                . = ALIGN (0x4)
                0x0000000020000104                _ebss = .
                0x0000000020000104                __bss_end__ = _ebss

._user_heap_stack
                0x0000000020000104      0x604 load address 0x0000000008004244
                0x0000000020000108                . = ALIGN (0x8)
 *fill*         0x0000000020000104        0x4 
                0x0000000020000108                PROVIDE (end = .)
                [!provide]                        PROVIDE (_end = .)
                0x0000000020000308                . = (. + _Min_Heap_Size)
 *fill*         0x0000000020000108      0x200 
                0x0000000020000708                . = (. + _Min_Stack_Size)
 *fill*         0x0000000020000308      0x400 
                0x0000000020000708                . = ALIGN (0x8)

/DISCARD/
 libc.a(*)
 libm.a(*)
 libgcc.a(*)

.ARM.attributes
                0x0000000000000000       0x2a
 *(.ARM.attributes)
 .ARM.attributes
                0x0000000000000000       0x1e /usr/lib/gcc/arm-none-eabi/10.3.1/thumb/v7e-m/nofp/crti.o
 .ARM.attributes
                0x000000000000001e       0x2e /usr/lib/gcc/arm-none-eabi/10.3.1/thumb/v7e-m/nofp/crtbegin.o
 .ARM.attributes
                0x000000000000004c       0x2e ./build/user/at32f415_clock.o
 .ARM.attributes
                0x000000000000007a       0x2e ./build/user/at32f415_int.o
 .ARM.attributes
                0x00000000000000a8       0x2e ./build/user/main.o
 .ARM.attributes
                0x00000000000000d6       0x2e ./firmware/at32f415_crm.o
 .ARM.attributes
                0x0000000000000104       0x2e ./firmware/at32f415_exint.o
 .ARM.attributes
                0x0000000000000132       0x2e ./firmware/at32f415_gpio.o
 .ARM.attributes
                0x0000000000000160       0x2e ./firmware/at32f415_i2c.o
 .ARM.attributes
                0x000000000000018e       0x2e ./firmware/at32f415_misc.o
 .ARM.attributes
                0x00000000000001bc       0x2e ./firmware/at32f415_tmr.o
 .ARM.attributes
                0x00000000000001ea       0x2e ./firmware/at32f415_usart.o
 .ARM.attributes
                0x0000000000000218       0x21 ./build/cmsis/startup_at32f415.o
 .ARM.attributes
                0x0000000000000239       0x2e ./build/cmsis/system_at32f415.o
 .ARM.attributes
                0x0000000000000267       0x2e ./bsp/at32f415_board.o
 .ARM.attributes
                0x0000000000000295       0x2e ./bsp/i2c.o
 .ARM.attributes
                0x00000000000002c3       0x2e ./bsp/i2c_application.o
 .ARM.attributes
                0x00000000000002f1       0x2e ./bsp/timer1.o
 .ARM.attributes
                0x000000000000031f       0x2e ./bsp/uid.o
 .ARM.attributes
                0x000000000000034d       0x1e /usr/lib/gcc/arm-none-eabi/10.3.1/thumb/v7e-m/nofp/libgcc.a(_aeabi_uldivmod.o)
 .ARM.attributes
                0x000000000000036b       0x2e /usr/lib/gcc/arm-none-eabi/10.3.1/thumb/v7e-m/nofp/libgcc.a(_udivmoddi4.o)
 .ARM.attributes
                0x0000000000000399       0x1e /usr/lib/gcc/arm-none-eabi/10.3.1/thumb/v7e-m/nofp/libgcc.a(_dvmd_tls.o)
 .ARM.attributes
                0x00000000000003b7       0x2e /usr/lib/gcc/arm-none-eabi/10.3.1/../../../arm-none-eabi/lib/thumb/v7e-m/nofp/libg_nano.a(lib_a-impure.o)
 .ARM.attributes
                0x00000000000003e5       0x2e /usr/lib/gcc/arm-none-eabi/10.3.1/../../../arm-none-eabi/lib/thumb/v7e-m/nofp/libg_nano.a(lib_a-init.o)
 .ARM.attributes
                0x0000000000000413       0x2e /usr/lib/gcc/arm-none-eabi/10.3.1/../../../arm-none-eabi/lib/thumb/v7e-m/nofp/libg_nano.a(lib_a-memset.o)
 .ARM.attributes
                0x0000000000000441       0x2e /usr/lib/gcc/arm-none-eabi/10.3.1/../../../arm-none-eabi/lib/thumb/v7e-m/nofp/libg_nano.a(lib_a-printf.o)
 .ARM.attributes
                0x000000000000046f       0x2e /usr/lib/gcc/arm-none-eabi/10.3.1/../../../arm-none-eabi/lib/thumb/v7e-m/nofp/libg_nano.a(lib_a-putchar.o)
 .ARM.attributes
                0x000000000000049d       0x2e /usr/lib/gcc/arm-none-eabi/10.3.1/../../../arm-none-eabi/lib/thumb/v7e-m/nofp/libg_nano.a(lib_a-puts.o)
 .ARM.attributes
                0x00000000000004cb       0x2e /usr/lib/gcc/arm-none-eabi/10.3.1/../../../arm-none-eabi/lib/thumb/v7e-m/nofp/libg_nano.a(lib_a-wbuf.o)
 .ARM.attributes
                0x00000000000004f9       0x2e /usr/lib/gcc/arm-none-eabi/10.3.1/../../../arm-none-eabi/lib/thumb/v7e-m/nofp/libg_nano.a(lib_a-wsetup.o)
 .ARM.attributes
                0x0000000000000527       0x2e /usr/lib/gcc/arm-none-eabi/10.3.1/../../../arm-none-eabi/lib/thumb/v7e-m/nofp/libg_nano.a(lib_a-fflush.o)
 .ARM.attributes
                0x0000000000000555       0x2e /usr/lib/gcc/arm-none-eabi/10.3.1/../../../arm-none-eabi/lib/thumb/v7e-m/nofp/libg_nano.a(lib_a-findfp.o)
 .ARM.attributes
                0x0000000000000583       0x2e /usr/lib/gcc/arm-none-eabi/10.3.1/../../../arm-none-eabi/lib/thumb/v7e-m/nofp/libg_nano.a(lib_a-fwalk.o)
 .ARM.attributes
                0x00000000000005b1       0x2e /usr/lib/gcc/arm-none-eabi/10.3.1/../../../arm-none-eabi/lib/thumb/v7e-m/nofp/libg_nano.a(lib_a-makebuf.o)
 .ARM.attributes
                0x00000000000005df       0x2e /usr/lib/gcc/arm-none-eabi/10.3.1/../../../arm-none-eabi/lib/thumb/v7e-m/nofp/libg_nano.a(lib_a-nano-freer.o)
 .ARM.attributes
                0x000000000000060d       0x2e /usr/lib/gcc/arm-none-eabi/10.3.1/../../../arm-none-eabi/lib/thumb/v7e-m/nofp/libg_nano.a(lib_a-nano-mallocr.o)
 .ARM.attributes
                0x000000000000063b       0x2e /usr/lib/gcc/arm-none-eabi/10.3.1/../../../arm-none-eabi/lib/thumb/v7e-m/nofp/libg_nano.a(lib_a-nano-vfprintf.o)
 .ARM.attributes
                0x0000000000000669       0x2e /usr/lib/gcc/arm-none-eabi/10.3.1/../../../arm-none-eabi/lib/thumb/v7e-m/nofp/libg_nano.a(lib_a-nano-vfprintf_i.o)
 .ARM.attributes
                0x0000000000000697       0x2e /usr/lib/gcc/arm-none-eabi/10.3.1/../../../arm-none-eabi/lib/thumb/v7e-m/nofp/libg_nano.a(lib_a-putc.o)
 .ARM.attributes
                0x00000000000006c5       0x2e /usr/lib/gcc/arm-none-eabi/10.3.1/../../../arm-none-eabi/lib/thumb/v7e-m/nofp/libg_nano.a(lib_a-sbrkr.o)
 .ARM.attributes
                0x00000000000006f3       0x2e /usr/lib/gcc/arm-none-eabi/10.3.1/../../../arm-none-eabi/lib/thumb/v7e-m/nofp/libg_nano.a(lib_a-stdio.o)
 .ARM.attributes
                0x0000000000000721       0x2e /usr/lib/gcc/arm-none-eabi/10.3.1/../../../arm-none-eabi/lib/thumb/v7e-m/nofp/libg_nano.a(lib_a-writer.o)
 .ARM.attributes
                0x000000000000074f       0x2e /usr/lib/gcc/arm-none-eabi/10.3.1/../../../arm-none-eabi/lib/thumb/v7e-m/nofp/libg_nano.a(lib_a-closer.o)
 .ARM.attributes
                0x000000000000077d       0x2e /usr/lib/gcc/arm-none-eabi/10.3.1/../../../arm-none-eabi/lib/thumb/v7e-m/nofp/libg_nano.a(lib_a-fstatr.o)
 .ARM.attributes
                0x00000000000007ab       0x2e /usr/lib/gcc/arm-none-eabi/10.3.1/../../../arm-none-eabi/lib/thumb/v7e-m/nofp/libg_nano.a(lib_a-fvwrite.o)
 .ARM.attributes
                0x00000000000007d9       0x2e /usr/lib/gcc/arm-none-eabi/10.3.1/../../../arm-none-eabi/lib/thumb/v7e-m/nofp/libg_nano.a(lib_a-isattyr.o)
 .ARM.attributes
                0x0000000000000807       0x2e /usr/lib/gcc/arm-none-eabi/10.3.1/../../../arm-none-eabi/lib/thumb/v7e-m/nofp/libg_nano.a(lib_a-lseekr.o)
 .ARM.attributes
                0x0000000000000835       0x1c /usr/lib/gcc/arm-none-eabi/10.3.1/../../../arm-none-eabi/lib/thumb/v7e-m/nofp/libg_nano.a(lib_a-memchr.o)
 .ARM.attributes
                0x0000000000000851       0x1c /usr/lib/gcc/arm-none-eabi/10.3.1/../../../arm-none-eabi/lib/thumb/v7e-m/nofp/libg_nano.a(lib_a-memcpy.o)
 .ARM.attributes
                0x000000000000086d       0x2e /usr/lib/gcc/arm-none-eabi/10.3.1/../../../arm-none-eabi/lib/thumb/v7e-m/nofp/libg_nano.a(lib_a-memmove.o)
 .ARM.attributes
                0x000000000000089b       0x2e /usr/lib/gcc/arm-none-eabi/10.3.1/../../../arm-none-eabi/lib/thumb/v7e-m/nofp/libg_nano.a(lib_a-mlock.o)
 .ARM.attributes
                0x00000000000008c9       0x2e /usr/lib/gcc/arm-none-eabi/10.3.1/../../../arm-none-eabi/lib/thumb/v7e-m/nofp/libg_nano.a(lib_a-nano-reallocr.o)
 .ARM.attributes
                0x00000000000008f7       0x2e /usr/lib/gcc/arm-none-eabi/10.3.1/../../../arm-none-eabi/lib/thumb/v7e-m/nofp/libg_nano.a(lib_a-readr.o)
 .ARM.attributes
                0x0000000000000925       0x2e /usr/lib/gcc/arm-none-eabi/10.3.1/../../../arm-none-eabi/lib/thumb/v7e-m/nofp/libg_nano.a(lib_a-reent.o)
 .ARM.attributes
                0x0000000000000953       0x2e /usr/lib/gcc/arm-none-eabi/10.3.1/../../../arm-none-eabi/lib/thumb/v7e-m/nofp/libg_nano.a(lib_a-nano-msizer.o)
 .ARM.attributes
                0x0000000000000981       0x2e /usr/lib/gcc/arm-none-eabi/10.3.1/../../../arm-none-eabi/lib/thumb/v7e-m/nofp/libnosys.a(close.o)
 .ARM.attributes
                0x00000000000009af       0x2e /usr/lib/gcc/arm-none-eabi/10.3.1/../../../arm-none-eabi/lib/thumb/v7e-m/nofp/libnosys.a(fstat.o)
 .ARM.attributes
                0x00000000000009dd       0x2e /usr/lib/gcc/arm-none-eabi/10.3.1/../../../arm-none-eabi/lib/thumb/v7e-m/nofp/libnosys.a(isatty.o)
 .ARM.attributes
                0x0000000000000a0b       0x2e /usr/lib/gcc/arm-none-eabi/10.3.1/../../../arm-none-eabi/lib/thumb/v7e-m/nofp/libnosys.a(lseek.o)
 .ARM.attributes
                0x0000000000000a39       0x2e /usr/lib/gcc/arm-none-eabi/10.3.1/../../../arm-none-eabi/lib/thumb/v7e-m/nofp/libnosys.a(read.o)
 .ARM.attributes
                0x0000000000000a67       0x2e /usr/lib/gcc/arm-none-eabi/10.3.1/../../../arm-none-eabi/lib/thumb/v7e-m/nofp/libnosys.a(sbrk.o)
 .ARM.attributes
                0x0000000000000a95       0x2e /usr/lib/gcc/arm-none-eabi/10.3.1/thumb/v7e-m/nofp/crtend.o
 .ARM.attributes
                0x0000000000000ac3       0x1e /usr/lib/gcc/arm-none-eabi/10.3.1/thumb/v7e-m/nofp/crtn.o
OUTPUT(test415.elf elf32-littlearm)
LOAD linker stubs
LOAD /usr/lib/gcc/arm-none-eabi/10.3.1/../../../arm-none-eabi/lib/thumb/v7e-m/nofp/libc.a
LOAD /usr/lib/gcc/arm-none-eabi/10.3.1/../../../arm-none-eabi/lib/thumb/v7e-m/nofp/libm.a
LOAD /usr/lib/gcc/arm-none-eabi/10.3.1/thumb/v7e-m/nofp/libgcc.a

.comment        0x0000000000000000       0x33
 .comment       0x0000000000000000       0x33 /usr/lib/gcc/arm-none-eabi/10.3.1/thumb/v7e-m/nofp/crtbegin.o
                                         0x34 (size before relaxing)
 .comment       0x0000000000000033       0x34 ./build/user/at32f415_clock.o
 .comment       0x0000000000000033       0x34 ./build/user/at32f415_int.o
 .comment       0x0000000000000033       0x34 ./build/user/main.o
 .comment       0x0000000000000033       0x34 ./firmware/at32f415_crm.o
 .comment       0x0000000000000033       0x34 ./firmware/at32f415_exint.o
 .comment       0x0000000000000033       0x34 ./firmware/at32f415_gpio.o
 .comment       0x0000000000000033       0x34 ./firmware/at32f415_i2c.o
 .comment       0x0000000000000033       0x34 ./firmware/at32f415_misc.o
 .comment       0x0000000000000033       0x34 ./firmware/at32f415_tmr.o
 .comment       0x0000000000000033       0x34 ./firmware/at32f415_usart.o
 .comment       0x0000000000000033       0x34 ./build/cmsis/system_at32f415.o
 .comment       0x0000000000000033       0x34 ./bsp/at32f415_board.o
 .comment       0x0000000000000033       0x34 ./bsp/i2c.o
 .comment       0x0000000000000033       0x34 ./bsp/i2c_application.o
 .comment       0x0000000000000033       0x34 ./bsp/timer1.o
 .comment       0x0000000000000033       0x34 ./bsp/uid.o
 .comment       0x0000000000000033       0x34 /usr/lib/gcc/arm-none-eabi/10.3.1/thumb/v7e-m/nofp/libgcc.a(_udivmoddi4.o)
 .comment       0x0000000000000033       0x34 /usr/lib/gcc/arm-none-eabi/10.3.1/../../../arm-none-eabi/lib/thumb/v7e-m/nofp/libg_nano.a(lib_a-impure.o)
 .comment       0x0000000000000033       0x34 /usr/lib/gcc/arm-none-eabi/10.3.1/../../../arm-none-eabi/lib/thumb/v7e-m/nofp/libg_nano.a(lib_a-init.o)
 .comment       0x0000000000000033       0x34 /usr/lib/gcc/arm-none-eabi/10.3.1/../../../arm-none-eabi/lib/thumb/v7e-m/nofp/libg_nano.a(lib_a-memset.o)
 .comment       0x0000000000000033       0x34 /usr/lib/gcc/arm-none-eabi/10.3.1/../../../arm-none-eabi/lib/thumb/v7e-m/nofp/libg_nano.a(lib_a-printf.o)
 .comment       0x0000000000000033       0x34 /usr/lib/gcc/arm-none-eabi/10.3.1/../../../arm-none-eabi/lib/thumb/v7e-m/nofp/libg_nano.a(lib_a-putchar.o)
 .comment       0x0000000000000033       0x34 /usr/lib/gcc/arm-none-eabi/10.3.1/../../../arm-none-eabi/lib/thumb/v7e-m/nofp/libg_nano.a(lib_a-puts.o)
 .comment       0x0000000000000033       0x34 /usr/lib/gcc/arm-none-eabi/10.3.1/../../../arm-none-eabi/lib/thumb/v7e-m/nofp/libg_nano.a(lib_a-wbuf.o)
 .comment       0x0000000000000033       0x34 /usr/lib/gcc/arm-none-eabi/10.3.1/../../../arm-none-eabi/lib/thumb/v7e-m/nofp/libg_nano.a(lib_a-wsetup.o)
 .comment       0x0000000000000033       0x34 /usr/lib/gcc/arm-none-eabi/10.3.1/../../../arm-none-eabi/lib/thumb/v7e-m/nofp/libg_nano.a(lib_a-fflush.o)
 .comment       0x0000000000000033       0x34 /usr/lib/gcc/arm-none-eabi/10.3.1/../../../arm-none-eabi/lib/thumb/v7e-m/nofp/libg_nano.a(lib_a-findfp.o)
 .comment       0x0000000000000033       0x34 /usr/lib/gcc/arm-none-eabi/10.3.1/../../../arm-none-eabi/lib/thumb/v7e-m/nofp/libg_nano.a(lib_a-fwalk.o)
 .comment       0x0000000000000033       0x34 /usr/lib/gcc/arm-none-eabi/10.3.1/../../../arm-none-eabi/lib/thumb/v7e-m/nofp/libg_nano.a(lib_a-makebuf.o)
 .comment       0x0000000000000033       0x34 /usr/lib/gcc/arm-none-eabi/10.3.1/../../../arm-none-eabi/lib/thumb/v7e-m/nofp/libg_nano.a(lib_a-nano-freer.o)
 .comment       0x0000000000000033       0x34 /usr/lib/gcc/arm-none-eabi/10.3.1/../../../arm-none-eabi/lib/thumb/v7e-m/nofp/libg_nano.a(lib_a-nano-mallocr.o)
 .comment       0x0000000000000033       0x34 /usr/lib/gcc/arm-none-eabi/10.3.1/../../../arm-none-eabi/lib/thumb/v7e-m/nofp/libg_nano.a(lib_a-nano-vfprintf.o)
 .comment       0x0000000000000033       0x34 /usr/lib/gcc/arm-none-eabi/10.3.1/../../../arm-none-eabi/lib/thumb/v7e-m/nofp/libg_nano.a(lib_a-nano-vfprintf_i.o)
 .comment       0x0000000000000033       0x34 /usr/lib/gcc/arm-none-eabi/10.3.1/../../../arm-none-eabi/lib/thumb/v7e-m/nofp/libg_nano.a(lib_a-putc.o)
 .comment       0x0000000000000033       0x34 /usr/lib/gcc/arm-none-eabi/10.3.1/../../../arm-none-eabi/lib/thumb/v7e-m/nofp/libg_nano.a(lib_a-sbrkr.o)
 .comment       0x0000000000000033       0x34 /usr/lib/gcc/arm-none-eabi/10.3.1/../../../arm-none-eabi/lib/thumb/v7e-m/nofp/libg_nano.a(lib_a-stdio.o)
 .comment       0x0000000000000033       0x34 /usr/lib/gcc/arm-none-eabi/10.3.1/../../../arm-none-eabi/lib/thumb/v7e-m/nofp/libg_nano.a(lib_a-writer.o)
 .comment       0x0000000000000033       0x34 /usr/lib/gcc/arm-none-eabi/10.3.1/../../../arm-none-eabi/lib/thumb/v7e-m/nofp/libg_nano.a(lib_a-closer.o)
 .comment       0x0000000000000033       0x34 /usr/lib/gcc/arm-none-eabi/10.3.1/../../../arm-none-eabi/lib/thumb/v7e-m/nofp/libg_nano.a(lib_a-fstatr.o)
 .comment       0x0000000000000033       0x34 /usr/lib/gcc/arm-none-eabi/10.3.1/../../../arm-none-eabi/lib/thumb/v7e-m/nofp/libg_nano.a(lib_a-fvwrite.o)
 .comment       0x0000000000000033       0x34 /usr/lib/gcc/arm-none-eabi/10.3.1/../../../arm-none-eabi/lib/thumb/v7e-m/nofp/libg_nano.a(lib_a-isattyr.o)
 .comment       0x0000000000000033       0x34 /usr/lib/gcc/arm-none-eabi/10.3.1/../../../arm-none-eabi/lib/thumb/v7e-m/nofp/libg_nano.a(lib_a-lseekr.o)
 .comment       0x0000000000000033       0x34 /usr/lib/gcc/arm-none-eabi/10.3.1/../../../arm-none-eabi/lib/thumb/v7e-m/nofp/libg_nano.a(lib_a-memmove.o)
 .comment       0x0000000000000033       0x34 /usr/lib/gcc/arm-none-eabi/10.3.1/../../../arm-none-eabi/lib/thumb/v7e-m/nofp/libg_nano.a(lib_a-mlock.o)
 .comment       0x0000000000000033       0x34 /usr/lib/gcc/arm-none-eabi/10.3.1/../../../arm-none-eabi/lib/thumb/v7e-m/nofp/libg_nano.a(lib_a-nano-reallocr.o)
 .comment       0x0000000000000033       0x34 /usr/lib/gcc/arm-none-eabi/10.3.1/../../../arm-none-eabi/lib/thumb/v7e-m/nofp/libg_nano.a(lib_a-readr.o)
 .comment       0x0000000000000033       0x34 /usr/lib/gcc/arm-none-eabi/10.3.1/../../../arm-none-eabi/lib/thumb/v7e-m/nofp/libg_nano.a(lib_a-reent.o)
 .comment       0x0000000000000033       0x34 /usr/lib/gcc/arm-none-eabi/10.3.1/../../../arm-none-eabi/lib/thumb/v7e-m/nofp/libg_nano.a(lib_a-nano-msizer.o)
 .comment       0x0000000000000033       0x34 /usr/lib/gcc/arm-none-eabi/10.3.1/../../../arm-none-eabi/lib/thumb/v7e-m/nofp/libnosys.a(close.o)
 .comment       0x0000000000000033       0x34 /usr/lib/gcc/arm-none-eabi/10.3.1/../../../arm-none-eabi/lib/thumb/v7e-m/nofp/libnosys.a(fstat.o)
 .comment       0x0000000000000033       0x34 /usr/lib/gcc/arm-none-eabi/10.3.1/../../../arm-none-eabi/lib/thumb/v7e-m/nofp/libnosys.a(isatty.o)
 .comment       0x0000000000000033       0x34 /usr/lib/gcc/arm-none-eabi/10.3.1/../../../arm-none-eabi/lib/thumb/v7e-m/nofp/libnosys.a(lseek.o)
 .comment       0x0000000000000033       0x34 /usr/lib/gcc/arm-none-eabi/10.3.1/../../../arm-none-eabi/lib/thumb/v7e-m/nofp/libnosys.a(read.o)
 .comment       0x0000000000000033       0x34 /usr/lib/gcc/arm-none-eabi/10.3.1/../../../arm-none-eabi/lib/thumb/v7e-m/nofp/libnosys.a(sbrk.o)
 .comment       0x0000000000000033       0x34 /usr/lib/gcc/arm-none-eabi/10.3.1/thumb/v7e-m/nofp/crtend.o

.debug_info     0x0000000000000000    0x262f8
 .debug_info    0x0000000000000000      0xcef ./build/user/at32f415_clock.o
 .debug_info    0x0000000000000cef      0x10e ./build/user/at32f415_int.o
 .debug_info    0x0000000000000dfd     0x1c37 ./build/user/main.o
 .debug_info    0x0000000000002a34     0x211c ./firmware/at32f415_crm.o
 .debug_info    0x0000000000004b50      0x4e8 ./firmware/at32f415_exint.o
 .debug_info    0x0000000000005038     0x1ae6 ./firmware/at32f415_gpio.o
 .debug_info    0x0000000000006b1e     0x107d ./firmware/at32f415_i2c.o
 .debug_info    0x0000000000007b9b      0x93f ./firmware/at32f415_misc.o
 .debug_info    0x00000000000084da     0x2597 ./firmware/at32f415_tmr.o
 .debug_info    0x000000000000aa71      0xf97 ./firmware/at32f415_usart.o
 .debug_info    0x000000000000ba08       0x22 ./build/cmsis/startup_at32f415.o
 .debug_info    0x000000000000ba2a     0x1493 ./build/cmsis/system_at32f415.o
 .debug_info    0x000000000000cebd     0x22ab ./bsp/at32f415_board.o
 .debug_info    0x000000000000f168     0x1990 ./bsp/i2c.o
 .debug_info    0x0000000000010af8     0x192b ./bsp/i2c_application.o
 .debug_info    0x0000000000012423     0x12c4 ./bsp/timer1.o
 .debug_info    0x00000000000136e7       0xd9 ./bsp/uid.o
 .debug_info    0x00000000000137c0       0x26 /usr/lib/gcc/arm-none-eabi/10.3.1/thumb/v7e-m/nofp/libgcc.a(_aeabi_uldivmod.o)
 .debug_info    0x00000000000137e6      0x717 /usr/lib/gcc/arm-none-eabi/10.3.1/thumb/v7e-m/nofp/libgcc.a(_udivmoddi4.o)
 .debug_info    0x0000000000013efd       0x26 /usr/lib/gcc/arm-none-eabi/10.3.1/thumb/v7e-m/nofp/libgcc.a(_dvmd_tls.o)
 .debug_info    0x0000000000013f23      0x863 /usr/lib/gcc/arm-none-eabi/10.3.1/../../../arm-none-eabi/lib/thumb/v7e-m/nofp/libg_nano.a(lib_a-impure.o)
 .debug_info    0x0000000000014786      0x11a /usr/lib/gcc/arm-none-eabi/10.3.1/../../../arm-none-eabi/lib/thumb/v7e-m/nofp/libg_nano.a(lib_a-init.o)
 .debug_info    0x00000000000148a0      0x137 /usr/lib/gcc/arm-none-eabi/10.3.1/../../../arm-none-eabi/lib/thumb/v7e-m/nofp/libg_nano.a(lib_a-memset.o)
 .debug_info    0x00000000000149d7      0x8fd /usr/lib/gcc/arm-none-eabi/10.3.1/../../../arm-none-eabi/lib/thumb/v7e-m/nofp/libg_nano.a(lib_a-printf.o)
 .debug_info    0x00000000000152d4      0x886 /usr/lib/gcc/arm-none-eabi/10.3.1/../../../arm-none-eabi/lib/thumb/v7e-m/nofp/libg_nano.a(lib_a-putchar.o)
 .debug_info    0x0000000000015b5a      0xa41 /usr/lib/gcc/arm-none-eabi/10.3.1/../../../arm-none-eabi/lib/thumb/v7e-m/nofp/libg_nano.a(lib_a-puts.o)
 .debug_info    0x000000000001659b      0x998 /usr/lib/gcc/arm-none-eabi/10.3.1/../../../arm-none-eabi/lib/thumb/v7e-m/nofp/libg_nano.a(lib_a-wbuf.o)
 .debug_info    0x0000000000016f33      0x902 /usr/lib/gcc/arm-none-eabi/10.3.1/../../../arm-none-eabi/lib/thumb/v7e-m/nofp/libg_nano.a(lib_a-wsetup.o)
 .debug_info    0x0000000000017835      0xb0a /usr/lib/gcc/arm-none-eabi/10.3.1/../../../arm-none-eabi/lib/thumb/v7e-m/nofp/libg_nano.a(lib_a-fflush.o)
 .debug_info    0x000000000001833f      0xfae /usr/lib/gcc/arm-none-eabi/10.3.1/../../../arm-none-eabi/lib/thumb/v7e-m/nofp/libg_nano.a(lib_a-findfp.o)
 .debug_info    0x00000000000192ed      0x900 /usr/lib/gcc/arm-none-eabi/10.3.1/../../../arm-none-eabi/lib/thumb/v7e-m/nofp/libg_nano.a(lib_a-fwalk.o)
 .debug_info    0x0000000000019bed      0xc8a /usr/lib/gcc/arm-none-eabi/10.3.1/../../../arm-none-eabi/lib/thumb/v7e-m/nofp/libg_nano.a(lib_a-makebuf.o)
 .debug_info    0x000000000001a877      0x92b /usr/lib/gcc/arm-none-eabi/10.3.1/../../../arm-none-eabi/lib/thumb/v7e-m/nofp/libg_nano.a(lib_a-nano-freer.o)
 .debug_info    0x000000000001b1a2      0xa0c /usr/lib/gcc/arm-none-eabi/10.3.1/../../../arm-none-eabi/lib/thumb/v7e-m/nofp/libg_nano.a(lib_a-nano-mallocr.o)
 .debug_info    0x000000000001bbae     0x115f /usr/lib/gcc/arm-none-eabi/10.3.1/../../../arm-none-eabi/lib/thumb/v7e-m/nofp/libg_nano.a(lib_a-nano-vfprintf.o)
 .debug_info    0x000000000001cd0d      0xe9e /usr/lib/gcc/arm-none-eabi/10.3.1/../../../arm-none-eabi/lib/thumb/v7e-m/nofp/libg_nano.a(lib_a-nano-vfprintf_i.o)
 .debug_info    0x000000000001dbab      0xa45 /usr/lib/gcc/arm-none-eabi/10.3.1/../../../arm-none-eabi/lib/thumb/v7e-m/nofp/libg_nano.a(lib_a-putc.o)
 .debug_info    0x000000000001e5f0      0x828 /usr/lib/gcc/arm-none-eabi/10.3.1/../../../arm-none-eabi/lib/thumb/v7e-m/nofp/libg_nano.a(lib_a-sbrkr.o)
 .debug_info    0x000000000001ee18      0xabc /usr/lib/gcc/arm-none-eabi/10.3.1/../../../arm-none-eabi/lib/thumb/v7e-m/nofp/libg_nano.a(lib_a-stdio.o)
 .debug_info    0x000000000001f8d4      0x85a /usr/lib/gcc/arm-none-eabi/10.3.1/../../../arm-none-eabi/lib/thumb/v7e-m/nofp/libg_nano.a(lib_a-writer.o)
 .debug_info    0x000000000002012e      0x805 /usr/lib/gcc/arm-none-eabi/10.3.1/../../../arm-none-eabi/lib/thumb/v7e-m/nofp/libg_nano.a(lib_a-closer.o)
 .debug_info    0x0000000000020933      0xa1d /usr/lib/gcc/arm-none-eabi/10.3.1/../../../arm-none-eabi/lib/thumb/v7e-m/nofp/libg_nano.a(lib_a-fstatr.o)
 .debug_info    0x0000000000021350      0xb55 /usr/lib/gcc/arm-none-eabi/10.3.1/../../../arm-none-eabi/lib/thumb/v7e-m/nofp/libg_nano.a(lib_a-fvwrite.o)
 .debug_info    0x0000000000021ea5      0x805 /usr/lib/gcc/arm-none-eabi/10.3.1/../../../arm-none-eabi/lib/thumb/v7e-m/nofp/libg_nano.a(lib_a-isattyr.o)
 .debug_info    0x00000000000226aa      0x83b /usr/lib/gcc/arm-none-eabi/10.3.1/../../../arm-none-eabi/lib/thumb/v7e-m/nofp/libg_nano.a(lib_a-lseekr.o)
 .debug_info    0x0000000000022ee5       0x26 /usr/lib/gcc/arm-none-eabi/10.3.1/../../../arm-none-eabi/lib/thumb/v7e-m/nofp/libg_nano.a(lib_a-memchr.o)
 .debug_info    0x0000000000022f0b       0x26 /usr/lib/gcc/arm-none-eabi/10.3.1/../../../arm-none-eabi/lib/thumb/v7e-m/nofp/libg_nano.a(lib_a-memcpy.o)
 .debug_info    0x0000000000022f31      0x152 /usr/lib/gcc/arm-none-eabi/10.3.1/../../../arm-none-eabi/lib/thumb/v7e-m/nofp/libg_nano.a(lib_a-memmove.o)
 .debug_info    0x0000000000023083      0x7dc /usr/lib/gcc/arm-none-eabi/10.3.1/../../../arm-none-eabi/lib/thumb/v7e-m/nofp/libg_nano.a(lib_a-mlock.o)
 .debug_info    0x000000000002385f      0x911 /usr/lib/gcc/arm-none-eabi/10.3.1/../../../arm-none-eabi/lib/thumb/v7e-m/nofp/libg_nano.a(lib_a-nano-reallocr.o)
 .debug_info    0x0000000000024170      0x853 /usr/lib/gcc/arm-none-eabi/10.3.1/../../../arm-none-eabi/lib/thumb/v7e-m/nofp/libg_nano.a(lib_a-readr.o)
 .debug_info    0x00000000000249c3      0xa7e /usr/lib/gcc/arm-none-eabi/10.3.1/../../../arm-none-eabi/lib/thumb/v7e-m/nofp/libg_nano.a(lib_a-reent.o)
 .debug_info    0x0000000000025441      0x840 /usr/lib/gcc/arm-none-eabi/10.3.1/../../../arm-none-eabi/lib/thumb/v7e-m/nofp/libg_nano.a(lib_a-nano-msizer.o)
 .debug_info    0x0000000000025c81       0xb1 /usr/lib/gcc/arm-none-eabi/10.3.1/../../../arm-none-eabi/lib/thumb/v7e-m/nofp/libnosys.a(close.o)
 .debug_info    0x0000000000025d32      0x2cc /usr/lib/gcc/arm-none-eabi/10.3.1/../../../arm-none-eabi/lib/thumb/v7e-m/nofp/libnosys.a(fstat.o)
 .debug_info    0x0000000000025ffe       0xb1 /usr/lib/gcc/arm-none-eabi/10.3.1/../../../arm-none-eabi/lib/thumb/v7e-m/nofp/libnosys.a(isatty.o)
 .debug_info    0x00000000000260af       0xd3 /usr/lib/gcc/arm-none-eabi/10.3.1/../../../arm-none-eabi/lib/thumb/v7e-m/nofp/libnosys.a(lseek.o)
 .debug_info    0x0000000000026182       0xd9 /usr/lib/gcc/arm-none-eabi/10.3.1/../../../arm-none-eabi/lib/thumb/v7e-m/nofp/libnosys.a(read.o)
 .debug_info    0x000000000002625b       0x9d /usr/lib/gcc/arm-none-eabi/10.3.1/../../../arm-none-eabi/lib/thumb/v7e-m/nofp/libnosys.a(sbrk.o)

.debug_abbrev   0x0000000000000000     0x5fef
 .debug_abbrev  0x0000000000000000      0x1b9 ./build/user/at32f415_clock.o
 .debug_abbrev  0x00000000000001b9       0x44 ./build/user/at32f415_int.o
 .debug_abbrev  0x00000000000001fd      0x291 ./build/user/main.o
 .debug_abbrev  0x000000000000048e      0x229 ./firmware/at32f415_crm.o
 .debug_abbrev  0x00000000000006b7      0x159 ./firmware/at32f415_exint.o
 .debug_abbrev  0x0000000000000810      0x203 ./firmware/at32f415_gpio.o
 .debug_abbrev  0x0000000000000a13      0x240 ./firmware/at32f415_i2c.o
 .debug_abbrev  0x0000000000000c53      0x232 ./firmware/at32f415_misc.o
 .debug_abbrev  0x0000000000000e85      0x1e5 ./firmware/at32f415_tmr.o
 .debug_abbrev  0x000000000000106a      0x224 ./firmware/at32f415_usart.o
 .debug_abbrev  0x000000000000128e       0x12 ./build/cmsis/startup_at32f415.o
 .debug_abbrev  0x00000000000012a0      0x187 ./build/cmsis/system_at32f415.o
 .debug_abbrev  0x0000000000001427      0x33e ./bsp/at32f415_board.o
 .debug_abbrev  0x0000000000001765      0x1d2 ./bsp/i2c.o
 .debug_abbrev  0x0000000000001937      0x28b ./bsp/i2c_application.o
 .debug_abbrev  0x0000000000001bc2      0x162 ./bsp/timer1.o
 .debug_abbrev  0x0000000000001d24       0x64 ./bsp/uid.o
 .debug_abbrev  0x0000000000001d88       0x14 /usr/lib/gcc/arm-none-eabi/10.3.1/thumb/v7e-m/nofp/libgcc.a(_aeabi_uldivmod.o)
 .debug_abbrev  0x0000000000001d9c      0x163 /usr/lib/gcc/arm-none-eabi/10.3.1/thumb/v7e-m/nofp/libgcc.a(_udivmoddi4.o)
 .debug_abbrev  0x0000000000001eff       0x14 /usr/lib/gcc/arm-none-eabi/10.3.1/thumb/v7e-m/nofp/libgcc.a(_dvmd_tls.o)
 .debug_abbrev  0x0000000000001f13      0x151 /usr/lib/gcc/arm-none-eabi/10.3.1/../../../arm-none-eabi/lib/thumb/v7e-m/nofp/libg_nano.a(lib_a-impure.o)
 .debug_abbrev  0x0000000000002064       0xcc /usr/lib/gcc/arm-none-eabi/10.3.1/../../../arm-none-eabi/lib/thumb/v7e-m/nofp/libg_nano.a(lib_a-init.o)
 .debug_abbrev  0x0000000000002130       0xb4 /usr/lib/gcc/arm-none-eabi/10.3.1/../../../arm-none-eabi/lib/thumb/v7e-m/nofp/libg_nano.a(lib_a-memset.o)
 .debug_abbrev  0x00000000000021e4      0x23e /usr/lib/gcc/arm-none-eabi/10.3.1/../../../arm-none-eabi/lib/thumb/v7e-m/nofp/libg_nano.a(lib_a-printf.o)
 .debug_abbrev  0x0000000000002422      0x207 /usr/lib/gcc/arm-none-eabi/10.3.1/../../../arm-none-eabi/lib/thumb/v7e-m/nofp/libg_nano.a(lib_a-putchar.o)
 .debug_abbrev  0x0000000000002629      0x28e /usr/lib/gcc/arm-none-eabi/10.3.1/../../../arm-none-eabi/lib/thumb/v7e-m/nofp/libg_nano.a(lib_a-puts.o)
 .debug_abbrev  0x00000000000028b7      0x21f /usr/lib/gcc/arm-none-eabi/10.3.1/../../../arm-none-eabi/lib/thumb/v7e-m/nofp/libg_nano.a(lib_a-wbuf.o)
 .debug_abbrev  0x0000000000002ad6      0x1d4 /usr/lib/gcc/arm-none-eabi/10.3.1/../../../arm-none-eabi/lib/thumb/v7e-m/nofp/libg_nano.a(lib_a-wsetup.o)
 .debug_abbrev  0x0000000000002caa      0x2da /usr/lib/gcc/arm-none-eabi/10.3.1/../../../arm-none-eabi/lib/thumb/v7e-m/nofp/libg_nano.a(lib_a-fflush.o)
 .debug_abbrev  0x0000000000002f84      0x3cd /usr/lib/gcc/arm-none-eabi/10.3.1/../../../arm-none-eabi/lib/thumb/v7e-m/nofp/libg_nano.a(lib_a-findfp.o)
 .debug_abbrev  0x0000000000003351      0x197 /usr/lib/gcc/arm-none-eabi/10.3.1/../../../arm-none-eabi/lib/thumb/v7e-m/nofp/libg_nano.a(lib_a-fwalk.o)
 .debug_abbrev  0x00000000000034e8      0x278 /usr/lib/gcc/arm-none-eabi/10.3.1/../../../arm-none-eabi/lib/thumb/v7e-m/nofp/libg_nano.a(lib_a-makebuf.o)
 .debug_abbrev  0x0000000000003760      0x245 /usr/lib/gcc/arm-none-eabi/10.3.1/../../../arm-none-eabi/lib/thumb/v7e-m/nofp/libg_nano.a(lib_a-nano-freer.o)
 .debug_abbrev  0x00000000000039a5      0x290 /usr/lib/gcc/arm-none-eabi/10.3.1/../../../arm-none-eabi/lib/thumb/v7e-m/nofp/libg_nano.a(lib_a-nano-mallocr.o)
 .debug_abbrev  0x0000000000003c35      0x358 /usr/lib/gcc/arm-none-eabi/10.3.1/../../../arm-none-eabi/lib/thumb/v7e-m/nofp/libg_nano.a(lib_a-nano-vfprintf.o)
 .debug_abbrev  0x0000000000003f8d      0x25c /usr/lib/gcc/arm-none-eabi/10.3.1/../../../arm-none-eabi/lib/thumb/v7e-m/nofp/libg_nano.a(lib_a-nano-vfprintf_i.o)
 .debug_abbrev  0x00000000000041e9      0x260 /usr/lib/gcc/arm-none-eabi/10.3.1/../../../arm-none-eabi/lib/thumb/v7e-m/nofp/libg_nano.a(lib_a-putc.o)
 .debug_abbrev  0x0000000000004449      0x1d6 /usr/lib/gcc/arm-none-eabi/10.3.1/../../../arm-none-eabi/lib/thumb/v7e-m/nofp/libg_nano.a(lib_a-sbrkr.o)
 .debug_abbrev  0x000000000000461f      0x1fb /usr/lib/gcc/arm-none-eabi/10.3.1/../../../arm-none-eabi/lib/thumb/v7e-m/nofp/libg_nano.a(lib_a-stdio.o)
 .debug_abbrev  0x000000000000481a      0x1b0 /usr/lib/gcc/arm-none-eabi/10.3.1/../../../arm-none-eabi/lib/thumb/v7e-m/nofp/libg_nano.a(lib_a-writer.o)
 .debug_abbrev  0x00000000000049ca      0x1ab /usr/lib/gcc/arm-none-eabi/10.3.1/../../../arm-none-eabi/lib/thumb/v7e-m/nofp/libg_nano.a(lib_a-closer.o)
 .debug_abbrev  0x0000000000004b75      0x1bf /usr/lib/gcc/arm-none-eabi/10.3.1/../../../arm-none-eabi/lib/thumb/v7e-m/nofp/libg_nano.a(lib_a-fstatr.o)
 .debug_abbrev  0x0000000000004d34      0x1f4 /usr/lib/gcc/arm-none-eabi/10.3.1/../../../arm-none-eabi/lib/thumb/v7e-m/nofp/libg_nano.a(lib_a-fvwrite.o)
 .debug_abbrev  0x0000000000004f28      0x1ab /usr/lib/gcc/arm-none-eabi/10.3.1/../../../arm-none-eabi/lib/thumb/v7e-m/nofp/libg_nano.a(lib_a-isattyr.o)
 .debug_abbrev  0x00000000000050d3      0x1bf /usr/lib/gcc/arm-none-eabi/10.3.1/../../../arm-none-eabi/lib/thumb/v7e-m/nofp/libg_nano.a(lib_a-lseekr.o)
 .debug_abbrev  0x0000000000005292       0x14 /usr/lib/gcc/arm-none-eabi/10.3.1/../../../arm-none-eabi/lib/thumb/v7e-m/nofp/libg_nano.a(lib_a-memchr.o)
 .debug_abbrev  0x00000000000052a6       0x14 /usr/lib/gcc/arm-none-eabi/10.3.1/../../../arm-none-eabi/lib/thumb/v7e-m/nofp/libg_nano.a(lib_a-memcpy.o)
 .debug_abbrev  0x00000000000052ba       0xc0 /usr/lib/gcc/arm-none-eabi/10.3.1/../../../arm-none-eabi/lib/thumb/v7e-m/nofp/libg_nano.a(lib_a-memmove.o)
 .debug_abbrev  0x000000000000537a      0x189 /usr/lib/gcc/arm-none-eabi/10.3.1/../../../arm-none-eabi/lib/thumb/v7e-m/nofp/libg_nano.a(lib_a-mlock.o)
 .debug_abbrev  0x0000000000005503      0x1d6 /usr/lib/gcc/arm-none-eabi/10.3.1/../../../arm-none-eabi/lib/thumb/v7e-m/nofp/libg_nano.a(lib_a-nano-reallocr.o)
 .debug_abbrev  0x00000000000056d9      0x1ab /usr/lib/gcc/arm-none-eabi/10.3.1/../../../arm-none-eabi/lib/thumb/v7e-m/nofp/libg_nano.a(lib_a-readr.o)
 .debug_abbrev  0x0000000000005884      0x265 /usr/lib/gcc/arm-none-eabi/10.3.1/../../../arm-none-eabi/lib/thumb/v7e-m/nofp/libg_nano.a(lib_a-reent.o)
 .debug_abbrev  0x0000000000005ae9      0x191 /usr/lib/gcc/arm-none-eabi/10.3.1/../../../arm-none-eabi/lib/thumb/v7e-m/nofp/libg_nano.a(lib_a-nano-msizer.o)
 .debug_abbrev  0x0000000000005c7a       0x6d /usr/lib/gcc/arm-none-eabi/10.3.1/../../../arm-none-eabi/lib/thumb/v7e-m/nofp/libnosys.a(close.o)
 .debug_abbrev  0x0000000000005ce7       0xcc /usr/lib/gcc/arm-none-eabi/10.3.1/../../../arm-none-eabi/lib/thumb/v7e-m/nofp/libnosys.a(fstat.o)
 .debug_abbrev  0x0000000000005db3       0x6d /usr/lib/gcc/arm-none-eabi/10.3.1/../../../arm-none-eabi/lib/thumb/v7e-m/nofp/libnosys.a(isatty.o)
 .debug_abbrev  0x0000000000005e20       0x92 /usr/lib/gcc/arm-none-eabi/10.3.1/../../../arm-none-eabi/lib/thumb/v7e-m/nofp/libnosys.a(lseek.o)
 .debug_abbrev  0x0000000000005eb2       0x9b /usr/lib/gcc/arm-none-eabi/10.3.1/../../../arm-none-eabi/lib/thumb/v7e-m/nofp/libnosys.a(read.o)
 .debug_abbrev  0x0000000000005f4d       0xa2 /usr/lib/gcc/arm-none-eabi/10.3.1/../../../arm-none-eabi/lib/thumb/v7e-m/nofp/libnosys.a(sbrk.o)

.debug_aranges  0x0000000000000000      0xf08
 .debug_aranges
                0x0000000000000000       0x20 ./build/user/at32f415_clock.o
 .debug_aranges
                0x0000000000000020       0x60 ./build/user/at32f415_int.o
 .debug_aranges
                0x0000000000000080       0x40 ./build/user/main.o
 .debug_aranges
                0x00000000000000c0      0x130 ./firmware/at32f415_crm.o
 .debug_aranges
                0x00000000000001f0       0x58 ./firmware/at32f415_exint.o
 .debug_aranges
                0x0000000000000248       0xa0 ./firmware/at32f415_gpio.o
 .debug_aranges
                0x00000000000002e8      0x108 ./firmware/at32f415_i2c.o
 .debug_aranges
                0x00000000000003f0       0x88 ./firmware/at32f415_misc.o
 .debug_aranges
                0x0000000000000478      0x1d0 ./firmware/at32f415_tmr.o
 .debug_aranges
                0x0000000000000648      0x100 ./firmware/at32f415_usart.o
 .debug_aranges
                0x0000000000000748       0x28 ./build/cmsis/startup_at32f415.o
 .debug_aranges
                0x0000000000000770       0x28 ./build/cmsis/system_at32f415.o
 .debug_aranges
                0x0000000000000798       0x90 ./bsp/at32f415_board.o
 .debug_aranges
                0x0000000000000828       0x20 ./bsp/i2c.o
 .debug_aranges
                0x0000000000000848      0x140 ./bsp/i2c_application.o
 .debug_aranges
                0x0000000000000988       0x28 ./bsp/timer1.o
 .debug_aranges
                0x00000000000009b0       0x20 ./bsp/uid.o
 .debug_aranges
                0x00000000000009d0       0x20 /usr/lib/gcc/arm-none-eabi/10.3.1/thumb/v7e-m/nofp/libgcc.a(_aeabi_uldivmod.o)
 .debug_aranges
                0x00000000000009f0       0x20 /usr/lib/gcc/arm-none-eabi/10.3.1/thumb/v7e-m/nofp/libgcc.a(_udivmoddi4.o)
 .debug_aranges
                0x0000000000000a10       0x20 /usr/lib/gcc/arm-none-eabi/10.3.1/thumb/v7e-m/nofp/libgcc.a(_dvmd_tls.o)
 .debug_aranges
                0x0000000000000a30       0x18 /usr/lib/gcc/arm-none-eabi/10.3.1/../../../arm-none-eabi/lib/thumb/v7e-m/nofp/libg_nano.a(lib_a-impure.o)
 .debug_aranges
                0x0000000000000a48       0x20 /usr/lib/gcc/arm-none-eabi/10.3.1/../../../arm-none-eabi/lib/thumb/v7e-m/nofp/libg_nano.a(lib_a-init.o)
 .debug_aranges
                0x0000000000000a68       0x20 /usr/lib/gcc/arm-none-eabi/10.3.1/../../../arm-none-eabi/lib/thumb/v7e-m/nofp/libg_nano.a(lib_a-memset.o)
 .debug_aranges
                0x0000000000000a88       0x20 /usr/lib/gcc/arm-none-eabi/10.3.1/../../../arm-none-eabi/lib/thumb/v7e-m/nofp/libg_nano.a(lib_a-printf.o)
 .debug_aranges
                0x0000000000000aa8       0x20 /usr/lib/gcc/arm-none-eabi/10.3.1/../../../arm-none-eabi/lib/thumb/v7e-m/nofp/libg_nano.a(lib_a-putchar.o)
 .debug_aranges
                0x0000000000000ac8       0x20 /usr/lib/gcc/arm-none-eabi/10.3.1/../../../arm-none-eabi/lib/thumb/v7e-m/nofp/libg_nano.a(lib_a-puts.o)
 .debug_aranges
                0x0000000000000ae8       0x20 /usr/lib/gcc/arm-none-eabi/10.3.1/../../../arm-none-eabi/lib/thumb/v7e-m/nofp/libg_nano.a(lib_a-wbuf.o)
 .debug_aranges
                0x0000000000000b08       0x20 /usr/lib/gcc/arm-none-eabi/10.3.1/../../../arm-none-eabi/lib/thumb/v7e-m/nofp/libg_nano.a(lib_a-wsetup.o)
 .debug_aranges
                0x0000000000000b28       0x20 /usr/lib/gcc/arm-none-eabi/10.3.1/../../../arm-none-eabi/lib/thumb/v7e-m/nofp/libg_nano.a(lib_a-fflush.o)
 .debug_aranges
                0x0000000000000b48       0x20 /usr/lib/gcc/arm-none-eabi/10.3.1/../../../arm-none-eabi/lib/thumb/v7e-m/nofp/libg_nano.a(lib_a-findfp.o)
 .debug_aranges
                0x0000000000000b68       0x20 /usr/lib/gcc/arm-none-eabi/10.3.1/../../../arm-none-eabi/lib/thumb/v7e-m/nofp/libg_nano.a(lib_a-fwalk.o)
 .debug_aranges
                0x0000000000000b88       0x20 /usr/lib/gcc/arm-none-eabi/10.3.1/../../../arm-none-eabi/lib/thumb/v7e-m/nofp/libg_nano.a(lib_a-makebuf.o)
 .debug_aranges
                0x0000000000000ba8       0x20 /usr/lib/gcc/arm-none-eabi/10.3.1/../../../arm-none-eabi/lib/thumb/v7e-m/nofp/libg_nano.a(lib_a-nano-freer.o)
 .debug_aranges
                0x0000000000000bc8       0x20 /usr/lib/gcc/arm-none-eabi/10.3.1/../../../arm-none-eabi/lib/thumb/v7e-m/nofp/libg_nano.a(lib_a-nano-mallocr.o)
 .debug_aranges
                0x0000000000000be8       0x20 /usr/lib/gcc/arm-none-eabi/10.3.1/../../../arm-none-eabi/lib/thumb/v7e-m/nofp/libg_nano.a(lib_a-nano-vfprintf.o)
 .debug_aranges
                0x0000000000000c08       0x20 /usr/lib/gcc/arm-none-eabi/10.3.1/../../../arm-none-eabi/lib/thumb/v7e-m/nofp/libg_nano.a(lib_a-nano-vfprintf_i.o)
 .debug_aranges
                0x0000000000000c28       0x20 /usr/lib/gcc/arm-none-eabi/10.3.1/../../../arm-none-eabi/lib/thumb/v7e-m/nofp/libg_nano.a(lib_a-putc.o)
 .debug_aranges
                0x0000000000000c48       0x20 /usr/lib/gcc/arm-none-eabi/10.3.1/../../../arm-none-eabi/lib/thumb/v7e-m/nofp/libg_nano.a(lib_a-sbrkr.o)
 .debug_aranges
                0x0000000000000c68       0x20 /usr/lib/gcc/arm-none-eabi/10.3.1/../../../arm-none-eabi/lib/thumb/v7e-m/nofp/libg_nano.a(lib_a-stdio.o)
 .debug_aranges
                0x0000000000000c88       0x20 /usr/lib/gcc/arm-none-eabi/10.3.1/../../../arm-none-eabi/lib/thumb/v7e-m/nofp/libg_nano.a(lib_a-writer.o)
 .debug_aranges
                0x0000000000000ca8       0x20 /usr/lib/gcc/arm-none-eabi/10.3.1/../../../arm-none-eabi/lib/thumb/v7e-m/nofp/libg_nano.a(lib_a-closer.o)
 .debug_aranges
                0x0000000000000cc8       0x20 /usr/lib/gcc/arm-none-eabi/10.3.1/../../../arm-none-eabi/lib/thumb/v7e-m/nofp/libg_nano.a(lib_a-fstatr.o)
 .debug_aranges
                0x0000000000000ce8       0x20 /usr/lib/gcc/arm-none-eabi/10.3.1/../../../arm-none-eabi/lib/thumb/v7e-m/nofp/libg_nano.a(lib_a-fvwrite.o)
 .debug_aranges
                0x0000000000000d08       0x20 /usr/lib/gcc/arm-none-eabi/10.3.1/../../../arm-none-eabi/lib/thumb/v7e-m/nofp/libg_nano.a(lib_a-isattyr.o)
 .debug_aranges
                0x0000000000000d28       0x20 /usr/lib/gcc/arm-none-eabi/10.3.1/../../../arm-none-eabi/lib/thumb/v7e-m/nofp/libg_nano.a(lib_a-lseekr.o)
 .debug_aranges
                0x0000000000000d48       0x20 /usr/lib/gcc/arm-none-eabi/10.3.1/../../../arm-none-eabi/lib/thumb/v7e-m/nofp/libg_nano.a(lib_a-memchr.o)
 .debug_aranges
                0x0000000000000d68       0x20 /usr/lib/gcc/arm-none-eabi/10.3.1/../../../arm-none-eabi/lib/thumb/v7e-m/nofp/libg_nano.a(lib_a-memcpy.o)
 .debug_aranges
                0x0000000000000d88       0x20 /usr/lib/gcc/arm-none-eabi/10.3.1/../../../arm-none-eabi/lib/thumb/v7e-m/nofp/libg_nano.a(lib_a-memmove.o)
 .debug_aranges
                0x0000000000000da8       0x20 /usr/lib/gcc/arm-none-eabi/10.3.1/../../../arm-none-eabi/lib/thumb/v7e-m/nofp/libg_nano.a(lib_a-mlock.o)
 .debug_aranges
                0x0000000000000dc8       0x20 /usr/lib/gcc/arm-none-eabi/10.3.1/../../../arm-none-eabi/lib/thumb/v7e-m/nofp/libg_nano.a(lib_a-nano-reallocr.o)
 .debug_aranges
                0x0000000000000de8       0x20 /usr/lib/gcc/arm-none-eabi/10.3.1/../../../arm-none-eabi/lib/thumb/v7e-m/nofp/libg_nano.a(lib_a-readr.o)
 .debug_aranges
                0x0000000000000e08       0x20 /usr/lib/gcc/arm-none-eabi/10.3.1/../../../arm-none-eabi/lib/thumb/v7e-m/nofp/libg_nano.a(lib_a-reent.o)
 .debug_aranges
                0x0000000000000e28       0x20 /usr/lib/gcc/arm-none-eabi/10.3.1/../../../arm-none-eabi/lib/thumb/v7e-m/nofp/libg_nano.a(lib_a-nano-msizer.o)
 .debug_aranges
                0x0000000000000e48       0x20 /usr/lib/gcc/arm-none-eabi/10.3.1/../../../arm-none-eabi/lib/thumb/v7e-m/nofp/libnosys.a(close.o)
 .debug_aranges
                0x0000000000000e68       0x20 /usr/lib/gcc/arm-none-eabi/10.3.1/../../../arm-none-eabi/lib/thumb/v7e-m/nofp/libnosys.a(fstat.o)
 .debug_aranges
                0x0000000000000e88       0x20 /usr/lib/gcc/arm-none-eabi/10.3.1/../../../arm-none-eabi/lib/thumb/v7e-m/nofp/libnosys.a(isatty.o)
 .debug_aranges
                0x0000000000000ea8       0x20 /usr/lib/gcc/arm-none-eabi/10.3.1/../../../arm-none-eabi/lib/thumb/v7e-m/nofp/libnosys.a(lseek.o)
 .debug_aranges
                0x0000000000000ec8       0x20 /usr/lib/gcc/arm-none-eabi/10.3.1/../../../arm-none-eabi/lib/thumb/v7e-m/nofp/libnosys.a(read.o)
 .debug_aranges
                0x0000000000000ee8       0x20 /usr/lib/gcc/arm-none-eabi/10.3.1/../../../arm-none-eabi/lib/thumb/v7e-m/nofp/libnosys.a(sbrk.o)

.debug_ranges   0x0000000000000000      0xe50
 .debug_ranges  0x0000000000000000       0x10 ./build/user/at32f415_clock.o
 .debug_ranges  0x0000000000000010       0x50 ./build/user/at32f415_int.o
 .debug_ranges  0x0000000000000060       0x30 ./build/user/main.o
 .debug_ranges  0x0000000000000090      0x120 ./firmware/at32f415_crm.o
 .debug_ranges  0x00000000000001b0       0x48 ./firmware/at32f415_exint.o
 .debug_ranges  0x00000000000001f8       0x90 ./firmware/at32f415_gpio.o
 .debug_ranges  0x0000000000000288       0xf8 ./firmware/at32f415_i2c.o
 .debug_ranges  0x0000000000000380       0x78 ./firmware/at32f415_misc.o
 .debug_ranges  0x00000000000003f8      0x1c0 ./firmware/at32f415_tmr.o
 .debug_ranges  0x00000000000005b8       0xf0 ./firmware/at32f415_usart.o
 .debug_ranges  0x00000000000006a8       0x20 ./build/cmsis/startup_at32f415.o
 .debug_ranges  0x00000000000006c8       0x18 ./build/cmsis/system_at32f415.o
 .debug_ranges  0x00000000000006e0       0x80 ./bsp/at32f415_board.o
 .debug_ranges  0x0000000000000760       0x10 ./bsp/i2c.o
 .debug_ranges  0x0000000000000770      0x130 ./bsp/i2c_application.o
 .debug_ranges  0x00000000000008a0       0x18 ./bsp/timer1.o
 .debug_ranges  0x00000000000008b8       0x10 ./bsp/uid.o
 .debug_ranges  0x00000000000008c8       0xe8 /usr/lib/gcc/arm-none-eabi/10.3.1/thumb/v7e-m/nofp/libgcc.a(_udivmoddi4.o)
 .debug_ranges  0x00000000000009b0       0x58 /usr/lib/gcc/arm-none-eabi/10.3.1/../../../arm-none-eabi/lib/thumb/v7e-m/nofp/libg_nano.a(lib_a-puts.o)
 .debug_ranges  0x0000000000000a08       0x20 /usr/lib/gcc/arm-none-eabi/10.3.1/../../../arm-none-eabi/lib/thumb/v7e-m/nofp/libg_nano.a(lib_a-wbuf.o)
 .debug_ranges  0x0000000000000a28       0x30 /usr/lib/gcc/arm-none-eabi/10.3.1/../../../arm-none-eabi/lib/thumb/v7e-m/nofp/libg_nano.a(lib_a-wsetup.o)
 .debug_ranges  0x0000000000000a58       0xc0 /usr/lib/gcc/arm-none-eabi/10.3.1/../../../arm-none-eabi/lib/thumb/v7e-m/nofp/libg_nano.a(lib_a-fflush.o)
 .debug_ranges  0x0000000000000b18       0xc8 /usr/lib/gcc/arm-none-eabi/10.3.1/../../../arm-none-eabi/lib/thumb/v7e-m/nofp/libg_nano.a(lib_a-findfp.o)
 .debug_ranges  0x0000000000000be0       0x78 /usr/lib/gcc/arm-none-eabi/10.3.1/../../../arm-none-eabi/lib/thumb/v7e-m/nofp/libg_nano.a(lib_a-makebuf.o)
 .debug_ranges  0x0000000000000c58       0x18 /usr/lib/gcc/arm-none-eabi/10.3.1/../../../arm-none-eabi/lib/thumb/v7e-m/nofp/libg_nano.a(lib_a-nano-freer.o)
 .debug_ranges  0x0000000000000c70       0x38 /usr/lib/gcc/arm-none-eabi/10.3.1/../../../arm-none-eabi/lib/thumb/v7e-m/nofp/libg_nano.a(lib_a-nano-mallocr.o)
 .debug_ranges  0x0000000000000ca8       0x40 /usr/lib/gcc/arm-none-eabi/10.3.1/../../../arm-none-eabi/lib/thumb/v7e-m/nofp/libg_nano.a(lib_a-nano-vfprintf.o)
 .debug_ranges  0x0000000000000ce8       0xa0 /usr/lib/gcc/arm-none-eabi/10.3.1/../../../arm-none-eabi/lib/thumb/v7e-m/nofp/libg_nano.a(lib_a-nano-vfprintf_i.o)
 .debug_ranges  0x0000000000000d88       0xa0 /usr/lib/gcc/arm-none-eabi/10.3.1/../../../arm-none-eabi/lib/thumb/v7e-m/nofp/libg_nano.a(lib_a-putc.o)
 .debug_ranges  0x0000000000000e28       0x28 /usr/lib/gcc/arm-none-eabi/10.3.1/../../../arm-none-eabi/lib/thumb/v7e-m/nofp/libg_nano.a(lib_a-fvwrite.o)

.debug_line     0x0000000000000000     0xa8a2
 .debug_line    0x0000000000000000      0x14d ./build/user/at32f415_clock.o
 .debug_line    0x000000000000014d       0xf8 ./build/user/at32f415_int.o
 .debug_line    0x0000000000000245      0x263 ./build/user/main.o
 .debug_line    0x00000000000004a8      0x854 ./firmware/at32f415_crm.o
 .debug_line    0x0000000000000cfc      0x248 ./firmware/at32f415_exint.o
 .debug_line    0x0000000000000f44      0x4b1 ./firmware/at32f415_gpio.o
 .debug_line    0x00000000000013f5      0x4a8 ./firmware/at32f415_i2c.o
 .debug_line    0x000000000000189d      0x39e ./firmware/at32f415_misc.o
 .debug_line    0x0000000000001c3b      0xaa6 ./firmware/at32f415_tmr.o
 .debug_line    0x00000000000026e1      0x481 ./firmware/at32f415_usart.o
 .debug_line    0x0000000000002b62       0x77 ./build/cmsis/startup_at32f415.o
 .debug_line    0x0000000000002bd9      0x2e9 ./build/cmsis/system_at32f415.o
 .debug_line    0x0000000000002ec2      0x51b ./bsp/at32f415_board.o
 .debug_line    0x00000000000033dd      0x18d ./bsp/i2c.o
 .debug_line    0x000000000000356a     0x1103 ./bsp/i2c_application.o
 .debug_line    0x000000000000466d      0x15b ./bsp/timer1.o
 .debug_line    0x00000000000047c8       0xc0 ./bsp/uid.o
 .debug_line    0x0000000000004888       0x60 /usr/lib/gcc/arm-none-eabi/10.3.1/thumb/v7e-m/nofp/libgcc.a(_aeabi_uldivmod.o)
 .debug_line    0x00000000000048e8      0x5b4 /usr/lib/gcc/arm-none-eabi/10.3.1/thumb/v7e-m/nofp/libgcc.a(_udivmoddi4.o)
 .debug_line    0x0000000000004e9c       0x60 /usr/lib/gcc/arm-none-eabi/10.3.1/thumb/v7e-m/nofp/libgcc.a(_dvmd_tls.o)
 .debug_line    0x0000000000004efc       0xe4 /usr/lib/gcc/arm-none-eabi/10.3.1/../../../arm-none-eabi/lib/thumb/v7e-m/nofp/libg_nano.a(lib_a-impure.o)
 .debug_line    0x0000000000004fe0      0x138 /usr/lib/gcc/arm-none-eabi/10.3.1/../../../arm-none-eabi/lib/thumb/v7e-m/nofp/libg_nano.a(lib_a-init.o)
 .debug_line    0x0000000000005118      0x1bf /usr/lib/gcc/arm-none-eabi/10.3.1/../../../arm-none-eabi/lib/thumb/v7e-m/nofp/libg_nano.a(lib_a-memset.o)
 .debug_line    0x00000000000052d7      0x22c /usr/lib/gcc/arm-none-eabi/10.3.1/../../../arm-none-eabi/lib/thumb/v7e-m/nofp/libg_nano.a(lib_a-printf.o)
 .debug_line    0x0000000000005503      0x1fd /usr/lib/gcc/arm-none-eabi/10.3.1/../../../arm-none-eabi/lib/thumb/v7e-m/nofp/libg_nano.a(lib_a-putchar.o)
 .debug_line    0x0000000000005700      0x31f /usr/lib/gcc/arm-none-eabi/10.3.1/../../../arm-none-eabi/lib/thumb/v7e-m/nofp/libg_nano.a(lib_a-puts.o)
 .debug_line    0x0000000000005a1f      0x279 /usr/lib/gcc/arm-none-eabi/10.3.1/../../../arm-none-eabi/lib/thumb/v7e-m/nofp/libg_nano.a(lib_a-wbuf.o)
 .debug_line    0x0000000000005c98      0x33e /usr/lib/gcc/arm-none-eabi/10.3.1/../../../arm-none-eabi/lib/thumb/v7e-m/nofp/libg_nano.a(lib_a-wsetup.o)
 .debug_line    0x0000000000005fd6      0x47a /usr/lib/gcc/arm-none-eabi/10.3.1/../../../arm-none-eabi/lib/thumb/v7e-m/nofp/libg_nano.a(lib_a-fflush.o)
 .debug_line    0x0000000000006450      0x589 /usr/lib/gcc/arm-none-eabi/10.3.1/../../../arm-none-eabi/lib/thumb/v7e-m/nofp/libg_nano.a(lib_a-findfp.o)
 .debug_line    0x00000000000069d9      0x29e /usr/lib/gcc/arm-none-eabi/10.3.1/../../../arm-none-eabi/lib/thumb/v7e-m/nofp/libg_nano.a(lib_a-fwalk.o)
 .debug_line    0x0000000000006c77      0x3b2 /usr/lib/gcc/arm-none-eabi/10.3.1/../../../arm-none-eabi/lib/thumb/v7e-m/nofp/libg_nano.a(lib_a-makebuf.o)
 .debug_line    0x0000000000007029      0x2c0 /usr/lib/gcc/arm-none-eabi/10.3.1/../../../arm-none-eabi/lib/thumb/v7e-m/nofp/libg_nano.a(lib_a-nano-freer.o)
 .debug_line    0x00000000000072e9      0x2d0 /usr/lib/gcc/arm-none-eabi/10.3.1/../../../arm-none-eabi/lib/thumb/v7e-m/nofp/libg_nano.a(lib_a-nano-mallocr.o)
 .debug_line    0x00000000000075b9      0x6ee /usr/lib/gcc/arm-none-eabi/10.3.1/../../../arm-none-eabi/lib/thumb/v7e-m/nofp/libg_nano.a(lib_a-nano-vfprintf.o)
 .debug_line    0x0000000000007ca7      0x750 /usr/lib/gcc/arm-none-eabi/10.3.1/../../../arm-none-eabi/lib/thumb/v7e-m/nofp/libg_nano.a(lib_a-nano-vfprintf_i.o)
 .debug_line    0x00000000000083f7      0x387 /usr/lib/gcc/arm-none-eabi/10.3.1/../../../arm-none-eabi/lib/thumb/v7e-m/nofp/libg_nano.a(lib_a-putc.o)
 .debug_line    0x000000000000877e      0x183 /usr/lib/gcc/arm-none-eabi/10.3.1/../../../arm-none-eabi/lib/thumb/v7e-m/nofp/libg_nano.a(lib_a-sbrkr.o)
 .debug_line    0x0000000000008901      0x231 /usr/lib/gcc/arm-none-eabi/10.3.1/../../../arm-none-eabi/lib/thumb/v7e-m/nofp/libg_nano.a(lib_a-stdio.o)
 .debug_line    0x0000000000008b32      0x189 /usr/lib/gcc/arm-none-eabi/10.3.1/../../../arm-none-eabi/lib/thumb/v7e-m/nofp/libg_nano.a(lib_a-writer.o)
 .debug_line    0x0000000000008cbb      0x183 /usr/lib/gcc/arm-none-eabi/10.3.1/../../../arm-none-eabi/lib/thumb/v7e-m/nofp/libg_nano.a(lib_a-closer.o)
 .debug_line    0x0000000000008e3e      0x203 /usr/lib/gcc/arm-none-eabi/10.3.1/../../../arm-none-eabi/lib/thumb/v7e-m/nofp/libg_nano.a(lib_a-fstatr.o)
 .debug_line    0x0000000000009041      0x5dd /usr/lib/gcc/arm-none-eabi/10.3.1/../../../arm-none-eabi/lib/thumb/v7e-m/nofp/libg_nano.a(lib_a-fvwrite.o)
 .debug_line    0x000000000000961e      0x184 /usr/lib/gcc/arm-none-eabi/10.3.1/../../../arm-none-eabi/lib/thumb/v7e-m/nofp/libg_nano.a(lib_a-isattyr.o)
 .debug_line    0x00000000000097a2      0x189 /usr/lib/gcc/arm-none-eabi/10.3.1/../../../arm-none-eabi/lib/thumb/v7e-m/nofp/libg_nano.a(lib_a-lseekr.o)
 .debug_line    0x000000000000992b       0xa4 /usr/lib/gcc/arm-none-eabi/10.3.1/../../../arm-none-eabi/lib/thumb/v7e-m/nofp/libg_nano.a(lib_a-memchr.o)
 .debug_line    0x00000000000099cf       0xbe /usr/lib/gcc/arm-none-eabi/10.3.1/../../../arm-none-eabi/lib/thumb/v7e-m/nofp/libg_nano.a(lib_a-memcpy.o)
 .debug_line    0x0000000000009a8d      0x1ee /usr/lib/gcc/arm-none-eabi/10.3.1/../../../arm-none-eabi/lib/thumb/v7e-m/nofp/libg_nano.a(lib_a-memmove.o)
 .debug_line    0x0000000000009c7b      0x13e /usr/lib/gcc/arm-none-eabi/10.3.1/../../../arm-none-eabi/lib/thumb/v7e-m/nofp/libg_nano.a(lib_a-mlock.o)
 .debug_line    0x0000000000009db9      0x1c5 /usr/lib/gcc/arm-none-eabi/10.3.1/../../../arm-none-eabi/lib/thumb/v7e-m/nofp/libg_nano.a(lib_a-nano-reallocr.o)
 .debug_line    0x0000000000009f7e      0x188 /usr/lib/gcc/arm-none-eabi/10.3.1/../../../arm-none-eabi/lib/thumb/v7e-m/nofp/libg_nano.a(lib_a-readr.o)
 .debug_line    0x000000000000a106      0x2c7 /usr/lib/gcc/arm-none-eabi/10.3.1/../../../arm-none-eabi/lib/thumb/v7e-m/nofp/libg_nano.a(lib_a-reent.o)
 .debug_line    0x000000000000a3cd      0x160 /usr/lib/gcc/arm-none-eabi/10.3.1/../../../arm-none-eabi/lib/thumb/v7e-m/nofp/libg_nano.a(lib_a-nano-msizer.o)
 .debug_line    0x000000000000a52d       0x70 /usr/lib/gcc/arm-none-eabi/10.3.1/../../../arm-none-eabi/lib/thumb/v7e-m/nofp/libnosys.a(close.o)
 .debug_line    0x000000000000a59d      0x13a /usr/lib/gcc/arm-none-eabi/10.3.1/../../../arm-none-eabi/lib/thumb/v7e-m/nofp/libnosys.a(fstat.o)
 .debug_line    0x000000000000a6d7       0x71 /usr/lib/gcc/arm-none-eabi/10.3.1/../../../arm-none-eabi/lib/thumb/v7e-m/nofp/libnosys.a(isatty.o)
 .debug_line    0x000000000000a748       0x71 /usr/lib/gcc/arm-none-eabi/10.3.1/../../../arm-none-eabi/lib/thumb/v7e-m/nofp/libnosys.a(lseek.o)
 .debug_line    0x000000000000a7b9       0x70 /usr/lib/gcc/arm-none-eabi/10.3.1/../../../arm-none-eabi/lib/thumb/v7e-m/nofp/libnosys.a(read.o)
 .debug_line    0x000000000000a829       0x79 /usr/lib/gcc/arm-none-eabi/10.3.1/../../../arm-none-eabi/lib/thumb/v7e-m/nofp/libnosys.a(sbrk.o)

.debug_str      0x0000000000000000     0x857c
 .debug_str     0x0000000000000000      0xab0 ./build/user/at32f415_clock.o
                                        0xb44 (size before relaxing)
 .debug_str     0x0000000000000ab0       0xa7 ./build/user/at32f415_int.o
                                        0x1c7 (size before relaxing)
 .debug_str     0x0000000000000b57     0x150f ./build/user/main.o
                                       0x16f1 (size before relaxing)
 .debug_str     0x0000000000002066     0x123f ./firmware/at32f415_crm.o
                                       0x1ce0 (size before relaxing)
 .debug_str     0x00000000000032a5      0x16f ./firmware/at32f415_exint.o
                                        0x3d6 (size before relaxing)
 .debug_str     0x0000000000003414      0x707 ./firmware/at32f415_gpio.o
                                        0xff5 (size before relaxing)
 .debug_str     0x0000000000003b1b      0x44a ./firmware/at32f415_i2c.o
                                        0xae4 (size before relaxing)
 .debug_str     0x0000000000003f65      0x3ab ./firmware/at32f415_misc.o
                                        0x959 (size before relaxing)
 .debug_str     0x0000000000004310     0x17e9 ./firmware/at32f415_tmr.o
                                       0x1e1f (size before relaxing)
 .debug_str     0x0000000000005af9      0x73b ./firmware/at32f415_usart.o
                                        0xc07 (size before relaxing)
 .debug_str     0x0000000000006234       0x28 ./build/cmsis/startup_at32f415.o
                                         0x45 (size before relaxing)
 .debug_str     0x000000000000625c       0x63 ./build/cmsis/system_at32f415.o
                                        0x9e9 (size before relaxing)
 .debug_str     0x00000000000062bf      0x156 ./bsp/at32f415_board.o
                                       0x149f (size before relaxing)
 .debug_str     0x0000000000006415       0x37 ./bsp/i2c.o
                                       0x1197 (size before relaxing)
 .debug_str     0x000000000000644c      0x3ce ./bsp/i2c_application.o
                                        0xcb4 (size before relaxing)
 .debug_str     0x000000000000681a       0x4f ./bsp/timer1.o
                                        0xd10 (size before relaxing)
 .debug_str     0x0000000000006869       0x15 ./bsp/uid.o
                                        0x14e (size before relaxing)
 .debug_str     0x000000000000687e       0xa3 /usr/lib/gcc/arm-none-eabi/10.3.1/thumb/v7e-m/nofp/libgcc.a(_aeabi_uldivmod.o)
 .debug_str     0x0000000000006921      0x54d /usr/lib/gcc/arm-none-eabi/10.3.1/thumb/v7e-m/nofp/libgcc.a(_udivmoddi4.o)
                                        0x641 (size before relaxing)
 .debug_str     0x0000000000006e6e       0x30 /usr/lib/gcc/arm-none-eabi/10.3.1/thumb/v7e-m/nofp/libgcc.a(_dvmd_tls.o)
                                         0xa7 (size before relaxing)
 .debug_str     0x0000000000006e9e      0x437 /usr/lib/gcc/arm-none-eabi/10.3.1/../../../arm-none-eabi/lib/thumb/v7e-m/nofp/libg_nano.a(lib_a-impure.o)
                                        0x558 (size before relaxing)
 .debug_str     0x00000000000072d5       0xed /usr/lib/gcc/arm-none-eabi/10.3.1/../../../arm-none-eabi/lib/thumb/v7e-m/nofp/libg_nano.a(lib_a-init.o)
                                        0x205 (size before relaxing)
 .debug_str     0x00000000000073c2       0xae /usr/lib/gcc/arm-none-eabi/10.3.1/../../../arm-none-eabi/lib/thumb/v7e-m/nofp/libg_nano.a(lib_a-memset.o)
                                        0x1ba (size before relaxing)
 .debug_str     0x0000000000007470       0xcd /usr/lib/gcc/arm-none-eabi/10.3.1/../../../arm-none-eabi/lib/thumb/v7e-m/nofp/libg_nano.a(lib_a-printf.o)
                                        0x545 (size before relaxing)
 .debug_str     0x000000000000753d       0x47 /usr/lib/gcc/arm-none-eabi/10.3.1/../../../arm-none-eabi/lib/thumb/v7e-m/nofp/libg_nano.a(lib_a-putchar.o)
                                        0x524 (size before relaxing)
 .debug_str     0x0000000000007584       0x6e /usr/lib/gcc/arm-none-eabi/10.3.1/../../../arm-none-eabi/lib/thumb/v7e-m/nofp/libg_nano.a(lib_a-puts.o)
                                        0x58d (size before relaxing)